[1 of 1] Compiling Main             ( Main.hs, Main.o )
Setting phasers to stun... (port 3000) (ctrl-c to quit)
GHCi, version 7.10.2: http://www.haskell.org/ghc/  :? for help
module Main where
  bar ∷ Foo
  foo ∷ String
  main ∷ IO ()
  main ∷ IO ()
[Done]

[1 of 1] Compiling CaseReduceScript ( CaseReduceScript.hs, interpreted )
Ok, modules loaded: CaseReduceScript.
module Main where
  bar ∷ Foo
  foo ∷ String
  main ∷ IO ()
  main ∷ IO ()
[Done]

case bar of wild ▲
  Bar x f → show ▲ $fShowInt x
  Baz s → s
[Done]

case Bar (I# 5) (F# (__float 2.1)) of wild ▲
  Bar x f →
    show ▲ (D:Show ▲ showSignedInt $fShowInt_$cshow shows_$cshowList1)
         x
  Baz s → s
[Done]

show ▲ (D:Show ▲ showSignedInt $fShowInt_$cshow shows_$cshowList1)
     (I# 5)
[Done]

module Main where
  bar ∷ Foo
  foo ∷ String
  main ∷ IO ()
  main ∷ IO ()
[Done]

HERMIT> 
[Done]

Leaving GHCi.
ghc: user interrupt
Linking Main ...
[starting HERMIT-shell v0.1.0.0 on Main.hs]
[starting HERMIT v1.0.0.0 on Main.hs]
% ghc Main.hs -fforce-recomp -O2 -dcore-lint -fsimple-list-literals -fexpose-all-unfoldings -fplugin=HERMIT.GHCI -fplugin-opt=HERMIT.GHCI:Main: -fplugin-opt=HERMIT.GHCI:Main:CaseReduceScript.hs -fplugin-opt=HERMIT.GHCI:Main:resume
