[1 of 1] Compiling Main             ( Main.hs, Main.o )
Setting phasers to stun... (port 3000) (ctrl-c to quit)
GHCi, version 7.10.1: http://www.haskell.org/ghc/  :? for help
[94mmodule[0m[m [0m[mMain[0m[m [0m[94mwhere[0m[m
[0m[m  [0m[mbar[0m[m [0m[91m∷[0m[92m [0m[92mFoo[0m[m
[0m[m  [0m[mfoo[0m[m [0m[91m∷[0m[92m [0m[92mString[0m[m
[0m[m  [0m[mmain[0m[m [0m[91m∷[0m[92m [0m[92mIO[0m[m [0m[92m([0m[92m)[0m[m
[0m[m  [0m[mmain[0m[m [0m[91m∷[0m[92m [0m[92mIO[0m[m [0m[92m([0m[92m)[0m
[Done]

[1 of 1] Compiling CaseReduceScript ( CaseReduceScript.hs, interpreted )
Ok, modules loaded: CaseReduceScript.
[94mmodule[0m[m [0m[mMain[0m[m [0m[94mwhere[0m[m
[0m[m  [0m[mbar[0m[m [0m[91m∷[0m[92m [0m[92mFoo[0m[m
[0m[m  [0m[mfoo[0m[m [0m[91m∷[0m[92m [0m[92mString[0m[m
[0m[m  [0m[mmain[0m[m [0m[91m∷[0m[92m [0m[92mIO[0m[m [0m[92m([0m[92m)[0m[m
[0m[m  [0m[mmain[0m[m [0m[91m∷[0m[92m [0m[92mIO[0m[m [0m[92m([0m[92m)[0m
[Done]

[94mcase[0m[m [0m[mbar[0m[m [0m[94mof[0m[m [0m[mwild[0m[m [0m[92m▲[0m[92m
[0m[m  [0m[mBar[0m[m [0m[mx[0m[m [0m[mf[0m[m [0m[91m→[0m[91m [0m[mshow[0m[m [0m[92m▲[0m[92m [0m[m$fShowInt[0m[m [0m[mx[0m[m
[0m[m  [0m[mBaz[0m[m [0m[ms[0m[m [0m[91m→[0m[91m [0m[ms[0m
[Done]

[94mcase[0m[m [0m[mBar[0m[m [0m[91m([0m[mI#[0m[m [0m[m5[0m[91m)[0m[m [0m[91m([0m[mF#[0m[m [0m[91m([0m[m__float 2.1[0m[91m)[0m[91m)[0m[m [0m[94mof[0m[m [0m[mwild[0m[m [0m[92m▲[0m[92m
[0m[m  [0m[mBar[0m[m [0m[mx[0m[m [0m[mf[0m[m [0m[91m→[0m[91m
[0m[m    [0m[mshow[0m[m [0m[92m▲[0m[92m [0m[91m([0m[mD:Show[0m[m [0m[92m▲[0m[92m [0m[mshowSignedInt[0m[m [0m[m$fShowInt_$cshow[0m[m [0m[mshows_$cshowList1[0m[91m)[0m[m
[0m[m         [0m[mx[0m[m
[0m[m  [0m[mBaz[0m[m [0m[ms[0m[m [0m[91m→[0m[91m [0m[ms[0m
[Done]

[mshow[0m[m [0m[92m▲[0m[92m [0m[91m([0m[mD:Show[0m[m [0m[92m▲[0m[92m [0m[mshowSignedInt[0m[m [0m[m$fShowInt_$cshow[0m[m [0m[mshows_$cshowList1[0m[91m)[0m[m
[0m[m     [0m[91m([0m[mI#[0m[m [0m[m5[0m[91m)[0m
[Done]

[94mmodule[0m[m [0m[mMain[0m[m [0m[94mwhere[0m[m
[0m[m  [0m[mbar[0m[m [0m[91m∷[0m[92m [0m[92mFoo[0m[m
[0m[m  [0m[mfoo[0m[m [0m[91m∷[0m[92m [0m[92mString[0m[m
[0m[m  [0m[mmain[0m[m [0m[91m∷[0m[92m [0m[92mIO[0m[m [0m[92m([0m[92m)[0m[m
[0m[m  [0m[mmain[0m[m [0m[91m∷[0m[92m [0m[92mIO[0m[m [0m[92m([0m[92m)[0m
[Done]

HERMIT> 
[Done]

Leaving GHCi.
ghc: user interrupt
Linking Main ...
[starting HERMIT-shell v0.1.0.0 on Main.hs]
[starting HERMIT v1.0.0.0 on Main.hs]
% ghc Main.hs -fforce-recomp -O2 -dcore-lint -fsimple-list-literals -fexpose-all-unfoldings -fplugin=HERMIT.GHCI -fplugin-opt=HERMIT.GHCI:Main: -fplugin-opt=HERMIT.GHCI:Main:CaseReduceScript.hs -fplugin-opt=HERMIT.GHCI:Main:resume
