[1 of 1] Compiling Main             ( Fib.hs, Fib.o )
Setting phasers to stun... (port 3000) (ctrl-c to quit)
GHCi, version 7.10.3: http://www.haskell.org/ghc/  :? for help
module Main where
  unwrap ∷ (Nat → Nat) → Nat → (Nat, Nat)
  wrap ∷ (Nat → (Nat, Nat)) → Nat → Nat
  (+) ∷ Nat → Nat → Nat
  fib ∷ Nat → Nat
  fromInt ∷ Int → Nat
  toInt ∷ Nat → Int
  main ∷ IO ()
  main ∷ IO ()
[1 of 2] Compiling WWAssAScript     ( WWAssAScript.hs, interpreted )
[2 of 2] Compiling FibScript        ( FibScript.hs, interpreted )
Ok, modules loaded: FibScript, WWAssAScript.
module Main where
  unwrap ∷ (Nat → Nat) → Nat → (Nat, Nat)
  wrap ∷ (Nat → (Nat, Nat)) → Nat → Nat
  (+) ∷ Nat → Nat → Nat
  fib ∷ Nat → Nat
  fromInt ∷ Int → Nat
  toInt ∷ Nat → Int
  main ∷ IO ()
  main ∷ IO ()
fib = λ ds →
  case ds of wild ▲
    Z → Z
    S ds →
      case ds of wild ▲
        Z → S Z
        S n → (+) (fib (S n)) (fib n)
fib = λ ds →
  case ds of wild ▲
    Z → Z
    S ds →
      case ds of wild ▲
        Z → S Z
        S n → (+) (fib (S n)) (fib n)
fib =
  let f = λ fib ds →
        case ds of wild ▲
          Z → Z
          S ds →
            case ds of wild ▲
              Z → S Z
              S n → (+) (fib (S n)) (fib n)
      rec work = unwrap (f (wrap work))
  in wrap work
work = unwrap (f (wrap work))
'"{
    \"params\": [
        {
            \"params\": [
                \"origwork\"
            ],
            \"method\": \"remember\"
        }
    ],
    \"method\": \"query\"
}" [correct]

unwrap (f (wrap work))
λ n → unwrap (f (wrap work)) n
λ n → (,) ▲ ▲ (f (wrap work) n) (f (wrap work) (S n))
(,) ▲ ▲ (f (wrap work) n) (f (wrap work) (S n))
case n of w ▲
  Z → (,) ▲ ▲ (f (wrap work) Z) (f (wrap work) (S Z))
  S a → (,) ▲ ▲ (f (wrap work) (S a)) (f (wrap work) (S (S a)))
case n of w ▲
  Z → (,) ▲ ▲ (f (wrap work) Z) (f (wrap work) (S Z))
  S a → (,) ▲ ▲ (f (wrap work) (S a)) (f (wrap work) (S (S a)))
Z → (,) ▲ ▲ (f (wrap work) Z) (f (wrap work) (S Z))
Z →
  (,) ▲ ▲
      (case Z of wild ▲
         Z → Z
         S ds →
           case ds of wild ▲
             Z → S Z
             S n → (+) (wrap work (S n)) (wrap work n))
      (case S Z of wild ▲
         Z → Z
         S ds →
           case ds of wild ▲
             Z → S Z
             S n → (+) (wrap work (S n)) (wrap work n))
case n of w ▲
  Z →
    (,) ▲ ▲
        (case Z of wild ▲
           Z → Z
           S ds →
             case ds of wild ▲
               Z → S Z
               S n → (+) (wrap work (S n)) (wrap work n))
        (case S Z of wild ▲
           Z → Z
           S ds →
             case ds of wild ▲
               Z → S Z
               S n → (+) (wrap work (S n)) (wrap work n))
  S a → (,) ▲ ▲ (f (wrap work) (S a)) (f (wrap work) (S (S a)))
case n of w ▲
  Z →
    (,) ▲ ▲
        (case Z of wild ▲
           Z → Z
           S ds →
             case ds of wild ▲
               Z → S Z
               S n → (+) (wrap work (S n)) (wrap work n))
        (case S Z of wild ▲
           Z → Z
           S ds →
             case ds of wild ▲
               Z → S Z
               S n → (+) (wrap work (S n)) (wrap work n))
  S a → (,) ▲ ▲ (f (wrap work) (S a)) (f (wrap work) (S (S a)))
S a → (,) ▲ ▲ (f (wrap work) (S a)) (f (wrap work) (S (S a)))
(,) ▲ ▲ (f (wrap work) (S a)) (f (wrap work) (S (S a)))
f (wrap work) (S (S a))
case S (S a) of wild ▲
  Z → Z
  S ds →
    case ds of wild ▲
      Z → S Z
      S n → (+) (wrap work (S n)) (wrap work n)
case n of w ▲
  Z →
    (,) ▲ ▲
        (case Z of wild ▲
           Z → Z
           S ds →
             case ds of wild ▲
               Z → S Z
               S n → (+) (wrap work (S n)) (wrap work n))
        (case S Z of wild ▲
           Z → Z
           S ds →
             case ds of wild ▲
               Z → S Z
               S n → (+) (wrap work (S n)) (wrap work n))
  S a →
    (,) ▲ ▲ (f (wrap work) (S a))
        (case S (S a) of wild ▲
           Z → Z
           S ds →
             case ds of wild ▲
               Z → S Z
               S n → (+) (wrap work (S n)) (wrap work n))
case n of w ▲
  Z → (,) ▲ ▲ Z (S Z)
  S a →
    (,) ▲ ▲ (f (wrap work) (S a)) ((+) (wrap work (S a)) (wrap work a))
S a →
  (,) ▲ ▲ (f (wrap work) (S a)) ((+) (wrap work (S a)) (wrap work a))
(,) ▲ ▲ (f (wrap work) (S a)) ((+) (wrap work (S a)) (wrap work a))
(,) ▲ ▲ (f (wrap work) (S a)) ((+) (wrap work (S a)) (wrap work a))
(+) (wrap work (S a)) (wrap work a)
(+) (wrap (unwrap (f (wrap work))) (S a))
    (wrap (unwrap (f (wrap work))) a)
(,) ▲ ▲ (f (wrap work) (S a))
    ((+) (wrap (unwrap (f (wrap work))) (S a))
         (wrap (unwrap (f (wrap work))) a))
(,) ▲ ▲ (f (wrap work) (S a))
    ((+) (f (wrap work) (S a)) (f (wrap work) a))
(,) ▲ ▲ (f (wrap work) (S a))
    ((+) (f (wrap work) (S a)) (f (wrap work) a))
(+) (f (wrap work) (S a)) (f (wrap work) a)
f (wrap work) a
let x = f (wrap work) a in x
(,) ▲ ▲ (f (wrap work) (S a))
    ((+) (f (wrap work) (S a)) (let x = f (wrap work) a in x))
(,) ▲ ▲ (f (wrap work) (S a))
    ((+) (f (wrap work) (S a)) (let x = f (wrap work) a in x))
f (wrap work) (S a)
let y = f (wrap work) (S a) in y
(,) ▲ ▲ (let y = f (wrap work) (S a) in y)
    ((+) (f (wrap work) (S a)) (let x = f (wrap work) a in x))
let x = f (wrap work) a
    y = f (wrap work) (S a)
in (,) ▲ ▲ y ((+) (f (wrap work) (S a)) x)
let x = f (wrap work) a
    y = f (wrap work) (S a)
in (,) ▲ ▲ y ((+) (f (wrap work) (S a)) x)
let x = f (wrap work) a
    y = f (wrap work) (S a)
in (,) ▲ ▲ y ((+) y x)
case (,) ▲ ▲ (f (wrap work) a) (f (wrap work) (S a)) of xy ▲
  (,) x y → (,) ▲ ▲ y ((+) y x)
case unwrap (f (wrap work)) a of xy ▲
  (,) x y → (,) ▲ ▲ y ((+) y x)
case work a of xy ▲
  (,) x y → (,) ▲ ▲ y ((+) y x)
fib =
  let f = λ fib ds →
        case ds of wild ▲
          Z → Z
          S ds →
            case ds of wild ▲
              Z → S Z
              S n → (+) (fib (S n)) (fib n)
      rec work = λ n →
            case n of w ▲
              Z → (,) ▲ ▲ Z (S Z)
              S a →
                case work a of xy ▲
                  (,) x y → (,) ▲ ▲ y ((+) y x)
  in wrap work
fib =
  let f = λ fib ds →
        case ds of wild ▲
          Z → Z
          S ds →
            case ds of wild ▲
              Z → S Z
              S n → (+) (fib (S n)) (fib n)
      rec work = λ n →
            case n of w ▲
              Z → (,) ▲ ▲ Z (S Z)
              S a →
                case work a of xy ▲
                  (,) x y → (,) ▲ ▲ y ((+) y x)
  in wrap work
let f = λ fib ds →
      case ds of wild ▲
        Z → Z
        S ds →
          case ds of wild ▲
            Z → S Z
            S n → (+) (fib (S n)) (fib n)
    rec work = λ n →
          case n of w ▲
            Z → (,) ▲ ▲ Z (S Z)
            S a →
              case work a of xy ▲
                (,) x y → (,) ▲ ▲ y ((+) y x)
in wrap work
let rec work = λ n →
          case n of w ▲
            Z → (,) ▲ ▲ Z (S Z)
            S a →
              case work a of xy ▲
                (,) x y → (,) ▲ ▲ y ((+) y x)
in wrap work
fib =
  let rec work = λ n →
            case n of w ▲
              Z → (,) ▲ ▲ Z (S Z)
              S a →
                case work a of xy ▲
                  (,) x y → (,) ▲ ▲ y ((+) y x)
  in wrap work
fib =
  let rec work = λ n →
            case n of w ▲
              Z → (,) ▲ ▲ Z (S Z)
              S a →
                case work a of xy ▲
                  (,) x y → (,) ▲ ▲ y ((+) y x)
  in λ n → fst ▲ ▲ (work n)
HERMIT> Leaving GHCi.
ghc: user interrupt
Linking Fib ...
[starting HERMIT-shell v0.1.0.0 on Fib.hs]
[starting HERMIT v1.0.0.1 on Fib.hs]
% ghc Fib.hs -fforce-recomp -O2 -dcore-lint -fsimple-list-literals -fexpose-all-unfoldings -fplugin=HERMIT.GHCI -fplugin-opt=HERMIT.GHCI:Main: -fplugin-opt=HERMIT.GHCI:Main:FibScript.hs -fplugin-opt=HERMIT.GHCI:Main:resume -w
