[1 of 1] Compiling Main             ( Fib.hs, Fib.o )
Setting phasers to stun... (port 3000) (ctrl-c to quit)
GHCi, version 7.10.1: http://www.haskell.org/ghc/  :? for help
[94mmodule[0m[m [0m[mMain[0m[m [0m[94mwhere[0m[m
[0m[m  [0m[mfib[0m[m [0m[91m∷[0m[92m [0m[92mInt[0m[m [0m[91m→[0m[92m [0m[92mInt[0m[m
[0m[m  [0m[mmain[0m[m [0m[91m∷[0m[92m [0m[92mIO[0m[m [0m[92m([0m[92m)[0m[m
[0m[m  [0m[mmain[0m[m [0m[91m∷[0m[92m [0m[92mIO[0m[m [0m[92m([0m[92m)[0m
[Done]

[1 of 1] Compiling FibScript        ( FibScript.hs, interpreted )
Ok, modules loaded: FibScript.
[mfib[0m[m [0m[91m=[0m[m [0m[91mλ[0m[91m [0m[mds[0m[m [0m[91m→[0m[91m
[0m[m  [0m[94mcase[0m[m [0m[mds[0m[m [0m[94mof[0m[m [0m[mwild[0m[m [0m[92m▲[0m[92m
[0m[m    [0m[mI#[0m[m [0m[mds[0m[m [0m[91m→[0m[91m
[0m[m      [0m[94mcase[0m[m [0m[mds[0m[m [0m[94mof[0m[m [0m[mds[0m[m [0m[92m▲[0m[92m
[0m[m        [0m[91m_[0m[m [0m[91m→[0m[91m
[0m[m          [0m[91m([0m[91mλ[0m[91m [0m[mds[0m[m [0m[91m→[0m[91m
[0m[m             [0m[91m([0m[m+[0m[91m)[0m[m [0m[92m▲[0m[92m [0m[m$fNumInt[0m[m [0m[91m([0m[mfib[0m[m [0m[91m([0m[91m([0m[m-[0m[91m)[0m[m [0m[92m▲[0m[92m [0m[m$fNumInt[0m[m [0m[mds[0m[m [0m[91m([0m[mI#[0m[m [0m[m1[0m[91m)[0m[91m)[0m[91m)[0m[m
[0m[m                 [0m[91m([0m[mfib[0m[m [0m[91m([0m[91m([0m[m-[0m[91m)[0m[m [0m[92m▲[0m[92m [0m[m$fNumInt[0m[m [0m[mds[0m[m [0m[91m([0m[mI#[0m[m [0m[m2[0m[91m)[0m[91m)[0m[91m)[0m[91m)[0m[m [0m[mvoid#[0m[m
[0m[m        [0m[m0[0m[m [0m[91m→[0m[91m [0m[mI#[0m[m [0m[m1[0m[m
[0m[m        [0m[m1[0m[m [0m[91m→[0m[91m [0m[mI#[0m[m [0m[m1[0m
[Done]

'"{
    \"params\": [
        {
            \"params\": [
                \"orig-fib\"
            ],
            \"method\": \"remember\"
        }
    ],
    \"method\": \"query\"
}" [correct]

[Done]

[mfib[0m[m [0m[91m=[0m[m [0m[91mλ[0m[91m [0m[mds[0m[m [0m[91m→[0m[91m
[0m[m  [0m[94mcase[0m[m [0m[mds[0m[m [0m[94mof[0m[m [0m[mwild[0m[m [0m[92m▲[0m[92m
[0m[m    [0m[mI#[0m[m [0m[mds[0m[m [0m[91m→[0m[91m
[0m[m      [0m[94mcase[0m[m [0m[mds[0m[m [0m[94mof[0m[m [0m[mds[0m[m [0m[92m▲[0m[92m
[0m[m        [0m[91m_[0m[m [0m[91m→[0m[91m
[0m[m          [0m[91m([0m[91mλ[0m[91m [0m[mds[0m[m [0m[91m→[0m[91m
[0m[m             [0m[91m([0m[m+[0m[91m)[0m[m [0m[92m▲[0m[92m [0m[m$fNumInt[0m[m
[0m[m                 [0m[91m([0m[94mcase[0m[m [0m[91m([0m[m-[0m[91m)[0m[m [0m[92m▲[0m[92m [0m[m$fNumInt[0m[m [0m[mds[0m[m [0m[91m([0m[mI#[0m[m [0m[m1[0m[91m)[0m[m [0m[94mof[0m[m [0m[mwild[0m[m [0m[92m▲[0m[92m
[0m[m                    [0m[mI#[0m[m [0m[mds[0m[m [0m[91m→[0m[91m
[0m[m                      [0m[94mcase[0m[m [0m[mds[0m[m [0m[94mof[0m[m [0m[mds[0m[m [0m[92m▲[0m[92m
[0m[m                        [0m[91m_[0m[m [0m[91m→[0m[91m
[0m[m                          [0m[91m([0m[91mλ[0m[91m [0m[mds[0m[m [0m[91m→[0m[91m
[0m[m                             [0m[91m([0m[m+[0m[91m)[0m[m [0m[92m▲[0m[92m [0m[m$fNumInt[0m[m
[0m[m                                 [0m[91m([0m[mfib[0m[m [0m[91m([0m[91m([0m[m-[0m[91m)[0m[m [0m[92m▲[0m[92m [0m[m$fNumInt[0m[m [0m[91m([0m[91m([0m[m-[0m[91m)[0m[m [0m[92m▲[0m[92m [0m[m$fNumInt[0m[m [0m[mds[0m[m [0m[91m([0m[mI#[0m[m [0m[m1[0m[91m)[0m[91m)[0m[m
[0m[m                                           [0m[91m([0m[mI#[0m[m [0m[m1[0m[91m)[0m[91m)[0m[91m)[0m[m
[0m[m                                 [0m[91m([0m[mfib[0m[m [0m[91m([0m[91m([0m[m-[0m[91m)[0m[m [0m[92m▲[0m[92m [0m[m$fNumInt[0m[m [0m[91m([0m[91m([0m[m-[0m[91m)[0m[m [0m[92m▲[0m[92m [0m[m$fNumInt[0m[m [0m[mds[0m[m [0m[91m([0m[mI#[0m[m [0m[m1[0m[91m)[0m[91m)[0m[m
[0m[m                                           [0m[91m([0m[mI#[0m[m [0m[m2[0m[91m)[0m[91m)[0m[91m)[0m[91m)[0m[m [0m[mvoid#[0m[m
[0m[m                        [0m[m0[0m[m [0m[91m→[0m[91m [0m[mI#[0m[m [0m[m1[0m[m
[0m[m                        [0m[m1[0m[m [0m[91m→[0m[91m [0m[mI#[0m[m [0m[m1[0m[91m)[0m[m
[0m[m                 [0m[91m([0m[94mcase[0m[m [0m[91m([0m[m-[0m[91m)[0m[m [0m[92m▲[0m[92m [0m[m$fNumInt[0m[m [0m[mds[0m[m [0m[91m([0m[mI#[0m[m [0m[m2[0m[91m)[0m[m [0m[94mof[0m[m [0m[mwild[0m[m [0m[92m▲[0m[92m
[0m[m                    [0m[mI#[0m[m [0m[mds[0m[m [0m[91m→[0m[91m
[0m[m                      [0m[94mcase[0m[m [0m[mds[0m[m [0m[94mof[0m[m [0m[mds[0m[m [0m[92m▲[0m[92m
[0m[m                        [0m[91m_[0m[m [0m[91m→[0m[91m
[0m[m                          [0m[91m([0m[91mλ[0m[91m [0m[mds[0m[m [0m[91m→[0m[91m
[0m[m                             [0m[91m([0m[m+[0m[91m)[0m[m [0m[92m▲[0m[92m [0m[m$fNumInt[0m[m
[0m[m                                 [0m[91m([0m[mfib[0m[m [0m[91m([0m[91m([0m[m-[0m[91m)[0m[m [0m[92m▲[0m[92m [0m[m$fNumInt[0m[m [0m[91m([0m[91m([0m[m-[0m[91m)[0m[m [0m[92m▲[0m[92m [0m[m$fNumInt[0m[m [0m[mds[0m[m [0m[91m([0m[mI#[0m[m [0m[m2[0m[91m)[0m[91m)[0m[m
[0m[m                                           [0m[91m([0m[mI#[0m[m [0m[m1[0m[91m)[0m[91m)[0m[91m)[0m[m
[0m[m                                 [0m[91m([0m[mfib[0m[m [0m[91m([0m[91m([0m[m-[0m[91m)[0m[m [0m[92m▲[0m[92m [0m[m$fNumInt[0m[m [0m[91m([0m[91m([0m[m-[0m[91m)[0m[m [0m[92m▲[0m[92m [0m[m$fNumInt[0m[m [0m[mds[0m[m [0m[91m([0m[mI#[0m[m [0m[m2[0m[91m)[0m[91m)[0m[m
[0m[m                                           [0m[91m([0m[mI#[0m[m [0m[m2[0m[91m)[0m[91m)[0m[91m)[0m[91m)[0m[m [0m[mvoid#[0m[m
[0m[m                        [0m[m0[0m[m [0m[91m→[0m[91m [0m[mI#[0m[m [0m[m1[0m[m
[0m[m                        [0m[m1[0m[m [0m[91m→[0m[91m [0m[mI#[0m[m [0m[m1[0m[91m)[0m[91m)[0m[m [0m[mvoid#[0m[m
[0m[m        [0m[m0[0m[m [0m[91m→[0m[91m [0m[mI#[0m[m [0m[m1[0m[m
[0m[m        [0m[m1[0m[m [0m[91m→[0m[91m [0m[mI#[0m[m [0m[m1[0m
[Done]


[Done]

HERMIT> 
[Done]

Leaving GHCi.
ghc: user interrupt
Linking Fib ...
[starting HERMIT-shell v0.1.0.0 on Fib.hs]
[starting HERMIT v1.0.0.0 on Fib.hs]
% ghc Fib.hs -fforce-recomp -O2 -dcore-lint -fsimple-list-literals -fexpose-all-unfoldings -fplugin=HERMIT.GHCI -fplugin-opt=HERMIT.GHCI:Main: -fplugin-opt=HERMIT.GHCI:Main:FibScript.hs -fplugin-opt=HERMIT.GHCI:Main:resume
