[1 of 1] Compiling Main             ( Last.hs, Last.o )
Setting phasers to stun... (port 3000) (ctrl-c to quit)
GHCi, version 7.10.1: http://www.haskell.org/ghc/  :? for help
[94mmodule[0m[94m [0m[94mMain [0m[94mwhere[0m[94m
  [0m[mlast[0m[m [0m[91m∷[0m[92m [0m[91m∀[0m[91m [0m[92ma[0m[92m [0m[91m.[0m[91m [0m[92m[[0m[92ma[0m[92m][0m[92m [0m[91m→[0m[92m [0m[92ma[0m[92m
  [0m[mwrap[0m[m [0m[91m∷[0m[92m [0m[91m∀[0m[91m [0m[92ma[0m[92m [0m[91m.[0m[91m [0m[91m([0m[92ma[0m[92m [0m[91m→[0m[92m [0m[92m[[0m[92ma[0m[92m][0m[92m [0m[91m→[0m[92m [0m[92ma[0m[91m)[0m[91m [0m[91m→[0m[92m [0m[92m[[0m[92ma[0m[92m][0m[92m [0m[91m→[0m[92m [0m[92ma[0m[92m
  [0m[munwrap[0m[m [0m[91m∷[0m[92m [0m[91m∀[0m[91m [0m[92ma[0m[92m [0m[91m.[0m[91m [0m[91m([0m[92m[[0m[92ma[0m[92m][0m[92m [0m[91m→[0m[92m [0m[92ma[0m[91m)[0m[91m [0m[91m→[0m[92m [0m[92ma[0m[92m [0m[91m→[0m[92m [0m[92m[[0m[92ma[0m[92m][0m[92m [0m[91m→[0m[92m [0m[92ma[0m[92m
  [0m[mmain[0m[m [0m[91m∷[0m[92m [0m[92mIO[0m[92m [0m[92m([0m[92m)[0m[92m
  [0m[mmain[0m[m [0m[91m∷[0m[92m [0m[92mIO[0m[92m [0m[92m([0m[92m)[0m
[Done]

[1 of 2] Compiling WWAssBScript     ( WWAssBScript.hs, interpreted )
[2 of 2] Compiling LastScript       ( LastScript.hs, interpreted )
Ok, modules loaded: LastScript, WWAssBScript.
[94mmodule[0m[94m [0m[94mMain [0m[94mwhere[0m[94m
  [0m[mlast[0m[m [0m[91m∷[0m[92m [0m[91m∀[0m[91m [0m[92ma[0m[92m [0m[91m.[0m[91m [0m[92m[[0m[92ma[0m[92m][0m[92m [0m[91m→[0m[92m [0m[92ma[0m[92m
  [0m[mwrap[0m[m [0m[91m∷[0m[92m [0m[91m∀[0m[91m [0m[92ma[0m[92m [0m[91m.[0m[91m [0m[91m([0m[92ma[0m[92m [0m[91m→[0m[92m [0m[92m[[0m[92ma[0m[92m][0m[92m [0m[91m→[0m[92m [0m[92ma[0m[91m)[0m[91m [0m[91m→[0m[92m [0m[92m[[0m[92ma[0m[92m][0m[92m [0m[91m→[0m[92m [0m[92ma[0m[92m
  [0m[munwrap[0m[m [0m[91m∷[0m[92m [0m[91m∀[0m[91m [0m[92ma[0m[92m [0m[91m.[0m[91m [0m[91m([0m[92m[[0m[92ma[0m[92m][0m[92m [0m[91m→[0m[92m [0m[92ma[0m[91m)[0m[91m [0m[91m→[0m[92m [0m[92ma[0m[92m [0m[91m→[0m[92m [0m[92m[[0m[92ma[0m[92m][0m[92m [0m[91m→[0m[92m [0m[92ma[0m[92m
  [0m[mmain[0m[m [0m[91m∷[0m[92m [0m[92mIO[0m[92m [0m[92m([0m[92m)[0m[92m
  [0m[mmain[0m[m [0m[91m∷[0m[92m [0m[92mIO[0m[92m [0m[92m([0m[92m)[0m
[Done]

[mlast[0m[m [0m[91m=[0m[91m [0m[91mλ[0m[91m [0m[91m△[0m[92m [0m[mds[0m[m [0m[91m→[0m[91m
  [0m[94mcase[0m[94m [0m[mds[0m[m [0m[94mof[0m[94m [0m[mwild[0m[m [0m[92m▲[0m[92m
    [0m[m[][0m[m [0m[91m→[0m[91m [0m[mundefined[0m[m [0m[92m▲[0m[92m
    [0m[91m([0m[m:[0m[91m)[0m[91m [0m[ma[0m[m [0m[mds[0m[m [0m[91m→[0m[91m
      [0m[94mcase[0m[94m [0m[mds[0m[m [0m[94mof[0m[94m [0m[mwild[0m[m [0m[92m▲[0m[92m
        [0m[m[][0m[m [0m[91m→[0m[91m [0m[ma[0m[m
        [0m[91m([0m[m:[0m[91m)[0m[91m [0m[ma[0m[m [0m[mas[0m[m [0m[91m→[0m[91m [0m[mlast[0m[m [0m[92m▲[0m[92m [0m[91m([0m[91m([0m[m:[0m[91m)[0m[91m [0m[92m▲[0m[92m [0m[ma[0m[m [0m[mas[0m[91m)[0m
[Done]

[mlast[0m[m [0m[91m=[0m[91m [0m[91mλ[0m[91m [0m[91m△[0m[92m [0m[mds[0m[m [0m[91m→[0m[91m
  [0m[91m([0m[94mlet[0m[94m [0m[mf[0m[m [0m[91m=[0m[91m [0m[91mλ[0m[91m [0m[mlast'[0m[m [0m[mds[0m[m [0m[91m→[0m[91m
         [0m[94mcase[0m[94m [0m[mds[0m[m [0m[94mof[0m[94m [0m[mwild[0m[m [0m[92m▲[0m[92m
           [0m[m[][0m[m [0m[91m→[0m[91m [0m[mundefined[0m[m [0m[92m▲[0m[92m
           [0m[91m([0m[m:[0m[91m)[0m[91m [0m[ma[0m[m [0m[mds[0m[m [0m[91m→[0m[91m
             [0m[94mcase[0m[94m [0m[mds[0m[m [0m[94mof[0m[94m [0m[mwild[0m[m [0m[92m▲[0m[92m
               [0m[m[][0m[m [0m[91m→[0m[91m [0m[ma[0m[m
               [0m[91m([0m[m:[0m[91m)[0m[91m [0m[ma[0m[m [0m[mas[0m[m [0m[91m→[0m[91m [0m[mlast'[0m[m [0m[91m([0m[91m([0m[m:[0m[91m)[0m[91m [0m[92m▲[0m[92m [0m[ma[0m[m [0m[mas[0m[91m)[0m[91m
       [0m[94mrec[0m[94m [0m[mwork[0m[m [0m[91m=[0m[91m [0m[munwrap[0m[m [0m[92m▲[0m[92m [0m[91m([0m[mf[0m[m [0m[91m([0m[mwrap[0m[m [0m[92m▲[0m[92m [0m[mwork[0m[91m)[0m[91m)[0m[91m
   [0m[94min[0m[94m [0m[mwrap[0m[m [0m[92m▲[0m[92m [0m[mwork[0m[91m)[0m[91m [0m[mds[0m
[Done]

[mlast[0m[m [0m[91m=[0m[91m [0m[91mλ[0m[91m [0m[91m△[0m[92m [0m[91m→[0m[91m
  [0m[94mlet[0m[94m [0m[94mrec[0m[94m [0m[mwork[0m[m [0m[91m=[0m[91m [0m[91mλ[0m[91m [0m[ma[0m[m [0m[mas[0m[m [0m[91m→[0m[91m
            [0m[94mcase[0m[94m [0m[mas[0m[m [0m[94mof[0m[94m [0m[mwild[0m[m [0m[92m▲[0m[92m
              [0m[m[][0m[m [0m[91m→[0m[91m [0m[ma[0m[m
              [0m[91m([0m[m:[0m[91m)[0m[91m [0m[ma[0m[m [0m[mas[0m[m [0m[91m→[0m[91m [0m[mwork[0m[m [0m[ma[0m[m [0m[mas[0m[m
  [0m[94min[0m[94m [0m[91mλ[0m[91m [0m[mds[0m[m [0m[91m→[0m[91m
       [0m[94mcase[0m[94m [0m[mds[0m[m [0m[94mof[0m[94m [0m[mwild[0m[m [0m[92m▲[0m[92m
         [0m[m[][0m[m [0m[91m→[0m[91m [0m[mundefined[0m[m [0m[92m▲[0m[92m
         [0m[91m([0m[m:[0m[91m)[0m[91m [0m[ma[0m[m [0m[mas[0m[m [0m[91m→[0m[91m [0m[mwork[0m[m [0m[ma[0m[m [0m[mas[0m
[Done]

[mlast[0m[m [0m[91m=[0m[91m [0m[91mλ[0m[91m [0m[91m△[0m[92m [0m[91m→[0m[91m
  [0m[94mlet[0m[94m [0m[94mrec[0m[94m [0m[mwork[0m[m [0m[91m=[0m[91m [0m[91mλ[0m[91m [0m[ma0[0m[m [0m[mas[0m[m [0m[91m→[0m[91m
            [0m[94mcase[0m[94m [0m[mas[0m[m [0m[94mof[0m[94m [0m[mwild[0m[m [0m[92m▲[0m[92m
              [0m[m[][0m[m [0m[91m→[0m[91m [0m[ma0[0m[m
              [0m[91m([0m[m:[0m[91m)[0m[91m [0m[ma1[0m[m [0m[mas0[0m[m [0m[91m→[0m[91m [0m[mwork[0m[m [0m[ma1[0m[m [0m[mas0[0m[m
  [0m[94min[0m[94m [0m[91mλ[0m[91m [0m[mds[0m[m [0m[91m→[0m[91m
       [0m[94mcase[0m[94m [0m[mds[0m[m [0m[94mof[0m[94m [0m[mwild[0m[m [0m[92m▲[0m[92m
         [0m[m[][0m[m [0m[91m→[0m[91m [0m[mundefined[0m[m [0m[92m▲[0m[92m
         [0m[91m([0m[m:[0m[91m)[0m[91m [0m[ma0[0m[m [0m[mas[0m[m [0m[91m→[0m[91m [0m[mwork[0m[m [0m[ma0[0m[m [0m[mas[0m
[Done]

HERMIT> 
[Done]

Leaving GHCi.
ghc: user interrupt
Linking Last ...
[starting HERMIT-shell v0.1.0.0 on Last.hs]
[starting HERMIT v1.0.0.0 on Last.hs]
% ghc Last.hs -fforce-recomp -O2 -dcore-lint -fsimple-list-literals -fexpose-all-unfoldings -fplugin=HERMIT.GHCI -fplugin-opt=HERMIT.GHCI:Main: -fplugin-opt=HERMIT.GHCI:Main:LastScript.hs -fplugin-opt=HERMIT.GHCI:Main:resume
