[1 of 1] Compiling ListLaws         ( ListLaws.hs, ListLaws.o )
Setting phasers to stun... (port 3000) (ctrl-c to quit)
GHCi, version 7.10.2: http://www.haskell.org/ghc/  :? for help
module ListLaws where
  mempt ∷ ∀ a . [a]
  (++) ∷ ∀ a . [a] → [a] → [a]
  mappen ∷ ∀ a . [a] → [a] → [a]
  toList ∷ ∀ a . a → [a]
  concat ∷ ∀ a . [[a]] → [a]
  map ∷ ∀ a b . (a → b) → [a] → [b]
  retur ∷ ∀ a . a → [a]
  bind ∷ ∀ a b . [a] → (a → [b]) → [b]
[Done]

[1 of 1] Compiling VerifyMapNonemptyScript ( VerifyMapNonemptyScript.hs, interpreted )
Ok, modules loaded: VerifyMapNonemptyScript.
map-nonempty (Not Proven)
  ∀ △ △ f a as. map ▲ ▲ f ((:) ▲ a as) ≡ (:) ▲ (f a) (map ▲ ▲ f as)
[Done]

Goal:
  ∀ △ △ f a as. map ▲ ▲ f ((:) ▲ a as) ≡ (:) ▲ (f a) (map ▲ ▲ f as)
[Done]

Goal:
  ∀ △ △ f a as. map ▲ ▲ f ((:) ▲ a as) ≡ (:) ▲ (f a) (map ▲ ▲ f as)
[Done]

Goal:
  map ▲ ▲ f ((:) ▲ a as) ≡ (:) ▲ (f a) (map ▲ ▲ f as)
[Done]

Goal:
  case (:) ▲ a as of wild ▲
    [] → [] ▲
    (:) a as → (:) ▲ (f a) (map ▲ ▲ f as)
  ≡
  (:) ▲ (f a) (map ▲ ▲ f as)
[Done]

Goal:
  true
[Done]

Goal:
  ∀ △ △ f a as. true
[Done]

Successfully proven: map-nonempty
module ListLaws where
  mempt ∷ ∀ a . [a]
  (++) ∷ ∀ a . [a] → [a] → [a]
  mappen ∷ ∀ a . [a] → [a] → [a]
  toList ∷ ∀ a . a → [a]
  concat ∷ ∀ a . [[a]] → [a]
  map ∷ ∀ a b . (a → b) → [a] → [b]
  retur ∷ ∀ a . a → [a]
  bind ∷ ∀ a b . [a] → (a → [b]) → [b]
[Done]

HERMIT> 
[Done]

Leaving GHCi.
ghc: user interrupt
[starting HERMIT-shell v0.1.0.0 on ListLaws.hs]
[starting HERMIT v1.0.0.0 on ListLaws.hs]
% ghc ListLaws.hs -fforce-recomp -O2 -dcore-lint -fsimple-list-literals -fexpose-all-unfoldings -fplugin=HERMIT.GHCI -fplugin-opt=HERMIT.GHCI:ListLaws: -fplugin-opt=HERMIT.GHCI:ListLaws:VerifyMapNonemptyScript.hs -fplugin-opt=HERMIT.GHCI:ListLaws:resume -w
