[1 of 1] Compiling ListLaws         ( ListLaws.hs, ListLaws.o )
Setting phasers to stun... (port 3000) (ctrl-c to quit)
GHCi, version 7.10.2: http://www.haskell.org/ghc/  :? for help
module ListLaws where
  mempt ∷ ∀ a . [a]
  (++) ∷ ∀ a . [a] → [a] → [a]
  mappen ∷ ∀ a . [a] → [a] → [a]
  toList ∷ ∀ a . a → [a]
  concat ∷ ∀ a . [[a]] → [a]
  map ∷ ∀ a b . (a → b) → [a] → [b]
  retur ∷ ∀ a . a → [a]
  bind ∷ ∀ a b . [a] → (a → [b]) → [b]
[1 of 1] Compiling VerifyAppendNilScript ( VerifyAppendNilScript.hs, interpreted )
Ok, modules loaded: VerifyAppendNilScript.
append-nil (Not Proven)
  ∀ △ xs. (++) ▲ xs ([] ▲) ≡ xs
Goal:
  ∀ △ xs. (++) ▲ xs ([] ▲) ≡ xs
Goal:
  ∀ △.
  ((++) ▲ (undefined ▲) ([] ▲) ≡ undefined ▲)
  ∧
  (((++) ▲ ([] ▲) ([] ▲) ≡ [] ▲)
   ∧
   (∀ a b.
    ((++) ▲ b ([] ▲) ≡ b) ⇒ ((++) ▲ ((:) ▲ a b) ([] ▲) ≡ (:) ▲ a b)))
Goal:
  ∀ △.
  ((++) ▲ (undefined ▲) ([] ▲) ≡ undefined ▲)
  ∧
  (((++) ▲ ([] ▲) ([] ▲) ≡ [] ▲)
   ∧
   (∀ a b.
    ((++) ▲ b ([] ▲) ≡ b) ⇒ ((++) ▲ ((:) ▲ a b) ([] ▲) ≡ (:) ▲ a b)))
Goal:
  ((++) ▲ (undefined ▲) ([] ▲) ≡ undefined ▲)
  ∧
  (((++) ▲ ([] ▲) ([] ▲) ≡ [] ▲)
   ∧
   (∀ a b.
    ((++) ▲ b ([] ▲) ≡ b) ⇒ ((++) ▲ ((:) ▲ a b) ([] ▲) ≡ (:) ▲ a b)))
Goal:
  (true)
  ∧
  (((++) ▲ ([] ▲) ([] ▲) ≡ [] ▲)
   ∧
   (∀ a b.
    ((++) ▲ b ([] ▲) ≡ b) ⇒ ((++) ▲ ((:) ▲ a b) ([] ▲) ≡ (:) ▲ a b)))
Goal:
  (true)
  ∧
  ((true)
   ∧
   (∀ a b.
    ((++) ▲ b ([] ▲) ≡ b) ⇒ ((++) ▲ ((:) ▲ a b) ([] ▲) ≡ (:) ▲ a b)))
Goal:
  (true)
  ∧
  ((true) ∧ (∀ a b. ((++) ▲ b ([] ▲) ≡ b) ⇒ ((:) ▲ a b ≡ (:) ▲ a b)))
Goal:
  ∀ △.
  (true)
  ∧
  ((true) ∧ (∀ a b. ((++) ▲ b ([] ▲) ≡ b) ⇒ ((:) ▲ a b ≡ (:) ▲ a b)))
Successfully proven: append-nil

module ListLaws where
  mempt ∷ ∀ a . [a]
  (++) ∷ ∀ a . [a] → [a] → [a]
  mappen ∷ ∀ a . [a] → [a] → [a]
  toList ∷ ∀ a . a → [a]
  concat ∷ ∀ a . [[a]] → [a]
  map ∷ ∀ a b . (a → b) → [a] → [b]
  retur ∷ ∀ a . a → [a]
  bind ∷ ∀ a b . [a] → (a → [b]) → [b]
HERMIT> Leaving GHCi.
ghc: user interrupt
[starting HERMIT-shell v0.1.0.0 on ListLaws.hs]
[starting HERMIT v1.0.0.0 on ListLaws.hs]
% ghc ListLaws.hs -fforce-recomp -O2 -dcore-lint -fsimple-list-literals -fexpose-all-unfoldings -fplugin=HERMIT.GHCI -fplugin-opt=HERMIT.GHCI:ListLaws: -fplugin-opt=HERMIT.GHCI:ListLaws:VerifyAppendNilScript.hs -fplugin-opt=HERMIT.GHCI:ListLaws:resume -w
