[1 of 1] Compiling ListLaws         ( ListLaws.hs, ListLaws.o )

ListLaws.hs:5:11: Warning:
    Rule "left-unit" may never fire because ‘bind’ might inline first
    Probable fix: add an INLINE[n] or NOINLINE[n] pragma on ‘bind’

ListLaws.hs:7:11: Warning:
    Rule "right-unit" may never fire because ‘bind’ might inline first
    Probable fix: add an INLINE[n] or NOINLINE[n] pragma on ‘bind’

ListLaws.hs:9:11: Warning:
    Rule "monad-assoc" may never fire because ‘bind’ might inline first
    Probable fix: add an INLINE[n] or NOINLINE[n] pragma on ‘bind’

ListLaws.hs:10:11: Warning:
    Rule "monoid-left" may never fire
      because ‘mappen’ might inline first
    Probable fix: add an INLINE[n] or NOINLINE[n] pragma on ‘mappen’

ListLaws.hs:12:11: Warning:
    Rule "monoid-right" may never fire
      because ‘mappen’ might inline first
    Probable fix: add an INLINE[n] or NOINLINE[n] pragma on ‘mappen’

ListLaws.hs:14:11: Warning:
    Rule "monoid-assoc" may never fire
      because ‘mappen’ might inline first
    Probable fix: add an INLINE[n] or NOINLINE[n] pragma on ‘mappen’

ListLaws.hs:16:11: Warning:
    Rule "nil-append" may never fire because ‘++’ might inline first
    Probable fix: add an INLINE[n] or NOINLINE[n] pragma on ‘++’

ListLaws.hs:17:11: Warning:
    Rule "append-nil" may never fire because ‘++’ might inline first
    Probable fix: add an INLINE[n] or NOINLINE[n] pragma on ‘++’

ListLaws.hs:18:11: Warning:
    Rule "append-nonempty" may never fire
      because ‘GHC.Types.:’ might inline first
    Probable fix: add an INLINE[n] or NOINLINE[n] pragma on ‘GHC.Types.:’

ListLaws.hs:19:11: Warning:
    Rule "append-assoc" may never fire because ‘++’ might inline first
    Probable fix: add an INLINE[n] or NOINLINE[n] pragma on ‘++’

ListLaws.hs:21:11: Warning:
    Rule "concat-unit" may never fire
      because ‘concat’ might inline first
    Probable fix: add an INLINE[n] or NOINLINE[n] pragma on ‘concat’

ListLaws.hs:22:11: Warning:
    Rule "concat-of-toList" may never fire
      because ‘concat’ might inline first
    Probable fix: add an INLINE[n] or NOINLINE[n] pragma on ‘concat’

ListLaws.hs:24:11: Warning:
    Rule "map-nonempty" may never fire because ‘map’ might inline first
    Probable fix: add an INLINE[n] or NOINLINE[n] pragma on ‘map’

ListLaws.hs:29:12: Warning:
    Rule "map-compose" may never fire because ‘map’ might inline first
    Probable fix: add an INLINE[n] or NOINLINE[n] pragma on ‘map’

ListLaws.hs:31:12: Warning:
    Rule "map-append" may never fire because ‘map’ might inline first
    Probable fix: add an INLINE[n] or NOINLINE[n] pragma on ‘map’

ListLaws.hs:32:12: Warning:
    Rule "map-concat" may never fire because ‘map’ might inline first
    Probable fix: add an INLINE[n] or NOINLINE[n] pragma on ‘map’

ListLaws.hs:33:12: Warning:
    Rule "concat-concat" may never fire
      because ‘concat’ might inline first
    Probable fix: add an INLINE[n] or NOINLINE[n] pragma on ‘concat’

ListLaws.hs:34:12: Warning:
    Rule "concat-append" may never fire
      because ‘concat’ might inline first
    Probable fix: add an INLINE[n] or NOINLINE[n] pragma on ‘concat’

ListLaws.hs:35:12: Warning:
    Rule "concat-nonempty" may never fire
      because ‘concat’ might inline first
    Probable fix: add an INLINE[n] or NOINLINE[n] pragma on ‘concat’
Setting phasers to stun... (port 3000) (ctrl-c to quit)
GHCi, version 7.10.1: http://www.haskell.org/ghc/  :? for help
[94mmodule[0m[m [0m[mListLaws[0m[m [0m[94mwhere[0m[m
[0m[m  [0m[mmempt[0m[m [0m[91m∷[0m[92m [0m[91m∀[0m[91m [0m[92ma[0m[m [0m[91m.[0m[m [0m[92m[[0m[92ma[0m[92m][0m[m
[0m[m  [0m[91m([0m[m++[0m[91m)[0m[m [0m[91m∷[0m[92m [0m[91m∀[0m[91m [0m[92ma[0m[m [0m[91m.[0m[m [0m[92m[[0m[92ma[0m[92m][0m[m [0m[91m→[0m[92m [0m[92m[[0m[92ma[0m[92m][0m[m [0m[91m→[0m[92m [0m[92m[[0m[92ma[0m[92m][0m[m
[0m[m  [0m[mmappen[0m[m [0m[91m∷[0m[92m [0m[91m∀[0m[91m [0m[92ma[0m[m [0m[91m.[0m[m [0m[92m[[0m[92ma[0m[92m][0m[m [0m[91m→[0m[92m [0m[92m[[0m[92ma[0m[92m][0m[m [0m[91m→[0m[92m [0m[92m[[0m[92ma[0m[92m][0m[m
[0m[m  [0m[mtoList[0m[m [0m[91m∷[0m[92m [0m[91m∀[0m[91m [0m[92ma[0m[m [0m[91m.[0m[m [0m[92ma[0m[m [0m[91m→[0m[92m [0m[92m[[0m[92ma[0m[92m][0m[m
[0m[m  [0m[mconcat[0m[m [0m[91m∷[0m[92m [0m[91m∀[0m[91m [0m[92ma[0m[m [0m[91m.[0m[m [0m[92m[[0m[92m[[0m[92ma[0m[92m][0m[92m][0m[m [0m[91m→[0m[92m [0m[92m[[0m[92ma[0m[92m][0m[m
[0m[m  [0m[mmap[0m[m [0m[91m∷[0m[92m [0m[91m∀[0m[91m [0m[92ma[0m[m [0m[92mb[0m[m [0m[91m.[0m[m [0m[91m([0m[92ma[0m[m [0m[91m→[0m[92m [0m[92mb[0m[91m)[0m[m [0m[91m→[0m[92m [0m[92m[[0m[92ma[0m[92m][0m[m [0m[91m→[0m[92m [0m[92m[[0m[92mb[0m[92m][0m[m
[0m[m  [0m[mretur[0m[m [0m[91m∷[0m[92m [0m[91m∀[0m[91m [0m[92ma[0m[m [0m[91m.[0m[m [0m[92ma[0m[m [0m[91m→[0m[92m [0m[92m[[0m[92ma[0m[92m][0m[m
[0m[m  [0m[mbind[0m[m [0m[91m∷[0m[92m [0m[91m∀[0m[91m [0m[92ma[0m[m [0m[92mb[0m[m [0m[91m.[0m[m [0m[92m[[0m[92ma[0m[92m][0m[m [0m[91m→[0m[92m [0m[91m([0m[92ma[0m[m [0m[91m→[0m[92m [0m[92m[[0m[92mb[0m[92m][0m[91m)[0m[m [0m[91m→[0m[92m [0m[92m[[0m[92mb[0m[92m][0m
[Done]

[1 of 3] Compiling VerifyNilAppendScript ( VerifyNilAppendScript.hs, interpreted )
[2 of 3] Compiling VerifyAppendAssocScript ( VerifyAppendAssocScript.hs, interpreted )
[3 of 3] Compiling VerifyConcatAppendScript ( VerifyConcatAppendScript.hs, interpreted )
Ok, modules loaded: VerifyConcatAppendScript, VerifyAppendAssocScript, VerifyNilAppendScript.
[mappend-assoc[0m[m [0m[m(Not Proven)[0m[m
[0m[m  [0m[91m∀[0m[91m [0m[92m△[0m[92m [0m[mx[0m[m [0m[my[0m[m [0m[mz[0m[91m.[0m[m [0m[91m([0m[m++[0m[91m)[0m[m [0m[92m▲[0m[92m [0m[mx[0m[m [0m[91m([0m[91m([0m[m++[0m[91m)[0m[m [0m[92m▲[0m[92m [0m[my[0m[m [0m[mz[0m[91m)[0m[m [0m[91m≡[0m[91m [0m[91m([0m[m++[0m[91m)[0m[m [0m[92m▲[0m[92m [0m[91m([0m[91m([0m[m++[0m[91m)[0m[m [0m[92m▲[0m[92m [0m[mx[0m[m [0m[my[0m[91m)[0m[m [0m[mz[0m
[Done]

[mnil-append[0m[m [0m[m(Not Proven)[0m[m
[0m[m  [0m[91m∀[0m[91m [0m[92m△[0m[92m [0m[mxs[0m[91m.[0m[m [0m[91m([0m[m++[0m[91m)[0m[m [0m[92m▲[0m[92m [0m[91m([0m[m[][0m[m [0m[92m▲[0m[91m)[0m[m [0m[mxs[0m[m [0m[91m≡[0m[91m [0m[mxs[0m
[Done]

[mGoal:[0m[m
[0m[m  [0m[91m∀[0m[91m [0m[92m△[0m[92m [0m[mxs[0m[91m.[0m[m [0m[91m([0m[m++[0m[91m)[0m[m [0m[92m▲[0m[92m [0m[91m([0m[m[][0m[m [0m[92m▲[0m[91m)[0m[m [0m[mxs[0m[m [0m[91m≡[0m[91m [0m[mxs[0m
[Done]

[mGoal:[0m[m
[0m[m  [0m[91m∀[0m[91m [0m[92m△[0m[92m [0m[mxs[0m[91m.[0m[m
[0m[m  [0m[91m([0m[91mλ[0m[91m [0m[92m△[0m[92m [0m[mds[0m[m [0m[mys[0m[m [0m[91m→[0m[91m
[0m[m     [0m[94mcase[0m[m [0m[mds[0m[m [0m[94mof[0m[m [0m[mwild[0m[m [0m[92m▲[0m[92m
[0m[m       [0m[m[][0m[m [0m[91m→[0m[91m [0m[mys[0m[m
[0m[m       [0m[91m([0m[m:[0m[91m)[0m[m [0m[mx[0m[m [0m[mxs[0m[m [0m[91m→[0m[91m [0m[91m([0m[m:[0m[91m)[0m[m [0m[92m▲[0m[92m [0m[mx[0m[m [0m[91m([0m[91m([0m[m++[0m[91m)[0m[m [0m[92m▲[0m[92m [0m[mxs[0m[m [0m[mys[0m[91m)[0m[91m)[0m[m [0m[92m▲[0m[92m [0m[91m([0m[m[][0m[m [0m[92m▲[0m[91m)[0m[m [0m[mxs[0m[m
[0m[m  [0m[91m≡[0m[91m
[0m[m  [0m[mxs[0m
[Done]

[mGoal:[0m[m
[0m[m  [0m[91mtrue[0m
[Done]

Successfully proven: nil-append
[94mmodule[0m[m [0m[mListLaws[0m[m [0m[94mwhere[0m[m
[0m[m  [0m[mmempt[0m[m [0m[91m∷[0m[92m [0m[91m∀[0m[91m [0m[92ma[0m[m [0m[91m.[0m[m [0m[92m[[0m[92ma[0m[92m][0m[m
[0m[m  [0m[91m([0m[m++[0m[91m)[0m[m [0m[91m∷[0m[92m [0m[91m∀[0m[91m [0m[92ma[0m[m [0m[91m.[0m[m [0m[92m[[0m[92ma[0m[92m][0m[m [0m[91m→[0m[92m [0m[92m[[0m[92ma[0m[92m][0m[m [0m[91m→[0m[92m [0m[92m[[0m[92ma[0m[92m][0m[m
[0m[m  [0m[mmappen[0m[m [0m[91m∷[0m[92m [0m[91m∀[0m[91m [0m[92ma[0m[m [0m[91m.[0m[m [0m[92m[[0m[92ma[0m[92m][0m[m [0m[91m→[0m[92m [0m[92m[[0m[92ma[0m[92m][0m[m [0m[91m→[0m[92m [0m[92m[[0m[92ma[0m[92m][0m[m
[0m[m  [0m[mtoList[0m[m [0m[91m∷[0m[92m [0m[91m∀[0m[91m [0m[92ma[0m[m [0m[91m.[0m[m [0m[92ma[0m[m [0m[91m→[0m[92m [0m[92m[[0m[92ma[0m[92m][0m[m
[0m[m  [0m[mconcat[0m[m [0m[91m∷[0m[92m [0m[91m∀[0m[91m [0m[92ma[0m[m [0m[91m.[0m[m [0m[92m[[0m[92m[[0m[92ma[0m[92m][0m[92m][0m[m [0m[91m→[0m[92m [0m[92m[[0m[92ma[0m[92m][0m[m
[0m[m  [0m[mmap[0m[m [0m[91m∷[0m[92m [0m[91m∀[0m[91m [0m[92ma[0m[m [0m[92mb[0m[m [0m[91m.[0m[m [0m[91m([0m[92ma[0m[m [0m[91m→[0m[92m [0m[92mb[0m[91m)[0m[m [0m[91m→[0m[92m [0m[92m[[0m[92ma[0m[92m][0m[m [0m[91m→[0m[92m [0m[92m[[0m[92mb[0m[92m][0m[m
[0m[m  [0m[mretur[0m[m [0m[91m∷[0m[92m [0m[91m∀[0m[91m [0m[92ma[0m[m [0m[91m.[0m[m [0m[92ma[0m[m [0m[91m→[0m[92m [0m[92m[[0m[92ma[0m[92m][0m[m
[0m[m  [0m[mbind[0m[m [0m[91m∷[0m[92m [0m[91m∀[0m[91m [0m[92ma[0m[m [0m[92mb[0m[m [0m[91m.[0m[m [0m[92m[[0m[92ma[0m[92m][0m[m [0m[91m→[0m[92m [0m[91m([0m[92ma[0m[m [0m[91m→[0m[92m [0m[92m[[0m[92mb[0m[92m][0m[91m)[0m[m [0m[91m→[0m[92m [0m[92m[[0m[92mb[0m[92m][0m
[Done]

[mGoal:[0m[m
[0m[m  [0m[91m∀[0m[91m [0m[92m△[0m[92m [0m[mx[0m[m [0m[my[0m[m [0m[mz[0m[91m.[0m[m [0m[91m([0m[m++[0m[91m)[0m[m [0m[92m▲[0m[92m [0m[mx[0m[m [0m[91m([0m[91m([0m[m++[0m[91m)[0m[m [0m[92m▲[0m[92m [0m[my[0m[m [0m[mz[0m[91m)[0m[m [0m[91m≡[0m[91m [0m[91m([0m[m++[0m[91m)[0m[m [0m[92m▲[0m[92m [0m[91m([0m[91m([0m[m++[0m[91m)[0m[m [0m[92m▲[0m[92m [0m[mx[0m[m [0m[my[0m[91m)[0m[m [0m[mz[0m
[Done]

[mGoal:[0m[m
[0m[m  [0m[91m∀[0m[91m [0m[92m△[0m[92m [0m[my[0m[m [0m[mz[0m[91m.[0m[m
[0m[m  [0m[91m([0m[91m([0m[m++[0m[91m)[0m[m [0m[92m▲[0m[92m [0m[91m([0m[mundefined[0m[m [0m[92m▲[0m[91m)[0m[m [0m[91m([0m[91m([0m[m++[0m[91m)[0m[m [0m[92m▲[0m[92m [0m[my[0m[m [0m[mz[0m[91m)[0m[m
[0m[m   [0m[91m≡[0m[91m
[0m[m   [0m[91m([0m[m++[0m[91m)[0m[m [0m[92m▲[0m[92m [0m[91m([0m[91m([0m[m++[0m[91m)[0m[m [0m[92m▲[0m[92m [0m[91m([0m[mundefined[0m[m [0m[92m▲[0m[91m)[0m[m [0m[my[0m[91m)[0m[m [0m[mz[0m[91m)[0m[m
[0m[m  [0m[91m∧[0m[91m
[0m[m  [0m[91m([0m[91m([0m[91m([0m[m++[0m[91m)[0m[m [0m[92m▲[0m[92m [0m[91m([0m[m[][0m[m [0m[92m▲[0m[91m)[0m[m [0m[91m([0m[91m([0m[m++[0m[91m)[0m[m [0m[92m▲[0m[92m [0m[my[0m[m [0m[mz[0m[91m)[0m[m [0m[91m≡[0m[91m [0m[91m([0m[m++[0m[91m)[0m[m [0m[92m▲[0m[92m [0m[91m([0m[91m([0m[m++[0m[91m)[0m[m [0m[92m▲[0m[92m [0m[91m([0m[m[][0m[m [0m[92m▲[0m[91m)[0m[m [0m[my[0m[91m)[0m[m [0m[mz[0m[91m)[0m[m
[0m[m   [0m[91m∧[0m[91m
[0m[m   [0m[91m([0m[91m∀[0m[91m [0m[ma[0m[m [0m[mb[0m[91m.[0m[m
[0m[m    [0m[91m([0m[91m([0m[m++[0m[91m)[0m[m [0m[92m▲[0m[92m [0m[mb[0m[m [0m[91m([0m[91m([0m[m++[0m[91m)[0m[m [0m[92m▲[0m[92m [0m[my[0m[m [0m[mz[0m[91m)[0m[m [0m[91m≡[0m[91m [0m[91m([0m[m++[0m[91m)[0m[m [0m[92m▲[0m[92m [0m[91m([0m[91m([0m[m++[0m[91m)[0m[m [0m[92m▲[0m[92m [0m[mb[0m[m [0m[my[0m[91m)[0m[m [0m[mz[0m[91m)[0m[m
[0m[m    [0m[91m⇒[0m[91m
[0m[m    [0m[91m([0m[91m([0m[m++[0m[91m)[0m[m [0m[92m▲[0m[92m [0m[91m([0m[91m([0m[m:[0m[91m)[0m[m [0m[92m▲[0m[92m [0m[ma[0m[m [0m[mb[0m[91m)[0m[m [0m[91m([0m[91m([0m[m++[0m[91m)[0m[m [0m[92m▲[0m[92m [0m[my[0m[m [0m[mz[0m[91m)[0m[m
[0m[m     [0m[91m≡[0m[91m
[0m[m     [0m[91m([0m[m++[0m[91m)[0m[m [0m[92m▲[0m[92m [0m[91m([0m[91m([0m[m++[0m[91m)[0m[m [0m[92m▲[0m[92m [0m[91m([0m[91m([0m[m:[0m[91m)[0m[m [0m[92m▲[0m[92m [0m[ma[0m[m [0m[mb[0m[91m)[0m[m [0m[my[0m[91m)[0m[m [0m[mz[0m[91m)[0m[91m)[0m[91m)[0m
[Done]

[mGoal:[0m[m
[0m[m  [0m[91m∀[0m[91m [0m[92m△[0m[92m [0m[my[0m[m [0m[mz[0m[91m.[0m[m
[0m[m  [0m[91m([0m[91m([0m[m++[0m[91m)[0m[m [0m[92m▲[0m[92m [0m[91m([0m[mundefined[0m[m [0m[92m▲[0m[91m)[0m[m [0m[91m([0m[91m([0m[m++[0m[91m)[0m[m [0m[92m▲[0m[92m [0m[my[0m[m [0m[mz[0m[91m)[0m[m
[0m[m   [0m[91m≡[0m[91m
[0m[m   [0m[91m([0m[m++[0m[91m)[0m[m [0m[92m▲[0m[92m [0m[91m([0m[91m([0m[m++[0m[91m)[0m[m [0m[92m▲[0m[92m [0m[91m([0m[mundefined[0m[m [0m[92m▲[0m[91m)[0m[m [0m[my[0m[91m)[0m[m [0m[mz[0m[91m)[0m[m
[0m[m  [0m[91m∧[0m[91m
[0m[m  [0m[91m([0m[91m([0m[91m([0m[m++[0m[91m)[0m[m [0m[92m▲[0m[92m [0m[91m([0m[m[][0m[m [0m[92m▲[0m[91m)[0m[m [0m[91m([0m[91m([0m[m++[0m[91m)[0m[m [0m[92m▲[0m[92m [0m[my[0m[m [0m[mz[0m[91m)[0m[m [0m[91m≡[0m[91m [0m[91m([0m[m++[0m[91m)[0m[m [0m[92m▲[0m[92m [0m[91m([0m[91m([0m[m++[0m[91m)[0m[m [0m[92m▲[0m[92m [0m[91m([0m[m[][0m[m [0m[92m▲[0m[91m)[0m[m [0m[my[0m[91m)[0m[m [0m[mz[0m[91m)[0m[m
[0m[m   [0m[91m∧[0m[91m
[0m[m   [0m[91m([0m[91m∀[0m[91m [0m[ma[0m[m [0m[mb[0m[91m.[0m[m
[0m[m    [0m[91m([0m[91m([0m[m++[0m[91m)[0m[m [0m[92m▲[0m[92m [0m[mb[0m[m [0m[91m([0m[91m([0m[m++[0m[91m)[0m[m [0m[92m▲[0m[92m [0m[my[0m[m [0m[mz[0m[91m)[0m[m [0m[91m≡[0m[91m [0m[91m([0m[m++[0m[91m)[0m[m [0m[92m▲[0m[92m [0m[91m([0m[91m([0m[m++[0m[91m)[0m[m [0m[92m▲[0m[92m [0m[mb[0m[m [0m[my[0m[91m)[0m[m [0m[mz[0m[91m)[0m[m
[0m[m    [0m[91m⇒[0m[91m
[0m[m    [0m[91m([0m[91m([0m[m++[0m[91m)[0m[m [0m[92m▲[0m[92m [0m[91m([0m[91m([0m[m:[0m[91m)[0m[m [0m[92m▲[0m[92m [0m[ma[0m[m [0m[mb[0m[91m)[0m[m [0m[91m([0m[91m([0m[m++[0m[91m)[0m[m [0m[92m▲[0m[92m [0m[my[0m[m [0m[mz[0m[91m)[0m[m
[0m[m     [0m[91m≡[0m[91m
[0m[m     [0m[91m([0m[m++[0m[91m)[0m[m [0m[92m▲[0m[92m [0m[91m([0m[91m([0m[m++[0m[91m)[0m[m [0m[92m▲[0m[92m [0m[91m([0m[91m([0m[m:[0m[91m)[0m[m [0m[92m▲[0m[92m [0m[ma[0m[m [0m[mb[0m[91m)[0m[m [0m[my[0m[91m)[0m[m [0m[mz[0m[91m)[0m[91m)[0m[91m)[0m
[Done]

[mGoal:[0m[m
[0m[m  [0m[91m([0m[91m([0m[m++[0m[91m)[0m[m [0m[92m▲[0m[92m [0m[91m([0m[mundefined[0m[m [0m[92m▲[0m[91m)[0m[m [0m[91m([0m[91m([0m[m++[0m[91m)[0m[m [0m[92m▲[0m[92m [0m[my[0m[m [0m[mz[0m[91m)[0m[m
[0m[m   [0m[91m≡[0m[91m
[0m[m   [0m[91m([0m[m++[0m[91m)[0m[m [0m[92m▲[0m[92m [0m[91m([0m[91m([0m[m++[0m[91m)[0m[m [0m[92m▲[0m[92m [0m[91m([0m[mundefined[0m[m [0m[92m▲[0m[91m)[0m[m [0m[my[0m[91m)[0m[m [0m[mz[0m[91m)[0m[m
[0m[m  [0m[91m∧[0m[91m
[0m[m  [0m[91m([0m[91m([0m[91m([0m[m++[0m[91m)[0m[m [0m[92m▲[0m[92m [0m[91m([0m[m[][0m[m [0m[92m▲[0m[91m)[0m[m [0m[91m([0m[91m([0m[m++[0m[91m)[0m[m [0m[92m▲[0m[92m [0m[my[0m[m [0m[mz[0m[91m)[0m[m [0m[91m≡[0m[91m [0m[91m([0m[m++[0m[91m)[0m[m [0m[92m▲[0m[92m [0m[91m([0m[91m([0m[m++[0m[91m)[0m[m [0m[92m▲[0m[92m [0m[91m([0m[m[][0m[m [0m[92m▲[0m[91m)[0m[m [0m[my[0m[91m)[0m[m [0m[mz[0m[91m)[0m[m
[0m[m   [0m[91m∧[0m[91m
[0m[m   [0m[91m([0m[91m∀[0m[91m [0m[ma[0m[m [0m[mb[0m[91m.[0m[m
[0m[m    [0m[91m([0m[91m([0m[m++[0m[91m)[0m[m [0m[92m▲[0m[92m [0m[mb[0m[m [0m[91m([0m[91m([0m[m++[0m[91m)[0m[m [0m[92m▲[0m[92m [0m[my[0m[m [0m[mz[0m[91m)[0m[m [0m[91m≡[0m[91m [0m[91m([0m[m++[0m[91m)[0m[m [0m[92m▲[0m[92m [0m[91m([0m[91m([0m[m++[0m[91m)[0m[m [0m[92m▲[0m[92m [0m[mb[0m[m [0m[my[0m[91m)[0m[m [0m[mz[0m[91m)[0m[m
[0m[m    [0m[91m⇒[0m[91m
[0m[m    [0m[91m([0m[91m([0m[m++[0m[91m)[0m[m [0m[92m▲[0m[92m [0m[91m([0m[91m([0m[m:[0m[91m)[0m[m [0m[92m▲[0m[92m [0m[ma[0m[m [0m[mb[0m[91m)[0m[m [0m[91m([0m[91m([0m[m++[0m[91m)[0m[m [0m[92m▲[0m[92m [0m[my[0m[m [0m[mz[0m[91m)[0m[m
[0m[m     [0m[91m≡[0m[91m
[0m[m     [0m[91m([0m[m++[0m[91m)[0m[m [0m[92m▲[0m[92m [0m[91m([0m[91m([0m[m++[0m[91m)[0m[m [0m[92m▲[0m[92m [0m[91m([0m[91m([0m[m:[0m[91m)[0m[m [0m[92m▲[0m[92m [0m[ma[0m[m [0m[mb[0m[91m)[0m[m [0m[my[0m[91m)[0m[m [0m[mz[0m[91m)[0m[91m)[0m[91m)[0m
[Done]

[mGoal:[0m[m
[0m[m  [0m[91m([0m[91m([0m[m++[0m[91m)[0m[m [0m[92m▲[0m[92m [0m[91m([0m[mundefined[0m[m [0m[92m▲[0m[91m)[0m[m [0m[91m([0m[91m([0m[m++[0m[91m)[0m[m [0m[92m▲[0m[92m [0m[my[0m[m [0m[mz[0m[91m)[0m[m
[0m[m   [0m[91m≡[0m[91m
[0m[m   [0m[91m([0m[m++[0m[91m)[0m[m [0m[92m▲[0m[92m [0m[91m([0m[91m([0m[m++[0m[91m)[0m[m [0m[92m▲[0m[92m [0m[91m([0m[mundefined[0m[m [0m[92m▲[0m[91m)[0m[m [0m[my[0m[91m)[0m[m [0m[mz[0m[91m)[0m[m
[0m[m  [0m[91m∧[0m[91m
[0m[m  [0m[91m([0m[91m([0m[91m([0m[m++[0m[91m)[0m[m [0m[92m▲[0m[92m [0m[91m([0m[m[][0m[m [0m[92m▲[0m[91m)[0m[m [0m[91m([0m[91m([0m[m++[0m[91m)[0m[m [0m[92m▲[0m[92m [0m[my[0m[m [0m[mz[0m[91m)[0m[m [0m[91m≡[0m[91m [0m[91m([0m[m++[0m[91m)[0m[m [0m[92m▲[0m[92m [0m[91m([0m[91m([0m[m++[0m[91m)[0m[m [0m[92m▲[0m[92m [0m[91m([0m[m[][0m[m [0m[92m▲[0m[91m)[0m[m [0m[my[0m[91m)[0m[m [0m[mz[0m[91m)[0m[m
[0m[m   [0m[91m∧[0m[91m
[0m[m   [0m[91m([0m[91m∀[0m[91m [0m[ma[0m[m [0m[mb[0m[91m.[0m[m
[0m[m    [0m[91m([0m[91m([0m[m++[0m[91m)[0m[m [0m[92m▲[0m[92m [0m[mb[0m[m [0m[91m([0m[91m([0m[m++[0m[91m)[0m[m [0m[92m▲[0m[92m [0m[my[0m[m [0m[mz[0m[91m)[0m[m [0m[91m≡[0m[91m [0m[91m([0m[m++[0m[91m)[0m[m [0m[92m▲[0m[92m [0m[91m([0m[91m([0m[m++[0m[91m)[0m[m [0m[92m▲[0m[92m [0m[mb[0m[m [0m[my[0m[91m)[0m[m [0m[mz[0m[91m)[0m[m
[0m[m    [0m[91m⇒[0m[91m
[0m[m    [0m[91m([0m[91m([0m[m++[0m[91m)[0m[m [0m[92m▲[0m[92m [0m[91m([0m[91m([0m[m:[0m[91m)[0m[m [0m[92m▲[0m[92m [0m[ma[0m[m [0m[mb[0m[91m)[0m[m [0m[91m([0m[91m([0m[m++[0m[91m)[0m[m [0m[92m▲[0m[92m [0m[my[0m[m [0m[mz[0m[91m)[0m[m
[0m[m     [0m[91m≡[0m[91m
[0m[m     [0m[91m([0m[m++[0m[91m)[0m[m [0m[92m▲[0m[92m [0m[91m([0m[91m([0m[m++[0m[91m)[0m[m [0m[92m▲[0m[92m [0m[91m([0m[91m([0m[m:[0m[91m)[0m[m [0m[92m▲[0m[92m [0m[ma[0m[m [0m[mb[0m[91m)[0m[m [0m[my[0m[91m)[0m[m [0m[mz[0m[91m)[0m[91m)[0m[91m)[0m
[Done]

[mGoal:[0m[m
[0m[m  [0m[91m([0m[m++[0m[91m)[0m[m [0m[92m▲[0m[92m [0m[91m([0m[mundefined[0m[m [0m[92m▲[0m[91m)[0m[m [0m[91m([0m[91m([0m[m++[0m[91m)[0m[m [0m[92m▲[0m[92m [0m[my[0m[m [0m[mz[0m[91m)[0m[m
[0m[m  [0m[91m≡[0m[91m
[0m[m  [0m[91m([0m[m++[0m[91m)[0m[m [0m[92m▲[0m[92m [0m[91m([0m[91m([0m[m++[0m[91m)[0m[m [0m[92m▲[0m[92m [0m[91m([0m[mundefined[0m[m [0m[92m▲[0m[91m)[0m[m [0m[my[0m[91m)[0m[m [0m[mz[0m
[Done]

[mGoal:[0m[m
[0m[m  [0m[91m([0m[m++[0m[91m)[0m[m [0m[92m▲[0m[92m [0m[91m([0m[mundefined[0m[m [0m[92m▲[0m[91m)[0m[m [0m[91m([0m[91m([0m[m++[0m[91m)[0m[m [0m[92m▲[0m[92m [0m[my[0m[m [0m[mz[0m[91m)[0m[m
[0m[m  [0m[91m≡[0m[91m
[0m[m  [0m[91m([0m[m++[0m[91m)[0m[m [0m[92m▲[0m[92m [0m[91m([0m[91m([0m[m++[0m[91m)[0m[m [0m[92m▲[0m[92m [0m[91m([0m[mundefined[0m[m [0m[92m▲[0m[91m)[0m[m [0m[my[0m[91m)[0m[m [0m[mz[0m
[Done]

[mGoal:[0m[m
[0m[m  [0m[91m([0m[m++[0m[91m)[0m[m [0m[92m▲[0m[92m [0m[91m([0m[mundefined[0m[m [0m[92m▲[0m[91m)[0m[m [0m[91m([0m[91m([0m[m++[0m[91m)[0m[m [0m[92m▲[0m[92m [0m[my[0m[m [0m[mz[0m[91m)[0m[m
[0m[m  [0m[91m≡[0m[91m
[0m[m  [0m[91m([0m[m++[0m[91m)[0m[m [0m[92m▲[0m[92m [0m[91m([0m[91m([0m[m++[0m[91m)[0m[m [0m[92m▲[0m[92m [0m[91m([0m[mundefined[0m[m [0m[92m▲[0m[91m)[0m[m [0m[my[0m[91m)[0m[m [0m[mz[0m
[Done]

[mGoal:[0m[m
[0m[m  [0m[91m([0m[91mλ[0m[91m [0m[92m△[0m[92m [0m[mds[0m[m [0m[mys[0m[m [0m[91m→[0m[91m
[0m[m     [0m[94mcase[0m[m [0m[mds[0m[m [0m[94mof[0m[m [0m[mwild[0m[m [0m[92m▲[0m[92m
[0m[m       [0m[m[][0m[m [0m[91m→[0m[91m [0m[mys[0m[m
[0m[m       [0m[91m([0m[m:[0m[91m)[0m[m [0m[mx[0m[m [0m[mxs[0m[m [0m[91m→[0m[91m [0m[91m([0m[m:[0m[91m)[0m[m [0m[92m▲[0m[92m [0m[mx[0m[m [0m[91m([0m[91m([0m[m++[0m[91m)[0m[m [0m[92m▲[0m[92m [0m[mxs[0m[m [0m[mys[0m[91m)[0m[91m)[0m[m [0m[92m▲[0m[92m [0m[91m([0m[mundefined[0m[m [0m[92m▲[0m[91m)[0m[m [0m[91m([0m[91m([0m[m++[0m[91m)[0m[m [0m[92m▲[0m[92m [0m[my[0m[m [0m[mz[0m[91m)[0m[m
[0m[m  [0m[91m≡[0m[91m
[0m[m  [0m[91m([0m[91mλ[0m[91m [0m[92m△[0m[92m [0m[mds[0m[m [0m[mys[0m[m [0m[91m→[0m[91m
[0m[m     [0m[94mcase[0m[m [0m[mds[0m[m [0m[94mof[0m[m [0m[mwild[0m[m [0m[92m▲[0m[92m
[0m[m       [0m[m[][0m[m [0m[91m→[0m[91m [0m[mys[0m[m
[0m[m       [0m[91m([0m[m:[0m[91m)[0m[m [0m[mx[0m[m [0m[mxs[0m[m [0m[91m→[0m[91m [0m[91m([0m[m:[0m[91m)[0m[m [0m[92m▲[0m[92m [0m[mx[0m[m [0m[91m([0m[91m([0m[m++[0m[91m)[0m[m [0m[92m▲[0m[92m [0m[mxs[0m[m [0m[mys[0m[91m)[0m[91m)[0m[m [0m[92m▲[0m[92m [0m[91m([0m[91m([0m[m++[0m[91m)[0m[m [0m[92m▲[0m[92m [0m[91m([0m[mundefined[0m[m [0m[92m▲[0m[91m)[0m[m [0m[my[0m[91m)[0m[m [0m[mz[0m
[Done]

[mGoal:[0m[m
[0m[m  [0m[mundefined[0m[m [0m[92m▲[0m[92m
[0m[m  [0m[91m≡[0m[91m
[0m[m  [0m[94mcase[0m[m [0m[91m([0m[m++[0m[91m)[0m[m [0m[92m▲[0m[92m [0m[91m([0m[mundefined[0m[m [0m[92m▲[0m[91m)[0m[m [0m[my[0m[m [0m[94mof[0m[m [0m[mwild[0m[m [0m[92m▲[0m[92m
[0m[m    [0m[m[][0m[m [0m[91m→[0m[91m [0m[mz[0m[m
[0m[m    [0m[91m([0m[m:[0m[91m)[0m[m [0m[mx[0m[m [0m[mxs[0m[m [0m[91m→[0m[91m [0m[91m([0m[m:[0m[91m)[0m[m [0m[92m▲[0m[92m [0m[mx[0m[m [0m[91m([0m[91m([0m[m++[0m[91m)[0m[m [0m[92m▲[0m[92m [0m[mxs[0m[m [0m[mz[0m[91m)[0m
[Done]

[mGoal:[0m[m
[0m[m  [0m[mundefined[0m[m [0m[92m▲[0m[92m
[0m[m  [0m[91m≡[0m[91m
[0m[m  [0m[94mcase[0m[m [0m[91m([0m[91mλ[0m[91m [0m[92m△[0m[92m [0m[mds[0m[m [0m[mys[0m[m [0m[91m→[0m[91m
[0m[m          [0m[94mcase[0m[m [0m[mds[0m[m [0m[94mof[0m[m [0m[mwild[0m[m [0m[92m▲[0m[92m
[0m[m            [0m[m[][0m[m [0m[91m→[0m[91m [0m[mys[0m[m
[0m[m            [0m[91m([0m[m:[0m[91m)[0m[m [0m[mx[0m[m [0m[mxs[0m[m [0m[91m→[0m[91m [0m[91m([0m[m:[0m[91m)[0m[m [0m[92m▲[0m[92m [0m[mx[0m[m [0m[91m([0m[91m([0m[m++[0m[91m)[0m[m [0m[92m▲[0m[92m [0m[mxs[0m[m [0m[mys[0m[91m)[0m[91m)[0m[m [0m[92m▲[0m[92m [0m[91m([0m[mundefined[0m[m [0m[92m▲[0m[91m)[0m[m [0m[my[0m[m
[0m[m   [0m[94mof[0m[m [0m[mwild[0m[m [0m[92m▲[0m[92m
[0m[m    [0m[m[][0m[m [0m[91m→[0m[91m [0m[mz[0m[m
[0m[m    [0m[91m([0m[m:[0m[91m)[0m[m [0m[mx[0m[m [0m[mxs[0m[m [0m[91m→[0m[91m [0m[91m([0m[m:[0m[91m)[0m[m [0m[92m▲[0m[92m [0m[mx[0m[m [0m[91m([0m[91m([0m[m++[0m[91m)[0m[m [0m[92m▲[0m[92m [0m[mxs[0m[m [0m[mz[0m[91m)[0m
[Done]

[mGoal:[0m[m
[0m[m  [0m[91mtrue[0m
[Done]

[mGoal:[0m[m
[0m[m  [0m[91mtrue[0m
[Done]

[mGoal:[0m[m
[0m[m  [0m[91m([0m[91mtrue[0m[91m)[0m[m
[0m[m  [0m[91m∧[0m[91m
[0m[m  [0m[91m([0m[91m([0m[91m([0m[m++[0m[91m)[0m[m [0m[92m▲[0m[92m [0m[91m([0m[m[][0m[m [0m[92m▲[0m[91m)[0m[m [0m[91m([0m[91m([0m[m++[0m[91m)[0m[m [0m[92m▲[0m[92m [0m[my[0m[m [0m[mz[0m[91m)[0m[m [0m[91m≡[0m[91m [0m[91m([0m[m++[0m[91m)[0m[m [0m[92m▲[0m[92m [0m[91m([0m[91m([0m[m++[0m[91m)[0m[m [0m[92m▲[0m[92m [0m[91m([0m[m[][0m[m [0m[92m▲[0m[91m)[0m[m [0m[my[0m[91m)[0m[m [0m[mz[0m[91m)[0m[m
[0m[m   [0m[91m∧[0m[91m
[0m[m   [0m[91m([0m[91m∀[0m[91m [0m[ma[0m[m [0m[mb[0m[91m.[0m[m
[0m[m    [0m[91m([0m[91m([0m[m++[0m[91m)[0m[m [0m[92m▲[0m[92m [0m[mb[0m[m [0m[91m([0m[91m([0m[m++[0m[91m)[0m[m [0m[92m▲[0m[92m [0m[my[0m[m [0m[mz[0m[91m)[0m[m [0m[91m≡[0m[91m [0m[91m([0m[m++[0m[91m)[0m[m [0m[92m▲[0m[92m [0m[91m([0m[91m([0m[m++[0m[91m)[0m[m [0m[92m▲[0m[92m [0m[mb[0m[m [0m[my[0m[91m)[0m[m [0m[mz[0m[91m)[0m[m
[0m[m    [0m[91m⇒[0m[91m
[0m[m    [0m[91m([0m[91m([0m[m++[0m[91m)[0m[m [0m[92m▲[0m[92m [0m[91m([0m[91m([0m[m:[0m[91m)[0m[m [0m[92m▲[0m[92m [0m[ma[0m[m [0m[mb[0m[91m)[0m[m [0m[91m([0m[91m([0m[m++[0m[91m)[0m[m [0m[92m▲[0m[92m [0m[my[0m[m [0m[mz[0m[91m)[0m[m
[0m[m     [0m[91m≡[0m[91m
[0m[m     [0m[91m([0m[m++[0m[91m)[0m[m [0m[92m▲[0m[92m [0m[91m([0m[91m([0m[m++[0m[91m)[0m[m [0m[92m▲[0m[92m [0m[91m([0m[91m([0m[m:[0m[91m)[0m[m [0m[92m▲[0m[92m [0m[ma[0m[m [0m[mb[0m[91m)[0m[m [0m[my[0m[91m)[0m[m [0m[mz[0m[91m)[0m[91m)[0m[91m)[0m
[Done]

[mGoal:[0m[m
[0m[m  [0m[91m([0m[91mtrue[0m[91m)[0m[m
[0m[m  [0m[91m∧[0m[91m
[0m[m  [0m[91m([0m[91m([0m[91m([0m[m++[0m[91m)[0m[m [0m[92m▲[0m[92m [0m[91m([0m[m[][0m[m [0m[92m▲[0m[91m)[0m[m [0m[91m([0m[91m([0m[m++[0m[91m)[0m[m [0m[92m▲[0m[92m [0m[my[0m[m [0m[mz[0m[91m)[0m[m [0m[91m≡[0m[91m [0m[91m([0m[m++[0m[91m)[0m[m [0m[92m▲[0m[92m [0m[91m([0m[91m([0m[m++[0m[91m)[0m[m [0m[92m▲[0m[92m [0m[91m([0m[m[][0m[m [0m[92m▲[0m[91m)[0m[m [0m[my[0m[91m)[0m[m [0m[mz[0m[91m)[0m[m
[0m[m   [0m[91m∧[0m[91m
[0m[m   [0m[91m([0m[91m∀[0m[91m [0m[ma[0m[m [0m[mb[0m[91m.[0m[m
[0m[m    [0m[91m([0m[91m([0m[m++[0m[91m)[0m[m [0m[92m▲[0m[92m [0m[mb[0m[m [0m[91m([0m[91m([0m[m++[0m[91m)[0m[m [0m[92m▲[0m[92m [0m[my[0m[m [0m[mz[0m[91m)[0m[m [0m[91m≡[0m[91m [0m[91m([0m[m++[0m[91m)[0m[m [0m[92m▲[0m[92m [0m[91m([0m[91m([0m[m++[0m[91m)[0m[m [0m[92m▲[0m[92m [0m[mb[0m[m [0m[my[0m[91m)[0m[m [0m[mz[0m[91m)[0m[m
[0m[m    [0m[91m⇒[0m[91m
[0m[m    [0m[91m([0m[91m([0m[m++[0m[91m)[0m[m [0m[92m▲[0m[92m [0m[91m([0m[91m([0m[m:[0m[91m)[0m[m [0m[92m▲[0m[92m [0m[ma[0m[m [0m[mb[0m[91m)[0m[m [0m[91m([0m[91m([0m[m++[0m[91m)[0m[m [0m[92m▲[0m[92m [0m[my[0m[m [0m[mz[0m[91m)[0m[m
[0m[m     [0m[91m≡[0m[91m
[0m[m     [0m[91m([0m[m++[0m[91m)[0m[m [0m[92m▲[0m[92m [0m[91m([0m[91m([0m[m++[0m[91m)[0m[m [0m[92m▲[0m[92m [0m[91m([0m[91m([0m[m:[0m[91m)[0m[m [0m[92m▲[0m[92m [0m[ma[0m[m [0m[mb[0m[91m)[0m[m [0m[my[0m[91m)[0m[m [0m[mz[0m[91m)[0m[91m)[0m[91m)[0m
[Done]

[mGoal:[0m[m
[0m[m  [0m[91m([0m[91m([0m[m++[0m[91m)[0m[m [0m[92m▲[0m[92m [0m[91m([0m[m[][0m[m [0m[92m▲[0m[91m)[0m[m [0m[91m([0m[91m([0m[m++[0m[91m)[0m[m [0m[92m▲[0m[92m [0m[my[0m[m [0m[mz[0m[91m)[0m[m [0m[91m≡[0m[91m [0m[91m([0m[m++[0m[91m)[0m[m [0m[92m▲[0m[92m [0m[91m([0m[91m([0m[m++[0m[91m)[0m[m [0m[92m▲[0m[92m [0m[91m([0m[m[][0m[m [0m[92m▲[0m[91m)[0m[m [0m[my[0m[91m)[0m[m [0m[mz[0m[91m)[0m[m
[0m[m  [0m[91m∧[0m[91m
[0m[m  [0m[91m([0m[91m∀[0m[91m [0m[ma[0m[m [0m[mb[0m[91m.[0m[m
[0m[m   [0m[91m([0m[91m([0m[m++[0m[91m)[0m[m [0m[92m▲[0m[92m [0m[mb[0m[m [0m[91m([0m[91m([0m[m++[0m[91m)[0m[m [0m[92m▲[0m[92m [0m[my[0m[m [0m[mz[0m[91m)[0m[m [0m[91m≡[0m[91m [0m[91m([0m[m++[0m[91m)[0m[m [0m[92m▲[0m[92m [0m[91m([0m[91m([0m[m++[0m[91m)[0m[m [0m[92m▲[0m[92m [0m[mb[0m[m [0m[my[0m[91m)[0m[m [0m[mz[0m[91m)[0m[m
[0m[m   [0m[91m⇒[0m[91m
[0m[m   [0m[91m([0m[91m([0m[m++[0m[91m)[0m[m [0m[92m▲[0m[92m [0m[91m([0m[91m([0m[m:[0m[91m)[0m[m [0m[92m▲[0m[92m [0m[ma[0m[m [0m[mb[0m[91m)[0m[m [0m[91m([0m[91m([0m[m++[0m[91m)[0m[m [0m[92m▲[0m[92m [0m[my[0m[m [0m[mz[0m[91m)[0m[m
[0m[m    [0m[91m≡[0m[91m
[0m[m    [0m[91m([0m[m++[0m[91m)[0m[m [0m[92m▲[0m[92m [0m[91m([0m[91m([0m[m++[0m[91m)[0m[m [0m[92m▲[0m[92m [0m[91m([0m[91m([0m[m:[0m[91m)[0m[m [0m[92m▲[0m[92m [0m[ma[0m[m [0m[mb[0m[91m)[0m[m [0m[my[0m[91m)[0m[m [0m[mz[0m[91m)[0m[91m)[0m
[Done]

[mGoal:[0m[m
[0m[m  [0m[91m([0m[m++[0m[91m)[0m[m [0m[92m▲[0m[92m [0m[91m([0m[m[][0m[m [0m[92m▲[0m[91m)[0m[m [0m[91m([0m[91m([0m[m++[0m[91m)[0m[m [0m[92m▲[0m[92m [0m[my[0m[m [0m[mz[0m[91m)[0m[m [0m[91m≡[0m[91m [0m[91m([0m[m++[0m[91m)[0m[m [0m[92m▲[0m[92m [0m[91m([0m[91m([0m[m++[0m[91m)[0m[m [0m[92m▲[0m[92m [0m[91m([0m[m[][0m[m [0m[92m▲[0m[91m)[0m[m [0m[my[0m[91m)[0m[m [0m[mz[0m
[Done]

[mGoal:[0m[m
[0m[m  [0m[91m([0m[m++[0m[91m)[0m[m [0m[92m▲[0m[92m [0m[91m([0m[m[][0m[m [0m[92m▲[0m[91m)[0m[m [0m[91m([0m[91m([0m[m++[0m[91m)[0m[m [0m[92m▲[0m[92m [0m[my[0m[m [0m[mz[0m[91m)[0m[m [0m[91m≡[0m[91m [0m[91m([0m[m++[0m[91m)[0m[m [0m[92m▲[0m[92m [0m[91m([0m[91m([0m[m++[0m[91m)[0m[m [0m[92m▲[0m[92m [0m[91m([0m[m[][0m[m [0m[92m▲[0m[91m)[0m[m [0m[my[0m[91m)[0m[m [0m[mz[0m
[Done]

[mGoal:[0m[m
[0m[m  [0m[91m([0m[m++[0m[91m)[0m[m [0m[92m▲[0m[92m [0m[91m([0m[m[][0m[m [0m[92m▲[0m[91m)[0m[m [0m[91m([0m[91m([0m[m++[0m[91m)[0m[m [0m[92m▲[0m[92m [0m[my[0m[m [0m[mz[0m[91m)[0m[m [0m[91m≡[0m[91m [0m[91m([0m[m++[0m[91m)[0m[m [0m[92m▲[0m[92m [0m[91m([0m[91m([0m[m++[0m[91m)[0m[m [0m[92m▲[0m[92m [0m[91m([0m[m[][0m[m [0m[92m▲[0m[91m)[0m[m [0m[my[0m[91m)[0m[m [0m[mz[0m
[Done]

[mGoal:[0m[m
[0m[m  [0m[91m([0m[91mλ[0m[91m [0m[92m△[0m[92m [0m[mds[0m[m [0m[mys[0m[m [0m[91m→[0m[91m
[0m[m     [0m[94mcase[0m[m [0m[mds[0m[m [0m[94mof[0m[m [0m[mwild[0m[m [0m[92m▲[0m[92m
[0m[m       [0m[m[][0m[m [0m[91m→[0m[91m [0m[mys[0m[m
[0m[m       [0m[91m([0m[m:[0m[91m)[0m[m [0m[mx[0m[m [0m[mxs[0m[m [0m[91m→[0m[91m [0m[91m([0m[m:[0m[91m)[0m[m [0m[92m▲[0m[92m [0m[mx[0m[m [0m[91m([0m[91m([0m[m++[0m[91m)[0m[m [0m[92m▲[0m[92m [0m[mxs[0m[m [0m[mys[0m[91m)[0m[91m)[0m[m [0m[92m▲[0m[92m [0m[91m([0m[m[][0m[m [0m[92m▲[0m[91m)[0m[m [0m[91m([0m[91m([0m[m++[0m[91m)[0m[m [0m[92m▲[0m[92m [0m[my[0m[m [0m[mz[0m[91m)[0m[m
[0m[m  [0m[91m≡[0m[91m
[0m[m  [0m[91m([0m[m++[0m[91m)[0m[m [0m[92m▲[0m[92m [0m[91m([0m[91m([0m[m++[0m[91m)[0m[m [0m[92m▲[0m[92m [0m[91m([0m[m[][0m[m [0m[92m▲[0m[91m)[0m[m [0m[my[0m[91m)[0m[m [0m[mz[0m
[Done]

[mGoal:[0m[m
[0m[m  [0m[91m([0m[m++[0m[91m)[0m[m [0m[92m▲[0m[92m [0m[my[0m[m [0m[mz[0m[m [0m[91m≡[0m[91m [0m[91m([0m[m++[0m[91m)[0m[m [0m[92m▲[0m[92m [0m[91m([0m[91m([0m[m++[0m[91m)[0m[m [0m[92m▲[0m[92m [0m[91m([0m[m[][0m[m [0m[92m▲[0m[91m)[0m[m [0m[my[0m[91m)[0m[m [0m[mz[0m
[Done]

[mGoal:[0m[m
[0m[m  [0m[91m([0m[m++[0m[91m)[0m[m [0m[92m▲[0m[92m [0m[my[0m[m [0m[mz[0m[m [0m[91m≡[0m[91m [0m[91m([0m[m++[0m[91m)[0m[m [0m[92m▲[0m[92m [0m[my[0m[m [0m[mz[0m
[Done]

[mGoal:[0m[m
[0m[m  [0m[91mtrue[0m
[Done]

[mGoal:[0m[m
[0m[m  [0m[91mtrue[0m
[Done]

[mGoal:[0m[m
[0m[m  [0m[91m([0m[91mtrue[0m[91m)[0m[m
[0m[m  [0m[91m∧[0m[91m
[0m[m  [0m[91m([0m[91m([0m[91mtrue[0m[91m)[0m[m
[0m[m   [0m[91m∧[0m[91m
[0m[m   [0m[91m([0m[91m∀[0m[91m [0m[ma[0m[m [0m[mb[0m[91m.[0m[m
[0m[m    [0m[91m([0m[91m([0m[m++[0m[91m)[0m[m [0m[92m▲[0m[92m [0m[mb[0m[m [0m[91m([0m[91m([0m[m++[0m[91m)[0m[m [0m[92m▲[0m[92m [0m[my[0m[m [0m[mz[0m[91m)[0m[m [0m[91m≡[0m[91m [0m[91m([0m[m++[0m[91m)[0m[m [0m[92m▲[0m[92m [0m[91m([0m[91m([0m[m++[0m[91m)[0m[m [0m[92m▲[0m[92m [0m[mb[0m[m [0m[my[0m[91m)[0m[m [0m[mz[0m[91m)[0m[m
[0m[m    [0m[91m⇒[0m[91m
[0m[m    [0m[91m([0m[91m([0m[m++[0m[91m)[0m[m [0m[92m▲[0m[92m [0m[91m([0m[91m([0m[m:[0m[91m)[0m[m [0m[92m▲[0m[92m [0m[ma[0m[m [0m[mb[0m[91m)[0m[m [0m[91m([0m[91m([0m[m++[0m[91m)[0m[m [0m[92m▲[0m[92m [0m[my[0m[m [0m[mz[0m[91m)[0m[m
[0m[m     [0m[91m≡[0m[91m
[0m[m     [0m[91m([0m[m++[0m[91m)[0m[m [0m[92m▲[0m[92m [0m[91m([0m[91m([0m[m++[0m[91m)[0m[m [0m[92m▲[0m[92m [0m[91m([0m[91m([0m[m:[0m[91m)[0m[m [0m[92m▲[0m[92m [0m[ma[0m[m [0m[mb[0m[91m)[0m[m [0m[my[0m[91m)[0m[m [0m[mz[0m[91m)[0m[91m)[0m[91m)[0m
[Done]

[mGoal:[0m[m
[0m[m  [0m[91m([0m[91mtrue[0m[91m)[0m[m
[0m[m  [0m[91m∧[0m[91m
[0m[m  [0m[91m([0m[91m([0m[91mtrue[0m[91m)[0m[m
[0m[m   [0m[91m∧[0m[91m
[0m[m   [0m[91m([0m[91m∀[0m[91m [0m[ma[0m[m [0m[mb[0m[91m.[0m[m
[0m[m    [0m[91m([0m[91m([0m[m++[0m[91m)[0m[m [0m[92m▲[0m[92m [0m[mb[0m[m [0m[91m([0m[91m([0m[m++[0m[91m)[0m[m [0m[92m▲[0m[92m [0m[my[0m[m [0m[mz[0m[91m)[0m[m [0m[91m≡[0m[91m [0m[91m([0m[m++[0m[91m)[0m[m [0m[92m▲[0m[92m [0m[91m([0m[91m([0m[m++[0m[91m)[0m[m [0m[92m▲[0m[92m [0m[mb[0m[m [0m[my[0m[91m)[0m[m [0m[mz[0m[91m)[0m[m
[0m[m    [0m[91m⇒[0m[91m
[0m[m    [0m[91m([0m[91m([0m[m++[0m[91m)[0m[m [0m[92m▲[0m[92m [0m[91m([0m[91m([0m[m:[0m[91m)[0m[m [0m[92m▲[0m[92m [0m[ma[0m[m [0m[mb[0m[91m)[0m[m [0m[91m([0m[91m([0m[m++[0m[91m)[0m[m [0m[92m▲[0m[92m [0m[my[0m[m [0m[mz[0m[91m)[0m[m
[0m[m     [0m[91m≡[0m[91m
[0m[m     [0m[91m([0m[m++[0m[91m)[0m[m [0m[92m▲[0m[92m [0m[91m([0m[91m([0m[m++[0m[91m)[0m[m [0m[92m▲[0m[92m [0m[91m([0m[91m([0m[m:[0m[91m)[0m[m [0m[92m▲[0m[92m [0m[ma[0m[m [0m[mb[0m[91m)[0m[m [0m[my[0m[91m)[0m[m [0m[mz[0m[91m)[0m[91m)[0m[91m)[0m
[Done]

[mGoal:[0m[m
[0m[m  [0m[91m([0m[91mtrue[0m[91m)[0m[m
[0m[m  [0m[91m∧[0m[91m
[0m[m  [0m[91m([0m[91m∀[0m[91m [0m[ma[0m[m [0m[mb[0m[91m.[0m[m
[0m[m   [0m[91m([0m[91m([0m[m++[0m[91m)[0m[m [0m[92m▲[0m[92m [0m[mb[0m[m [0m[91m([0m[91m([0m[m++[0m[91m)[0m[m [0m[92m▲[0m[92m [0m[my[0m[m [0m[mz[0m[91m)[0m[m [0m[91m≡[0m[91m [0m[91m([0m[m++[0m[91m)[0m[m [0m[92m▲[0m[92m [0m[91m([0m[91m([0m[m++[0m[91m)[0m[m [0m[92m▲[0m[92m [0m[mb[0m[m [0m[my[0m[91m)[0m[m [0m[mz[0m[91m)[0m[m
[0m[m   [0m[91m⇒[0m[91m
[0m[m   [0m[91m([0m[91m([0m[m++[0m[91m)[0m[m [0m[92m▲[0m[92m [0m[91m([0m[91m([0m[m:[0m[91m)[0m[m [0m[92m▲[0m[92m [0m[ma[0m[m [0m[mb[0m[91m)[0m[m [0m[91m([0m[91m([0m[m++[0m[91m)[0m[m [0m[92m▲[0m[92m [0m[my[0m[m [0m[mz[0m[91m)[0m[m
[0m[m    [0m[91m≡[0m[91m
[0m[m    [0m[91m([0m[m++[0m[91m)[0m[m [0m[92m▲[0m[92m [0m[91m([0m[91m([0m[m++[0m[91m)[0m[m [0m[92m▲[0m[92m [0m[91m([0m[91m([0m[m:[0m[91m)[0m[m [0m[92m▲[0m[92m [0m[ma[0m[m [0m[mb[0m[91m)[0m[m [0m[my[0m[91m)[0m[m [0m[mz[0m[91m)[0m[91m)[0m
[Done]

[mGoal:[0m[m
[0m[m  [0m[91m∀[0m[91m [0m[ma[0m[m [0m[mb[0m[91m.[0m[m
[0m[m  [0m[91m([0m[91m([0m[m++[0m[91m)[0m[m [0m[92m▲[0m[92m [0m[mb[0m[m [0m[91m([0m[91m([0m[m++[0m[91m)[0m[m [0m[92m▲[0m[92m [0m[my[0m[m [0m[mz[0m[91m)[0m[m [0m[91m≡[0m[91m [0m[91m([0m[m++[0m[91m)[0m[m [0m[92m▲[0m[92m [0m[91m([0m[91m([0m[m++[0m[91m)[0m[m [0m[92m▲[0m[92m [0m[mb[0m[m [0m[my[0m[91m)[0m[m [0m[mz[0m[91m)[0m[m
[0m[m  [0m[91m⇒[0m[91m
[0m[m  [0m[91m([0m[91m([0m[m++[0m[91m)[0m[m [0m[92m▲[0m[92m [0m[91m([0m[91m([0m[m:[0m[91m)[0m[m [0m[92m▲[0m[92m [0m[ma[0m[m [0m[mb[0m[91m)[0m[m [0m[91m([0m[91m([0m[m++[0m[91m)[0m[m [0m[92m▲[0m[92m [0m[my[0m[m [0m[mz[0m[91m)[0m[m [0m[91m≡[0m[91m [0m[91m([0m[m++[0m[91m)[0m[m [0m[92m▲[0m[92m [0m[91m([0m[91m([0m[m++[0m[91m)[0m[m [0m[92m▲[0m[92m [0m[91m([0m[91m([0m[m:[0m[91m)[0m[m [0m[92m▲[0m[92m [0m[ma[0m[m [0m[mb[0m[91m)[0m[m [0m[my[0m[91m)[0m[m [0m[mz[0m[91m)[0m
[Done]

[mGoal:[0m[m
[0m[m  [0m[91m([0m[91m([0m[m++[0m[91m)[0m[m [0m[92m▲[0m[92m [0m[mb[0m[m [0m[91m([0m[91m([0m[m++[0m[91m)[0m[m [0m[92m▲[0m[92m [0m[my[0m[m [0m[mz[0m[91m)[0m[m [0m[91m≡[0m[91m [0m[91m([0m[m++[0m[91m)[0m[m [0m[92m▲[0m[92m [0m[91m([0m[91m([0m[m++[0m[91m)[0m[m [0m[92m▲[0m[92m [0m[mb[0m[m [0m[my[0m[91m)[0m[m [0m[mz[0m[91m)[0m[m
[0m[m  [0m[91m⇒[0m[91m
[0m[m  [0m[91m([0m[91m([0m[m++[0m[91m)[0m[m [0m[92m▲[0m[92m [0m[91m([0m[91m([0m[m:[0m[91m)[0m[m [0m[92m▲[0m[92m [0m[ma[0m[m [0m[mb[0m[91m)[0m[m [0m[91m([0m[91m([0m[m++[0m[91m)[0m[m [0m[92m▲[0m[92m [0m[my[0m[m [0m[mz[0m[91m)[0m[m [0m[91m≡[0m[91m [0m[91m([0m[m++[0m[91m)[0m[m [0m[92m▲[0m[92m [0m[91m([0m[91m([0m[m++[0m[91m)[0m[m [0m[92m▲[0m[92m [0m[91m([0m[91m([0m[m:[0m[91m)[0m[m [0m[92m▲[0m[92m [0m[ma[0m[m [0m[mb[0m[91m)[0m[m [0m[my[0m[91m)[0m[m [0m[mz[0m[91m)[0m
[Done]

[mAssumed lemmas: [0m[m
[0m[m[0m[mind-hyp-0[0m[m [0m[m(Built In)[0m[m
[0m[m  [0m[91m([0m[m++[0m[91m)[0m[m [0m[92m▲[0m[92m [0m[mb[0m[m [0m[91m([0m[91m([0m[m++[0m[91m)[0m[m [0m[92m▲[0m[92m [0m[my[0m[m [0m[mz[0m[91m)[0m[m [0m[91m≡[0m[91m [0m[91m([0m[m++[0m[91m)[0m[m [0m[92m▲[0m[92m [0m[91m([0m[91m([0m[m++[0m[91m)[0m[m [0m[92m▲[0m[92m [0m[mb[0m[m [0m[my[0m[91m)[0m[m [0m[mz[0m[m
[0m[m[0m[mGoal:[0m[m
[0m[m  [0m[91m([0m[m++[0m[91m)[0m[m [0m[92m▲[0m[92m [0m[91m([0m[91m([0m[m:[0m[91m)[0m[m [0m[92m▲[0m[92m [0m[ma[0m[m [0m[mb[0m[91m)[0m[m [0m[91m([0m[91m([0m[m++[0m[91m)[0m[m [0m[92m▲[0m[92m [0m[my[0m[m [0m[mz[0m[91m)[0m[m [0m[91m≡[0m[91m [0m[91m([0m[m++[0m[91m)[0m[m [0m[92m▲[0m[92m [0m[91m([0m[91m([0m[m++[0m[91m)[0m[m [0m[92m▲[0m[92m [0m[91m([0m[91m([0m[m:[0m[91m)[0m[m [0m[92m▲[0m[92m [0m[ma[0m[m [0m[mb[0m[91m)[0m[m [0m[my[0m[91m)[0m[m [0m[mz[0m
[Done]

[mAssumed lemmas: [0m[m
[0m[m[0m[mind-hyp-0[0m[m [0m[m(Built In)[0m[m
[0m[m  [0m[91m([0m[m++[0m[91m)[0m[m [0m[92m▲[0m[92m [0m[mb[0m[m [0m[91m([0m[91m([0m[m++[0m[91m)[0m[m [0m[92m▲[0m[92m [0m[my[0m[m [0m[mz[0m[91m)[0m[m [0m[91m≡[0m[91m [0m[91m([0m[m++[0m[91m)[0m[m [0m[92m▲[0m[92m [0m[91m([0m[91m([0m[m++[0m[91m)[0m[m [0m[92m▲[0m[92m [0m[mb[0m[m [0m[my[0m[91m)[0m[m [0m[mz[0m[m
[0m[m[0m[mGoal:[0m[m
[0m[m  [0m[91m([0m[91mλ[0m[91m [0m[92m△[0m[92m [0m[mds[0m[m [0m[mys[0m[m [0m[91m→[0m[91m
[0m[m     [0m[94mcase[0m[m [0m[mds[0m[m [0m[94mof[0m[m [0m[mwild[0m[m [0m[92m▲[0m[92m
[0m[m       [0m[m[][0m[m [0m[91m→[0m[91m [0m[mys[0m[m
[0m[m       [0m[91m([0m[m:[0m[91m)[0m[m [0m[mx[0m[m [0m[mxs[0m[m [0m[91m→[0m[91m [0m[91m([0m[m:[0m[91m)[0m[m [0m[92m▲[0m[92m [0m[mx[0m[m [0m[91m([0m[91m([0m[m++[0m[91m)[0m[m [0m[92m▲[0m[92m [0m[mxs[0m[m [0m[mys[0m[91m)[0m[91m)[0m[m [0m[92m▲[0m[92m [0m[91m([0m[91m([0m[m:[0m[91m)[0m[m [0m[92m▲[0m[92m [0m[ma[0m[m [0m[mb[0m[91m)[0m[m [0m[91m([0m[91m([0m[m++[0m[91m)[0m[m [0m[92m▲[0m[92m [0m[my[0m[m [0m[mz[0m[91m)[0m[m
[0m[m  [0m[91m≡[0m[91m
[0m[m  [0m[91m([0m[m++[0m[91m)[0m[m [0m[92m▲[0m[92m [0m[91m([0m[91m([0m[m++[0m[91m)[0m[m [0m[92m▲[0m[92m [0m[91m([0m[91m([0m[m:[0m[91m)[0m[m [0m[92m▲[0m[92m [0m[ma[0m[m [0m[mb[0m[91m)[0m[m [0m[my[0m[91m)[0m[m [0m[mz[0m
[Done]

[mAssumed lemmas: [0m[m
[0m[m[0m[mind-hyp-0[0m[m [0m[m(Built In)[0m[m
[0m[m  [0m[91m([0m[m++[0m[91m)[0m[m [0m[92m▲[0m[92m [0m[mb[0m[m [0m[91m([0m[91m([0m[m++[0m[91m)[0m[m [0m[92m▲[0m[92m [0m[my[0m[m [0m[mz[0m[91m)[0m[m [0m[91m≡[0m[91m [0m[91m([0m[m++[0m[91m)[0m[m [0m[92m▲[0m[92m [0m[91m([0m[91m([0m[m++[0m[91m)[0m[m [0m[92m▲[0m[92m [0m[mb[0m[m [0m[my[0m[91m)[0m[m [0m[mz[0m[m
[0m[m[0m[mGoal:[0m[m
[0m[m  [0m[91m([0m[m:[0m[91m)[0m[m [0m[92m▲[0m[92m [0m[ma[0m[m [0m[91m([0m[91m([0m[m++[0m[91m)[0m[m [0m[92m▲[0m[92m [0m[mb[0m[m [0m[91m([0m[91m([0m[m++[0m[91m)[0m[m [0m[92m▲[0m[92m [0m[my[0m[m [0m[mz[0m[91m)[0m[91m)[0m[m [0m[91m≡[0m[91m [0m[91m([0m[m++[0m[91m)[0m[m [0m[92m▲[0m[92m [0m[91m([0m[91m([0m[m++[0m[91m)[0m[m [0m[92m▲[0m[92m [0m[91m([0m[91m([0m[m:[0m[91m)[0m[m [0m[92m▲[0m[92m [0m[ma[0m[m [0m[mb[0m[91m)[0m[m [0m[my[0m[91m)[0m[m [0m[mz[0m
[Done]

[mAssumed lemmas: [0m[m
[0m[m[0m[mind-hyp-0[0m[m [0m[m(Built In)[0m[m
[0m[m  [0m[91m([0m[m++[0m[91m)[0m[m [0m[92m▲[0m[92m [0m[mb[0m[m [0m[91m([0m[91m([0m[m++[0m[91m)[0m[m [0m[92m▲[0m[92m [0m[my[0m[m [0m[mz[0m[91m)[0m[m [0m[91m≡[0m[91m [0m[91m([0m[m++[0m[91m)[0m[m [0m[92m▲[0m[92m [0m[91m([0m[91m([0m[m++[0m[91m)[0m[m [0m[92m▲[0m[92m [0m[mb[0m[m [0m[my[0m[91m)[0m[m [0m[mz[0m[m
[0m[m[0m[mGoal:[0m[m
[0m[m  [0m[91m([0m[m:[0m[91m)[0m[m [0m[92m▲[0m[92m [0m[ma[0m[m [0m[91m([0m[91m([0m[m++[0m[91m)[0m[m [0m[92m▲[0m[92m [0m[91m([0m[91m([0m[m++[0m[91m)[0m[m [0m[92m▲[0m[92m [0m[mb[0m[m [0m[my[0m[91m)[0m[m [0m[mz[0m[91m)[0m[m [0m[91m≡[0m[91m [0m[91m([0m[m++[0m[91m)[0m[m [0m[92m▲[0m[92m [0m[91m([0m[91m([0m[m++[0m[91m)[0m[m [0m[92m▲[0m[92m [0m[91m([0m[91m([0m[m:[0m[91m)[0m[m [0m[92m▲[0m[92m [0m[ma[0m[m [0m[mb[0m[91m)[0m[m [0m[my[0m[91m)[0m[m [0m[mz[0m
[Done]

[mAssumed lemmas: [0m[m
[0m[m[0m[mind-hyp-0[0m[m [0m[m(Built In)[0m[m
[0m[m  [0m[91m([0m[m++[0m[91m)[0m[m [0m[92m▲[0m[92m [0m[mb[0m[m [0m[91m([0m[91m([0m[m++[0m[91m)[0m[m [0m[92m▲[0m[92m [0m[my[0m[m [0m[mz[0m[91m)[0m[m [0m[91m≡[0m[91m [0m[91m([0m[m++[0m[91m)[0m[m [0m[92m▲[0m[92m [0m[91m([0m[91m([0m[m++[0m[91m)[0m[m [0m[92m▲[0m[92m [0m[mb[0m[m [0m[my[0m[91m)[0m[m [0m[mz[0m[m
[0m[m[0m[mGoal:[0m[m
[0m[m  [0m[91m([0m[m:[0m[91m)[0m[m [0m[92m▲[0m[92m [0m[ma[0m[m [0m[91m([0m[91m([0m[m++[0m[91m)[0m[m [0m[92m▲[0m[92m [0m[91m([0m[91m([0m[m++[0m[91m)[0m[m [0m[92m▲[0m[92m [0m[mb[0m[m [0m[my[0m[91m)[0m[m [0m[mz[0m[91m)[0m[m [0m[91m≡[0m[91m [0m[91m([0m[m++[0m[91m)[0m[m [0m[92m▲[0m[92m [0m[91m([0m[91m([0m[m++[0m[91m)[0m[m [0m[92m▲[0m[92m [0m[91m([0m[91m([0m[m:[0m[91m)[0m[m [0m[92m▲[0m[92m [0m[ma[0m[m [0m[mb[0m[91m)[0m[m [0m[my[0m[91m)[0m[m [0m[mz[0m
[Done]

[mAssumed lemmas: [0m[m
[0m[m[0m[mind-hyp-0[0m[m [0m[m(Built In)[0m[m
[0m[m  [0m[91m([0m[m++[0m[91m)[0m[m [0m[92m▲[0m[92m [0m[mb[0m[m [0m[91m([0m[91m([0m[m++[0m[91m)[0m[m [0m[92m▲[0m[92m [0m[my[0m[m [0m[mz[0m[91m)[0m[m [0m[91m≡[0m[91m [0m[91m([0m[m++[0m[91m)[0m[m [0m[92m▲[0m[92m [0m[91m([0m[91m([0m[m++[0m[91m)[0m[m [0m[92m▲[0m[92m [0m[mb[0m[m [0m[my[0m[91m)[0m[m [0m[mz[0m[m
[0m[m[0m[mGoal:[0m[m
[0m[m  [0m[91m([0m[m++[0m[91m)[0m[m [0m[92m▲[0m[92m [0m[91m([0m[91m([0m[m++[0m[91m)[0m[m [0m[92m▲[0m[92m [0m[91m([0m[91m([0m[m:[0m[91m)[0m[m [0m[92m▲[0m[92m [0m[ma[0m[m [0m[mb[0m[91m)[0m[m [0m[my[0m[91m)[0m[m [0m[mz[0m
[Done]

[mAssumed lemmas: [0m[m
[0m[m[0m[mind-hyp-0[0m[m [0m[m(Built In)[0m[m
[0m[m  [0m[91m([0m[m++[0m[91m)[0m[m [0m[92m▲[0m[92m [0m[mb[0m[m [0m[91m([0m[91m([0m[m++[0m[91m)[0m[m [0m[92m▲[0m[92m [0m[my[0m[m [0m[mz[0m[91m)[0m[m [0m[91m≡[0m[91m [0m[91m([0m[m++[0m[91m)[0m[m [0m[92m▲[0m[92m [0m[91m([0m[91m([0m[m++[0m[91m)[0m[m [0m[92m▲[0m[92m [0m[mb[0m[m [0m[my[0m[91m)[0m[m [0m[mz[0m[m
[0m[m[0m[mGoal:[0m[m
[0m[m  [0m[91m([0m[91mλ[0m[91m [0m[92m△[0m[92m [0m[mds[0m[m [0m[mys[0m[m [0m[91m→[0m[91m
[0m[m     [0m[94mcase[0m[m [0m[mds[0m[m [0m[94mof[0m[m [0m[mwild[0m[m [0m[92m▲[0m[92m
[0m[m       [0m[m[][0m[m [0m[91m→[0m[91m [0m[mys[0m[m
[0m[m       [0m[91m([0m[m:[0m[91m)[0m[m [0m[mx[0m[m [0m[mxs[0m[m [0m[91m→[0m[91m [0m[91m([0m[m:[0m[91m)[0m[m [0m[92m▲[0m[92m [0m[mx[0m[m [0m[91m([0m[91m([0m[m++[0m[91m)[0m[m [0m[92m▲[0m[92m [0m[mxs[0m[m [0m[mys[0m[91m)[0m[91m)[0m[m [0m[92m▲[0m[92m [0m[91m([0m[91m([0m[m++[0m[91m)[0m[m [0m[92m▲[0m[92m [0m[91m([0m[91m([0m[m:[0m[91m)[0m[m [0m[92m▲[0m[92m [0m[ma[0m[m [0m[mb[0m[91m)[0m[m [0m[my[0m[91m)[0m[m [0m[mz[0m
[Done]

[mAssumed lemmas: [0m[m
[0m[m[0m[mind-hyp-0[0m[m [0m[m(Built In)[0m[m
[0m[m  [0m[91m([0m[m++[0m[91m)[0m[m [0m[92m▲[0m[92m [0m[mb[0m[m [0m[91m([0m[91m([0m[m++[0m[91m)[0m[m [0m[92m▲[0m[92m [0m[my[0m[m [0m[mz[0m[91m)[0m[m [0m[91m≡[0m[91m [0m[91m([0m[m++[0m[91m)[0m[m [0m[92m▲[0m[92m [0m[91m([0m[91m([0m[m++[0m[91m)[0m[m [0m[92m▲[0m[92m [0m[mb[0m[m [0m[my[0m[91m)[0m[m [0m[mz[0m[m
[0m[m[0m[mGoal:[0m[m
[0m[m  [0m[94mcase[0m[m [0m[91m([0m[m++[0m[91m)[0m[m [0m[92m▲[0m[92m [0m[91m([0m[91m([0m[m:[0m[91m)[0m[m [0m[92m▲[0m[92m [0m[ma[0m[m [0m[mb[0m[91m)[0m[m [0m[my[0m[m [0m[94mof[0m[m [0m[mwild[0m[m [0m[92m▲[0m[92m
[0m[m    [0m[m[][0m[m [0m[91m→[0m[91m [0m[mz[0m[m
[0m[m    [0m[91m([0m[m:[0m[91m)[0m[m [0m[mx[0m[m [0m[mxs[0m[m [0m[91m→[0m[91m [0m[91m([0m[m:[0m[91m)[0m[m [0m[92m▲[0m[92m [0m[mx[0m[m [0m[91m([0m[91m([0m[m++[0m[91m)[0m[m [0m[92m▲[0m[92m [0m[mxs[0m[m [0m[mz[0m[91m)[0m
[Done]

[mAssumed lemmas: [0m[m
[0m[m[0m[mind-hyp-0[0m[m [0m[m(Built In)[0m[m
[0m[m  [0m[91m([0m[m++[0m[91m)[0m[m [0m[92m▲[0m[92m [0m[mb[0m[m [0m[91m([0m[91m([0m[m++[0m[91m)[0m[m [0m[92m▲[0m[92m [0m[my[0m[m [0m[mz[0m[91m)[0m[m [0m[91m≡[0m[91m [0m[91m([0m[m++[0m[91m)[0m[m [0m[92m▲[0m[92m [0m[91m([0m[91m([0m[m++[0m[91m)[0m[m [0m[92m▲[0m[92m [0m[mb[0m[m [0m[my[0m[91m)[0m[m [0m[mz[0m[m
[0m[m[0m[mGoal:[0m[m
[0m[m  [0m[94mcase[0m[m [0m[91m([0m[91mλ[0m[91m [0m[92m△[0m[92m [0m[mds[0m[m [0m[mys[0m[m [0m[91m→[0m[91m
[0m[m          [0m[94mcase[0m[m [0m[mds[0m[m [0m[94mof[0m[m [0m[mwild[0m[m [0m[92m▲[0m[92m
[0m[m            [0m[m[][0m[m [0m[91m→[0m[91m [0m[mys[0m[m
[0m[m            [0m[91m([0m[m:[0m[91m)[0m[m [0m[mx[0m[m [0m[mxs[0m[m [0m[91m→[0m[91m [0m[91m([0m[m:[0m[91m)[0m[m [0m[92m▲[0m[92m [0m[mx[0m[m [0m[91m([0m[91m([0m[m++[0m[91m)[0m[m [0m[92m▲[0m[92m [0m[mxs[0m[m [0m[mys[0m[91m)[0m[91m)[0m[m [0m[92m▲[0m[92m [0m[91m([0m[91m([0m[m:[0m[91m)[0m[m [0m[92m▲[0m[92m [0m[ma[0m[m [0m[mb[0m[91m)[0m[m [0m[my[0m[m
[0m[m   [0m[94mof[0m[m [0m[mwild[0m[m [0m[92m▲[0m[92m
[0m[m    [0m[m[][0m[m [0m[91m→[0m[91m [0m[mz[0m[m
[0m[m    [0m[91m([0m[m:[0m[91m)[0m[m [0m[mx[0m[m [0m[mxs[0m[m [0m[91m→[0m[91m [0m[91m([0m[m:[0m[91m)[0m[m [0m[92m▲[0m[92m [0m[mx[0m[m [0m[91m([0m[91m([0m[m++[0m[91m)[0m[m [0m[92m▲[0m[92m [0m[mxs[0m[m [0m[mz[0m[91m)[0m
[Done]

[mAssumed lemmas: [0m[m
[0m[m[0m[mind-hyp-0[0m[m [0m[m(Built In)[0m[m
[0m[m  [0m[91m([0m[m++[0m[91m)[0m[m [0m[92m▲[0m[92m [0m[mb[0m[m [0m[91m([0m[91m([0m[m++[0m[91m)[0m[m [0m[92m▲[0m[92m [0m[my[0m[m [0m[mz[0m[91m)[0m[m [0m[91m≡[0m[91m [0m[91m([0m[m++[0m[91m)[0m[m [0m[92m▲[0m[92m [0m[91m([0m[91m([0m[m++[0m[91m)[0m[m [0m[92m▲[0m[92m [0m[mb[0m[m [0m[my[0m[91m)[0m[m [0m[mz[0m[m
[0m[m[0m[mGoal:[0m[m
[0m[m  [0m[91m([0m[m:[0m[91m)[0m[m [0m[92m▲[0m[92m [0m[ma[0m[m [0m[91m([0m[91m([0m[m++[0m[91m)[0m[m [0m[92m▲[0m[92m [0m[91m([0m[91m([0m[m++[0m[91m)[0m[m [0m[92m▲[0m[92m [0m[mb[0m[m [0m[my[0m[91m)[0m[m [0m[mz[0m[91m)[0m
[Done]

[mAssumed lemmas: [0m[m
[0m[m[0m[mind-hyp-0[0m[m [0m[m(Built In)[0m[m
[0m[m  [0m[91m([0m[m++[0m[91m)[0m[m [0m[92m▲[0m[92m [0m[mb[0m[m [0m[91m([0m[91m([0m[m++[0m[91m)[0m[m [0m[92m▲[0m[92m [0m[my[0m[m [0m[mz[0m[91m)[0m[m [0m[91m≡[0m[91m [0m[91m([0m[m++[0m[91m)[0m[m [0m[92m▲[0m[92m [0m[91m([0m[91m([0m[m++[0m[91m)[0m[m [0m[92m▲[0m[92m [0m[mb[0m[m [0m[my[0m[91m)[0m[m [0m[mz[0m[m
[0m[m[0m[mGoal:[0m[m
[0m[m  [0m[91m([0m[m:[0m[91m)[0m[m [0m[92m▲[0m[92m [0m[ma[0m[m [0m[91m([0m[91m([0m[m++[0m[91m)[0m[m [0m[92m▲[0m[92m [0m[91m([0m[91m([0m[m++[0m[91m)[0m[m [0m[92m▲[0m[92m [0m[mb[0m[m [0m[my[0m[91m)[0m[m [0m[mz[0m[91m)[0m[m [0m[91m≡[0m[91m [0m[91m([0m[m:[0m[91m)[0m[m [0m[92m▲[0m[92m [0m[ma[0m[m [0m[91m([0m[91m([0m[m++[0m[91m)[0m[m [0m[92m▲[0m[92m [0m[91m([0m[91m([0m[m++[0m[91m)[0m[m [0m[92m▲[0m[92m [0m[mb[0m[m [0m[my[0m[91m)[0m[m [0m[mz[0m[91m)[0m
[Done]

[mAssumed lemmas: [0m[m
[0m[m[0m[mind-hyp-0[0m[m [0m[m(Built In)[0m[m
[0m[m  [0m[91m([0m[m++[0m[91m)[0m[m [0m[92m▲[0m[92m [0m[mb[0m[m [0m[91m([0m[91m([0m[m++[0m[91m)[0m[m [0m[92m▲[0m[92m [0m[my[0m[m [0m[mz[0m[91m)[0m[m [0m[91m≡[0m[91m [0m[91m([0m[m++[0m[91m)[0m[m [0m[92m▲[0m[92m [0m[91m([0m[91m([0m[m++[0m[91m)[0m[m [0m[92m▲[0m[92m [0m[mb[0m[m [0m[my[0m[91m)[0m[m [0m[mz[0m[m
[0m[m[0m[mGoal:[0m[m
[0m[m  [0m[91mtrue[0m
[Done]

[mGoal:[0m[m
[0m[m  [0m[91m([0m[91mtrue[0m[91m)[0m[m
[0m[m  [0m[91m∧[0m[91m
[0m[m  [0m[91m([0m[91m([0m[91mtrue[0m[91m)[0m[m
[0m[m   [0m[91m∧[0m[91m
[0m[m   [0m[91m([0m[91m∀[0m[91m [0m[ma[0m[m [0m[mb[0m[91m.[0m[m [0m[91m([0m[91m([0m[m++[0m[91m)[0m[m [0m[92m▲[0m[92m [0m[mb[0m[m [0m[91m([0m[91m([0m[m++[0m[91m)[0m[m [0m[92m▲[0m[92m [0m[my[0m[m [0m[mz[0m[91m)[0m[m [0m[91m≡[0m[91m [0m[91m([0m[m++[0m[91m)[0m[m [0m[92m▲[0m[92m [0m[91m([0m[91m([0m[m++[0m[91m)[0m[m [0m[92m▲[0m[92m [0m[mb[0m[m [0m[my[0m[91m)[0m[m [0m[mz[0m[91m)[0m[m [0m[91m⇒[0m[91m [0m[91m([0m[91mtrue[0m[91m)[0m[91m)[0m[91m)[0m
[Done]

[mGoal:[0m[m
[0m[m  [0m[91m∀[0m[91m [0m[92m△[0m[92m [0m[my[0m[m [0m[mz[0m[91m.[0m[m
[0m[m  [0m[91m([0m[91mtrue[0m[91m)[0m[m
[0m[m  [0m[91m∧[0m[91m
[0m[m  [0m[91m([0m[91m([0m[91mtrue[0m[91m)[0m[m
[0m[m   [0m[91m∧[0m[91m
[0m[m   [0m[91m([0m[91m∀[0m[91m [0m[ma[0m[m [0m[mb[0m[91m.[0m[m [0m[91m([0m[91m([0m[m++[0m[91m)[0m[m [0m[92m▲[0m[92m [0m[mb[0m[m [0m[91m([0m[91m([0m[m++[0m[91m)[0m[m [0m[92m▲[0m[92m [0m[my[0m[m [0m[mz[0m[91m)[0m[m [0m[91m≡[0m[91m [0m[91m([0m[m++[0m[91m)[0m[m [0m[92m▲[0m[92m [0m[91m([0m[91m([0m[m++[0m[91m)[0m[m [0m[92m▲[0m[92m [0m[mb[0m[m [0m[my[0m[91m)[0m[m [0m[mz[0m[91m)[0m[m [0m[91m⇒[0m[91m [0m[91m([0m[91mtrue[0m[91m)[0m[91m)[0m[91m)[0m
[Done]

[mGoal:[0m[m
[0m[m  [0m[91mtrue[0m
[Done]

Successfully proven: append-assoc
[94mmodule[0m[m [0m[mListLaws[0m[m [0m[94mwhere[0m[m
[0m[m  [0m[mmempt[0m[m [0m[91m∷[0m[92m [0m[91m∀[0m[91m [0m[92ma[0m[m [0m[91m.[0m[m [0m[92m[[0m[92ma[0m[92m][0m[m
[0m[m  [0m[91m([0m[m++[0m[91m)[0m[m [0m[91m∷[0m[92m [0m[91m∀[0m[91m [0m[92ma[0m[m [0m[91m.[0m[m [0m[92m[[0m[92ma[0m[92m][0m[m [0m[91m→[0m[92m [0m[92m[[0m[92ma[0m[92m][0m[m [0m[91m→[0m[92m [0m[92m[[0m[92ma[0m[92m][0m[m
[0m[m  [0m[mmappen[0m[m [0m[91m∷[0m[92m [0m[91m∀[0m[91m [0m[92ma[0m[m [0m[91m.[0m[m [0m[92m[[0m[92ma[0m[92m][0m[m [0m[91m→[0m[92m [0m[92m[[0m[92ma[0m[92m][0m[m [0m[91m→[0m[92m [0m[92m[[0m[92ma[0m[92m][0m[m
[0m[m  [0m[mtoList[0m[m [0m[91m∷[0m[92m [0m[91m∀[0m[91m [0m[92ma[0m[m [0m[91m.[0m[m [0m[92ma[0m[m [0m[91m→[0m[92m [0m[92m[[0m[92ma[0m[92m][0m[m
[0m[m  [0m[mconcat[0m[m [0m[91m∷[0m[92m [0m[91m∀[0m[91m [0m[92ma[0m[m [0m[91m.[0m[m [0m[92m[[0m[92m[[0m[92ma[0m[92m][0m[92m][0m[m [0m[91m→[0m[92m [0m[92m[[0m[92ma[0m[92m][0m[m
[0m[m  [0m[mmap[0m[m [0m[91m∷[0m[92m [0m[91m∀[0m[91m [0m[92ma[0m[m [0m[92mb[0m[m [0m[91m.[0m[m [0m[91m([0m[92ma[0m[m [0m[91m→[0m[92m [0m[92mb[0m[91m)[0m[m [0m[91m→[0m[92m [0m[92m[[0m[92ma[0m[92m][0m[m [0m[91m→[0m[92m [0m[92m[[0m[92mb[0m[92m][0m[m
[0m[m  [0m[mretur[0m[m [0m[91m∷[0m[92m [0m[91m∀[0m[91m [0m[92ma[0m[m [0m[91m.[0m[m [0m[92ma[0m[m [0m[91m→[0m[92m [0m[92m[[0m[92ma[0m[92m][0m[m
[0m[m  [0m[mbind[0m[m [0m[91m∷[0m[92m [0m[91m∀[0m[91m [0m[92ma[0m[m [0m[92mb[0m[m [0m[91m.[0m[m [0m[92m[[0m[92ma[0m[92m][0m[m [0m[91m→[0m[92m [0m[91m([0m[92ma[0m[m [0m[91m→[0m[92m [0m[92m[[0m[92mb[0m[92m][0m[91m)[0m[m [0m[91m→[0m[92m [0m[92m[[0m[92mb[0m[92m][0m
[Done]

[mconcat-append[0m[m [0m[m(Not Proven)[0m[m
[0m[m  [0m[91m∀[0m[91m [0m[92m△[0m[92m [0m[mx[0m[m [0m[my[0m[91m.[0m[m [0m[mconcat[0m[m [0m[92m▲[0m[92m [0m[91m([0m[91m([0m[m++[0m[91m)[0m[m [0m[92m▲[0m[92m [0m[mx[0m[m [0m[my[0m[91m)[0m[m [0m[91m≡[0m[91m [0m[91m([0m[m++[0m[91m)[0m[m [0m[92m▲[0m[92m [0m[91m([0m[mconcat[0m[m [0m[92m▲[0m[92m [0m[mx[0m[91m)[0m[m [0m[91m([0m[mconcat[0m[m [0m[92m▲[0m[92m [0m[my[0m[91m)[0m
[Done]

[mGoal:[0m[m
[0m[m  [0m[91m∀[0m[91m [0m[92m△[0m[92m [0m[mx[0m[m [0m[my[0m[91m.[0m[m [0m[mconcat[0m[m [0m[92m▲[0m[92m [0m[91m([0m[91m([0m[m++[0m[91m)[0m[m [0m[92m▲[0m[92m [0m[mx[0m[m [0m[my[0m[91m)[0m[m [0m[91m≡[0m[91m [0m[91m([0m[m++[0m[91m)[0m[m [0m[92m▲[0m[92m [0m[91m([0m[mconcat[0m[m [0m[92m▲[0m[92m [0m[mx[0m[91m)[0m[m [0m[91m([0m[mconcat[0m[m [0m[92m▲[0m[92m [0m[my[0m[91m)[0m
[Done]

[mGoal:[0m[m
[0m[m  [0m[91m∀[0m[91m [0m[92m△[0m[92m [0m[my[0m[91m.[0m[m
[0m[m  [0m[91m([0m[mconcat[0m[m [0m[92m▲[0m[92m [0m[91m([0m[91m([0m[m++[0m[91m)[0m[m [0m[92m▲[0m[92m [0m[91m([0m[mundefined[0m[m [0m[92m▲[0m[91m)[0m[m [0m[my[0m[91m)[0m[m
[0m[m   [0m[91m≡[0m[91m
[0m[m   [0m[91m([0m[m++[0m[91m)[0m[m [0m[92m▲[0m[92m [0m[91m([0m[mconcat[0m[m [0m[92m▲[0m[92m [0m[91m([0m[mundefined[0m[m [0m[92m▲[0m[91m)[0m[91m)[0m[m [0m[91m([0m[mconcat[0m[m [0m[92m▲[0m[92m [0m[my[0m[91m)[0m[91m)[0m[m
[0m[m  [0m[91m∧[0m[91m
[0m[m  [0m[91m([0m[91m([0m[mconcat[0m[m [0m[92m▲[0m[92m [0m[91m([0m[91m([0m[m++[0m[91m)[0m[m [0m[92m▲[0m[92m [0m[91m([0m[m[][0m[m [0m[92m▲[0m[91m)[0m[m [0m[my[0m[91m)[0m[m
[0m[m    [0m[91m≡[0m[91m
[0m[m    [0m[91m([0m[m++[0m[91m)[0m[m [0m[92m▲[0m[92m [0m[91m([0m[mconcat[0m[m [0m[92m▲[0m[92m [0m[91m([0m[m[][0m[m [0m[92m▲[0m[91m)[0m[91m)[0m[m [0m[91m([0m[mconcat[0m[m [0m[92m▲[0m[92m [0m[my[0m[91m)[0m[91m)[0m[m
[0m[m   [0m[91m∧[0m[91m
[0m[m   [0m[91m([0m[91m∀[0m[91m [0m[ma[0m[m [0m[mb[0m[91m.[0m[m
[0m[m    [0m[91m([0m[mconcat[0m[m [0m[92m▲[0m[92m [0m[91m([0m[91m([0m[m++[0m[91m)[0m[m [0m[92m▲[0m[92m [0m[mb[0m[m [0m[my[0m[91m)[0m[m [0m[91m≡[0m[91m [0m[91m([0m[m++[0m[91m)[0m[m [0m[92m▲[0m[92m [0m[91m([0m[mconcat[0m[m [0m[92m▲[0m[92m [0m[mb[0m[91m)[0m[m [0m[91m([0m[mconcat[0m[m [0m[92m▲[0m[92m [0m[my[0m[91m)[0m[91m)[0m[m
[0m[m    [0m[91m⇒[0m[91m
[0m[m    [0m[91m([0m[mconcat[0m[m [0m[92m▲[0m[92m [0m[91m([0m[91m([0m[m++[0m[91m)[0m[m [0m[92m▲[0m[92m [0m[91m([0m[91m([0m[m:[0m[91m)[0m[m [0m[92m▲[0m[92m [0m[ma[0m[m [0m[mb[0m[91m)[0m[m [0m[my[0m[91m)[0m[m
[0m[m     [0m[91m≡[0m[91m
[0m[m     [0m[91m([0m[m++[0m[91m)[0m[m [0m[92m▲[0m[92m [0m[91m([0m[mconcat[0m[m [0m[92m▲[0m[92m [0m[91m([0m[91m([0m[m:[0m[91m)[0m[m [0m[92m▲[0m[92m [0m[ma[0m[m [0m[mb[0m[91m)[0m[91m)[0m[m [0m[91m([0m[mconcat[0m[m [0m[92m▲[0m[92m [0m[my[0m[91m)[0m[91m)[0m[91m)[0m[91m)[0m
[Done]

[mGoal:[0m[m
[0m[m  [0m[91m∀[0m[91m [0m[92m△[0m[92m [0m[my[0m[91m.[0m[m
[0m[m  [0m[91m([0m[mconcat[0m[m [0m[92m▲[0m[92m [0m[91m([0m[91m([0m[m++[0m[91m)[0m[m [0m[92m▲[0m[92m [0m[91m([0m[mundefined[0m[m [0m[92m▲[0m[91m)[0m[m [0m[my[0m[91m)[0m[m
[0m[m   [0m[91m≡[0m[91m
[0m[m   [0m[91m([0m[m++[0m[91m)[0m[m [0m[92m▲[0m[92m [0m[91m([0m[mconcat[0m[m [0m[92m▲[0m[92m [0m[91m([0m[mundefined[0m[m [0m[92m▲[0m[91m)[0m[91m)[0m[m [0m[91m([0m[mconcat[0m[m [0m[92m▲[0m[92m [0m[my[0m[91m)[0m[91m)[0m[m
[0m[m  [0m[91m∧[0m[91m
[0m[m  [0m[91m([0m[91m([0m[mconcat[0m[m [0m[92m▲[0m[92m [0m[91m([0m[91m([0m[m++[0m[91m)[0m[m [0m[92m▲[0m[92m [0m[91m([0m[m[][0m[m [0m[92m▲[0m[91m)[0m[m [0m[my[0m[91m)[0m[m
[0m[m    [0m[91m≡[0m[91m
[0m[m    [0m[91m([0m[m++[0m[91m)[0m[m [0m[92m▲[0m[92m [0m[91m([0m[mconcat[0m[m [0m[92m▲[0m[92m [0m[91m([0m[m[][0m[m [0m[92m▲[0m[91m)[0m[91m)[0m[m [0m[91m([0m[mconcat[0m[m [0m[92m▲[0m[92m [0m[my[0m[91m)[0m[91m)[0m[m
[0m[m   [0m[91m∧[0m[91m
[0m[m   [0m[91m([0m[91m∀[0m[91m [0m[ma[0m[m [0m[mb[0m[91m.[0m[m
[0m[m    [0m[91m([0m[mconcat[0m[m [0m[92m▲[0m[92m [0m[91m([0m[91m([0m[m++[0m[91m)[0m[m [0m[92m▲[0m[92m [0m[mb[0m[m [0m[my[0m[91m)[0m[m [0m[91m≡[0m[91m [0m[91m([0m[m++[0m[91m)[0m[m [0m[92m▲[0m[92m [0m[91m([0m[mconcat[0m[m [0m[92m▲[0m[92m [0m[mb[0m[91m)[0m[m [0m[91m([0m[mconcat[0m[m [0m[92m▲[0m[92m [0m[my[0m[91m)[0m[91m)[0m[m
[0m[m    [0m[91m⇒[0m[91m
[0m[m    [0m[91m([0m[mconcat[0m[m [0m[92m▲[0m[92m [0m[91m([0m[91m([0m[m++[0m[91m)[0m[m [0m[92m▲[0m[92m [0m[91m([0m[91m([0m[m:[0m[91m)[0m[m [0m[92m▲[0m[92m [0m[ma[0m[m [0m[mb[0m[91m)[0m[m [0m[my[0m[91m)[0m[m
[0m[m     [0m[91m≡[0m[91m
[0m[m     [0m[91m([0m[m++[0m[91m)[0m[m [0m[92m▲[0m[92m [0m[91m([0m[mconcat[0m[m [0m[92m▲[0m[92m [0m[91m([0m[91m([0m[m:[0m[91m)[0m[m [0m[92m▲[0m[92m [0m[ma[0m[m [0m[mb[0m[91m)[0m[91m)[0m[m [0m[91m([0m[mconcat[0m[m [0m[92m▲[0m[92m [0m[my[0m[91m)[0m[91m)[0m[91m)[0m[91m)[0m
[Done]

[mGoal:[0m[m
[0m[m  [0m[91m([0m[mconcat[0m[m [0m[92m▲[0m[92m [0m[91m([0m[91m([0m[m++[0m[91m)[0m[m [0m[92m▲[0m[92m [0m[91m([0m[mundefined[0m[m [0m[92m▲[0m[91m)[0m[m [0m[my[0m[91m)[0m[m
[0m[m   [0m[91m≡[0m[91m
[0m[m   [0m[91m([0m[m++[0m[91m)[0m[m [0m[92m▲[0m[92m [0m[91m([0m[mconcat[0m[m [0m[92m▲[0m[92m [0m[91m([0m[mundefined[0m[m [0m[92m▲[0m[91m)[0m[91m)[0m[m [0m[91m([0m[mconcat[0m[m [0m[92m▲[0m[92m [0m[my[0m[91m)[0m[91m)[0m[m
[0m[m  [0m[91m∧[0m[91m
[0m[m  [0m[91m([0m[91m([0m[mconcat[0m[m [0m[92m▲[0m[92m [0m[91m([0m[91m([0m[m++[0m[91m)[0m[m [0m[92m▲[0m[92m [0m[91m([0m[m[][0m[m [0m[92m▲[0m[91m)[0m[m [0m[my[0m[91m)[0m[m
[0m[m    [0m[91m≡[0m[91m
[0m[m    [0m[91m([0m[m++[0m[91m)[0m[m [0m[92m▲[0m[92m [0m[91m([0m[mconcat[0m[m [0m[92m▲[0m[92m [0m[91m([0m[m[][0m[m [0m[92m▲[0m[91m)[0m[91m)[0m[m [0m[91m([0m[mconcat[0m[m [0m[92m▲[0m[92m [0m[my[0m[91m)[0m[91m)[0m[m
[0m[m   [0m[91m∧[0m[91m
[0m[m   [0m[91m([0m[91m∀[0m[91m [0m[ma[0m[m [0m[mb[0m[91m.[0m[m
[0m[m    [0m[91m([0m[mconcat[0m[m [0m[92m▲[0m[92m [0m[91m([0m[91m([0m[m++[0m[91m)[0m[m [0m[92m▲[0m[92m [0m[mb[0m[m [0m[my[0m[91m)[0m[m [0m[91m≡[0m[91m [0m[91m([0m[m++[0m[91m)[0m[m [0m[92m▲[0m[92m [0m[91m([0m[mconcat[0m[m [0m[92m▲[0m[92m [0m[mb[0m[91m)[0m[m [0m[91m([0m[mconcat[0m[m [0m[92m▲[0m[92m [0m[my[0m[91m)[0m[91m)[0m[m
[0m[m    [0m[91m⇒[0m[91m
[0m[m    [0m[91m([0m[mconcat[0m[m [0m[92m▲[0m[92m [0m[91m([0m[91m([0m[m++[0m[91m)[0m[m [0m[92m▲[0m[92m [0m[91m([0m[91m([0m[m:[0m[91m)[0m[m [0m[92m▲[0m[92m [0m[ma[0m[m [0m[mb[0m[91m)[0m[m [0m[my[0m[91m)[0m[m
[0m[m     [0m[91m≡[0m[91m
[0m[m     [0m[91m([0m[m++[0m[91m)[0m[m [0m[92m▲[0m[92m [0m[91m([0m[mconcat[0m[m [0m[92m▲[0m[92m [0m[91m([0m[91m([0m[m:[0m[91m)[0m[m [0m[92m▲[0m[92m [0m[ma[0m[m [0m[mb[0m[91m)[0m[91m)[0m[m [0m[91m([0m[mconcat[0m[m [0m[92m▲[0m[92m [0m[my[0m[91m)[0m[91m)[0m[91m)[0m[91m)[0m
[Done]

[mGoal:[0m[m
[0m[m  [0m[91m([0m[mconcat[0m[m [0m[92m▲[0m[92m [0m[91m([0m[91m([0m[m++[0m[91m)[0m[m [0m[92m▲[0m[92m [0m[91m([0m[mundefined[0m[m [0m[92m▲[0m[91m)[0m[m [0m[my[0m[91m)[0m[m
[0m[m   [0m[91m≡[0m[91m
[0m[m   [0m[91m([0m[m++[0m[91m)[0m[m [0m[92m▲[0m[92m [0m[91m([0m[mconcat[0m[m [0m[92m▲[0m[92m [0m[91m([0m[mundefined[0m[m [0m[92m▲[0m[91m)[0m[91m)[0m[m [0m[91m([0m[mconcat[0m[m [0m[92m▲[0m[92m [0m[my[0m[91m)[0m[91m)[0m[m
[0m[m  [0m[91m∧[0m[91m
[0m[m  [0m[91m([0m[91m([0m[mconcat[0m[m [0m[92m▲[0m[92m [0m[91m([0m[91m([0m[m++[0m[91m)[0m[m [0m[92m▲[0m[92m [0m[91m([0m[m[][0m[m [0m[92m▲[0m[91m)[0m[m [0m[my[0m[91m)[0m[m
[0m[m    [0m[91m≡[0m[91m
[0m[m    [0m[91m([0m[m++[0m[91m)[0m[m [0m[92m▲[0m[92m [0m[91m([0m[mconcat[0m[m [0m[92m▲[0m[92m [0m[91m([0m[m[][0m[m [0m[92m▲[0m[91m)[0m[91m)[0m[m [0m[91m([0m[mconcat[0m[m [0m[92m▲[0m[92m [0m[my[0m[91m)[0m[91m)[0m[m
[0m[m   [0m[91m∧[0m[91m
[0m[m   [0m[91m([0m[91m∀[0m[91m [0m[ma[0m[m [0m[mb[0m[91m.[0m[m
[0m[m    [0m[91m([0m[mconcat[0m[m [0m[92m▲[0m[92m [0m[91m([0m[91m([0m[m++[0m[91m)[0m[m [0m[92m▲[0m[92m [0m[mb[0m[m [0m[my[0m[91m)[0m[m [0m[91m≡[0m[91m [0m[91m([0m[m++[0m[91m)[0m[m [0m[92m▲[0m[92m [0m[91m([0m[mconcat[0m[m [0m[92m▲[0m[92m [0m[mb[0m[91m)[0m[m [0m[91m([0m[mconcat[0m[m [0m[92m▲[0m[92m [0m[my[0m[91m)[0m[91m)[0m[m
[0m[m    [0m[91m⇒[0m[91m
[0m[m    [0m[91m([0m[mconcat[0m[m [0m[92m▲[0m[92m [0m[91m([0m[91m([0m[m++[0m[91m)[0m[m [0m[92m▲[0m[92m [0m[91m([0m[91m([0m[m:[0m[91m)[0m[m [0m[92m▲[0m[92m [0m[ma[0m[m [0m[mb[0m[91m)[0m[m [0m[my[0m[91m)[0m[m
[0m[m     [0m[91m≡[0m[91m
[0m[m     [0m[91m([0m[m++[0m[91m)[0m[m [0m[92m▲[0m[92m [0m[91m([0m[mconcat[0m[m [0m[92m▲[0m[92m [0m[91m([0m[91m([0m[m:[0m[91m)[0m[m [0m[92m▲[0m[92m [0m[ma[0m[m [0m[mb[0m[91m)[0m[91m)[0m[m [0m[91m([0m[mconcat[0m[m [0m[92m▲[0m[92m [0m[my[0m[91m)[0m[91m)[0m[91m)[0m[91m)[0m
[Done]

[mGoal:[0m[m
[0m[m  [0m[mconcat[0m[m [0m[92m▲[0m[92m [0m[91m([0m[91m([0m[m++[0m[91m)[0m[m [0m[92m▲[0m[92m [0m[91m([0m[mundefined[0m[m [0m[92m▲[0m[91m)[0m[m [0m[my[0m[91m)[0m[m
[0m[m  [0m[91m≡[0m[91m
[0m[m  [0m[91m([0m[m++[0m[91m)[0m[m [0m[92m▲[0m[92m [0m[91m([0m[mconcat[0m[m [0m[92m▲[0m[92m [0m[91m([0m[mundefined[0m[m [0m[92m▲[0m[91m)[0m[91m)[0m[m [0m[91m([0m[mconcat[0m[m [0m[92m▲[0m[92m [0m[my[0m[91m)[0m
[Done]

[mGoal:[0m[m
[0m[m  [0m[mundefined[0m[m [0m[92m▲[0m[92m
[0m[m  [0m[91m≡[0m[91m
[0m[m  [0m[94mcase[0m[m [0m[mconcat[0m[m [0m[92m▲[0m[92m [0m[91m([0m[mundefined[0m[m [0m[92m▲[0m[91m)[0m[m [0m[94mof[0m[m [0m[mwild[0m[m [0m[92m▲[0m[92m
[0m[m    [0m[m[][0m[m [0m[91m→[0m[91m [0m[mconcat[0m[m [0m[92m▲[0m[92m [0m[my[0m[m
[0m[m    [0m[91m([0m[m:[0m[91m)[0m[m [0m[mx[0m[m [0m[mxs[0m[m [0m[91m→[0m[91m [0m[91m([0m[m:[0m[91m)[0m[m [0m[92m▲[0m[92m [0m[mx[0m[m [0m[91m([0m[91m([0m[m++[0m[91m)[0m[m [0m[92m▲[0m[92m [0m[mxs[0m[m [0m[91m([0m[mconcat[0m[m [0m[92m▲[0m[92m [0m[my[0m[91m)[0m[91m)[0m
[Done]

[mGoal:[0m[m
[0m[m  [0m[mundefined[0m[m [0m[92m▲[0m[92m
[0m[m  [0m[91m≡[0m[91m
[0m[m  [0m[94mcase[0m[m [0m[94mcase[0m[m [0m[mundefined[0m[m [0m[92m▲[0m[92m [0m[94mof[0m[m [0m[mwild[0m[m [0m[92m▲[0m[92m
[0m[m         [0m[m[][0m[m [0m[91m→[0m[91m [0m[m[][0m[m [0m[92m▲[0m[92m
[0m[m         [0m[91m([0m[m:[0m[91m)[0m[m [0m[mx[0m[m [0m[mxs[0m[m [0m[91m→[0m[91m [0m[91m([0m[m++[0m[91m)[0m[m [0m[92m▲[0m[92m [0m[mx[0m[m [0m[91m([0m[mconcat[0m[m [0m[92m▲[0m[92m [0m[mxs[0m[91m)[0m[m
[0m[m   [0m[94mof[0m[m [0m[mwild[0m[m [0m[92m▲[0m[92m
[0m[m    [0m[m[][0m[m [0m[91m→[0m[91m [0m[mconcat[0m[m [0m[92m▲[0m[92m [0m[my[0m[m
[0m[m    [0m[91m([0m[m:[0m[91m)[0m[m [0m[mx[0m[m [0m[mxs[0m[m [0m[91m→[0m[91m [0m[91m([0m[m:[0m[91m)[0m[m [0m[92m▲[0m[92m [0m[mx[0m[m [0m[91m([0m[91m([0m[m++[0m[91m)[0m[m [0m[92m▲[0m[92m [0m[mxs[0m[m [0m[91m([0m[mconcat[0m[m [0m[92m▲[0m[92m [0m[my[0m[91m)[0m[91m)[0m
[Done]

[mGoal:[0m[m
[0m[m  [0m[91mtrue[0m
[Done]

[mGoal:[0m[m
[0m[m  [0m[91m([0m[91mtrue[0m[91m)[0m[m
[0m[m  [0m[91m∧[0m[91m
[0m[m  [0m[91m([0m[91m([0m[mconcat[0m[m [0m[92m▲[0m[92m [0m[91m([0m[91m([0m[m++[0m[91m)[0m[m [0m[92m▲[0m[92m [0m[91m([0m[m[][0m[m [0m[92m▲[0m[91m)[0m[m [0m[my[0m[91m)[0m[m
[0m[m    [0m[91m≡[0m[91m
[0m[m    [0m[91m([0m[m++[0m[91m)[0m[m [0m[92m▲[0m[92m [0m[91m([0m[mconcat[0m[m [0m[92m▲[0m[92m [0m[91m([0m[m[][0m[m [0m[92m▲[0m[91m)[0m[91m)[0m[m [0m[91m([0m[mconcat[0m[m [0m[92m▲[0m[92m [0m[my[0m[91m)[0m[91m)[0m[m
[0m[m   [0m[91m∧[0m[91m
[0m[m   [0m[91m([0m[91m∀[0m[91m [0m[ma[0m[m [0m[mb[0m[91m.[0m[m
[0m[m    [0m[91m([0m[mconcat[0m[m [0m[92m▲[0m[92m [0m[91m([0m[91m([0m[m++[0m[91m)[0m[m [0m[92m▲[0m[92m [0m[mb[0m[m [0m[my[0m[91m)[0m[m [0m[91m≡[0m[91m [0m[91m([0m[m++[0m[91m)[0m[m [0m[92m▲[0m[92m [0m[91m([0m[mconcat[0m[m [0m[92m▲[0m[92m [0m[mb[0m[91m)[0m[m [0m[91m([0m[mconcat[0m[m [0m[92m▲[0m[92m [0m[my[0m[91m)[0m[91m)[0m[m
[0m[m    [0m[91m⇒[0m[91m
[0m[m    [0m[91m([0m[mconcat[0m[m [0m[92m▲[0m[92m [0m[91m([0m[91m([0m[m++[0m[91m)[0m[m [0m[92m▲[0m[92m [0m[91m([0m[91m([0m[m:[0m[91m)[0m[m [0m[92m▲[0m[92m [0m[ma[0m[m [0m[mb[0m[91m)[0m[m [0m[my[0m[91m)[0m[m
[0m[m     [0m[91m≡[0m[91m
[0m[m     [0m[91m([0m[m++[0m[91m)[0m[m [0m[92m▲[0m[92m [0m[91m([0m[mconcat[0m[m [0m[92m▲[0m[92m [0m[91m([0m[91m([0m[m:[0m[91m)[0m[m [0m[92m▲[0m[92m [0m[ma[0m[m [0m[mb[0m[91m)[0m[91m)[0m[m [0m[91m([0m[mconcat[0m[m [0m[92m▲[0m[92m [0m[my[0m[91m)[0m[91m)[0m[91m)[0m[91m)[0m
[Done]

[mGoal:[0m[m
[0m[m  [0m[91m([0m[91mtrue[0m[91m)[0m[m
[0m[m  [0m[91m∧[0m[91m
[0m[m  [0m[91m([0m[91m([0m[mconcat[0m[m [0m[92m▲[0m[92m [0m[91m([0m[91m([0m[m++[0m[91m)[0m[m [0m[92m▲[0m[92m [0m[91m([0m[m[][0m[m [0m[92m▲[0m[91m)[0m[m [0m[my[0m[91m)[0m[m
[0m[m    [0m[91m≡[0m[91m
[0m[m    [0m[91m([0m[m++[0m[91m)[0m[m [0m[92m▲[0m[92m [0m[91m([0m[mconcat[0m[m [0m[92m▲[0m[92m [0m[91m([0m[m[][0m[m [0m[92m▲[0m[91m)[0m[91m)[0m[m [0m[91m([0m[mconcat[0m[m [0m[92m▲[0m[92m [0m[my[0m[91m)[0m[91m)[0m[m
[0m[m   [0m[91m∧[0m[91m
[0m[m   [0m[91m([0m[91m∀[0m[91m [0m[ma[0m[m [0m[mb[0m[91m.[0m[m
[0m[m    [0m[91m([0m[mconcat[0m[m [0m[92m▲[0m[92m [0m[91m([0m[91m([0m[m++[0m[91m)[0m[m [0m[92m▲[0m[92m [0m[mb[0m[m [0m[my[0m[91m)[0m[m [0m[91m≡[0m[91m [0m[91m([0m[m++[0m[91m)[0m[m [0m[92m▲[0m[92m [0m[91m([0m[mconcat[0m[m [0m[92m▲[0m[92m [0m[mb[0m[91m)[0m[m [0m[91m([0m[mconcat[0m[m [0m[92m▲[0m[92m [0m[my[0m[91m)[0m[91m)[0m[m
[0m[m    [0m[91m⇒[0m[91m
[0m[m    [0m[91m([0m[mconcat[0m[m [0m[92m▲[0m[92m [0m[91m([0m[91m([0m[m++[0m[91m)[0m[m [0m[92m▲[0m[92m [0m[91m([0m[91m([0m[m:[0m[91m)[0m[m [0m[92m▲[0m[92m [0m[ma[0m[m [0m[mb[0m[91m)[0m[m [0m[my[0m[91m)[0m[m
[0m[m     [0m[91m≡[0m[91m
[0m[m     [0m[91m([0m[m++[0m[91m)[0m[m [0m[92m▲[0m[92m [0m[91m([0m[mconcat[0m[m [0m[92m▲[0m[92m [0m[91m([0m[91m([0m[m:[0m[91m)[0m[m [0m[92m▲[0m[92m [0m[ma[0m[m [0m[mb[0m[91m)[0m[91m)[0m[m [0m[91m([0m[mconcat[0m[m [0m[92m▲[0m[92m [0m[my[0m[91m)[0m[91m)[0m[91m)[0m[91m)[0m
[Done]

[mGoal:[0m[m
[0m[m  [0m[91m([0m[mconcat[0m[m [0m[92m▲[0m[92m [0m[91m([0m[91m([0m[m++[0m[91m)[0m[m [0m[92m▲[0m[92m [0m[91m([0m[m[][0m[m [0m[92m▲[0m[91m)[0m[m [0m[my[0m[91m)[0m[m
[0m[m   [0m[91m≡[0m[91m
[0m[m   [0m[91m([0m[m++[0m[91m)[0m[m [0m[92m▲[0m[92m [0m[91m([0m[mconcat[0m[m [0m[92m▲[0m[92m [0m[91m([0m[m[][0m[m [0m[92m▲[0m[91m)[0m[91m)[0m[m [0m[91m([0m[mconcat[0m[m [0m[92m▲[0m[92m [0m[my[0m[91m)[0m[91m)[0m[m
[0m[m  [0m[91m∧[0m[91m
[0m[m  [0m[91m([0m[91m∀[0m[91m [0m[ma[0m[m [0m[mb[0m[91m.[0m[m
[0m[m   [0m[91m([0m[mconcat[0m[m [0m[92m▲[0m[92m [0m[91m([0m[91m([0m[m++[0m[91m)[0m[m [0m[92m▲[0m[92m [0m[mb[0m[m [0m[my[0m[91m)[0m[m [0m[91m≡[0m[91m [0m[91m([0m[m++[0m[91m)[0m[m [0m[92m▲[0m[92m [0m[91m([0m[mconcat[0m[m [0m[92m▲[0m[92m [0m[mb[0m[91m)[0m[m [0m[91m([0m[mconcat[0m[m [0m[92m▲[0m[92m [0m[my[0m[91m)[0m[91m)[0m[m
[0m[m   [0m[91m⇒[0m[91m
[0m[m   [0m[91m([0m[mconcat[0m[m [0m[92m▲[0m[92m [0m[91m([0m[91m([0m[m++[0m[91m)[0m[m [0m[92m▲[0m[92m [0m[91m([0m[91m([0m[m:[0m[91m)[0m[m [0m[92m▲[0m[92m [0m[ma[0m[m [0m[mb[0m[91m)[0m[m [0m[my[0m[91m)[0m[m
[0m[m    [0m[91m≡[0m[91m
[0m[m    [0m[91m([0m[m++[0m[91m)[0m[m [0m[92m▲[0m[92m [0m[91m([0m[mconcat[0m[m [0m[92m▲[0m[92m [0m[91m([0m[91m([0m[m:[0m[91m)[0m[m [0m[92m▲[0m[92m [0m[ma[0m[m [0m[mb[0m[91m)[0m[91m)[0m[m [0m[91m([0m[mconcat[0m[m [0m[92m▲[0m[92m [0m[my[0m[91m)[0m[91m)[0m[91m)[0m
[Done]

[mGoal:[0m[m
[0m[m  [0m[mconcat[0m[m [0m[92m▲[0m[92m [0m[91m([0m[91m([0m[m++[0m[91m)[0m[m [0m[92m▲[0m[92m [0m[91m([0m[m[][0m[m [0m[92m▲[0m[91m)[0m[m [0m[my[0m[91m)[0m[m [0m[91m≡[0m[91m [0m[91m([0m[m++[0m[91m)[0m[m [0m[92m▲[0m[92m [0m[91m([0m[mconcat[0m[m [0m[92m▲[0m[92m [0m[91m([0m[m[][0m[m [0m[92m▲[0m[91m)[0m[91m)[0m[m [0m[91m([0m[mconcat[0m[m [0m[92m▲[0m[92m [0m[my[0m[91m)[0m
[Done]

[mGoal:[0m[m
[0m[m  [0m[mconcat[0m[m [0m[92m▲[0m[92m [0m[my[0m[m [0m[91m≡[0m[91m [0m[91m([0m[m++[0m[91m)[0m[m [0m[92m▲[0m[92m [0m[91m([0m[mconcat[0m[m [0m[92m▲[0m[92m [0m[91m([0m[m[][0m[m [0m[92m▲[0m[91m)[0m[91m)[0m[m [0m[91m([0m[mconcat[0m[m [0m[92m▲[0m[92m [0m[my[0m[91m)[0m
[Done]

[mGoal:[0m[m
[0m[m  [0m[mconcat[0m[m [0m[92m▲[0m[92m [0m[my[0m[m [0m[91m≡[0m[91m [0m[mconcat[0m[m [0m[92m▲[0m[92m [0m[my[0m
[Done]

[mGoal:[0m[m
[0m[m  [0m[91mtrue[0m
[Done]

[mGoal:[0m[m
[0m[m  [0m[91m([0m[91mtrue[0m[91m)[0m[m
[0m[m  [0m[91m∧[0m[91m
[0m[m  [0m[91m([0m[91m([0m[91mtrue[0m[91m)[0m[m
[0m[m   [0m[91m∧[0m[91m
[0m[m   [0m[91m([0m[91m∀[0m[91m [0m[ma[0m[m [0m[mb[0m[91m.[0m[m
[0m[m    [0m[91m([0m[mconcat[0m[m [0m[92m▲[0m[92m [0m[91m([0m[91m([0m[m++[0m[91m)[0m[m [0m[92m▲[0m[92m [0m[mb[0m[m [0m[my[0m[91m)[0m[m [0m[91m≡[0m[91m [0m[91m([0m[m++[0m[91m)[0m[m [0m[92m▲[0m[92m [0m[91m([0m[mconcat[0m[m [0m[92m▲[0m[92m [0m[mb[0m[91m)[0m[m [0m[91m([0m[mconcat[0m[m [0m[92m▲[0m[92m [0m[my[0m[91m)[0m[91m)[0m[m
[0m[m    [0m[91m⇒[0m[91m
[0m[m    [0m[91m([0m[mconcat[0m[m [0m[92m▲[0m[92m [0m[91m([0m[91m([0m[m++[0m[91m)[0m[m [0m[92m▲[0m[92m [0m[91m([0m[91m([0m[m:[0m[91m)[0m[m [0m[92m▲[0m[92m [0m[ma[0m[m [0m[mb[0m[91m)[0m[m [0m[my[0m[91m)[0m[m
[0m[m     [0m[91m≡[0m[91m
[0m[m     [0m[91m([0m[m++[0m[91m)[0m[m [0m[92m▲[0m[92m [0m[91m([0m[mconcat[0m[m [0m[92m▲[0m[92m [0m[91m([0m[91m([0m[m:[0m[91m)[0m[m [0m[92m▲[0m[92m [0m[ma[0m[m [0m[mb[0m[91m)[0m[91m)[0m[m [0m[91m([0m[mconcat[0m[m [0m[92m▲[0m[92m [0m[my[0m[91m)[0m[91m)[0m[91m)[0m[91m)[0m
[Done]

[mGoal:[0m[m
[0m[m  [0m[91m([0m[91mtrue[0m[91m)[0m[m
[0m[m  [0m[91m∧[0m[91m
[0m[m  [0m[91m([0m[91m([0m[91mtrue[0m[91m)[0m[m
[0m[m   [0m[91m∧[0m[91m
[0m[m   [0m[91m([0m[91m∀[0m[91m [0m[ma[0m[m [0m[mb[0m[91m.[0m[m
[0m[m    [0m[91m([0m[mconcat[0m[m [0m[92m▲[0m[92m [0m[91m([0m[91m([0m[m++[0m[91m)[0m[m [0m[92m▲[0m[92m [0m[mb[0m[m [0m[my[0m[91m)[0m[m [0m[91m≡[0m[91m [0m[91m([0m[m++[0m[91m)[0m[m [0m[92m▲[0m[92m [0m[91m([0m[mconcat[0m[m [0m[92m▲[0m[92m [0m[mb[0m[91m)[0m[m [0m[91m([0m[mconcat[0m[m [0m[92m▲[0m[92m [0m[my[0m[91m)[0m[91m)[0m[m
[0m[m    [0m[91m⇒[0m[91m
[0m[m    [0m[91m([0m[mconcat[0m[m [0m[92m▲[0m[92m [0m[91m([0m[91m([0m[m++[0m[91m)[0m[m [0m[92m▲[0m[92m [0m[91m([0m[91m([0m[m:[0m[91m)[0m[m [0m[92m▲[0m[92m [0m[ma[0m[m [0m[mb[0m[91m)[0m[m [0m[my[0m[91m)[0m[m
[0m[m     [0m[91m≡[0m[91m
[0m[m     [0m[91m([0m[m++[0m[91m)[0m[m [0m[92m▲[0m[92m [0m[91m([0m[mconcat[0m[m [0m[92m▲[0m[92m [0m[91m([0m[91m([0m[m:[0m[91m)[0m[m [0m[92m▲[0m[92m [0m[ma[0m[m [0m[mb[0m[91m)[0m[91m)[0m[m [0m[91m([0m[mconcat[0m[m [0m[92m▲[0m[92m [0m[my[0m[91m)[0m[91m)[0m[91m)[0m[91m)[0m
[Done]

[mGoal:[0m[m
[0m[m  [0m[91m([0m[91mtrue[0m[91m)[0m[m
[0m[m  [0m[91m∧[0m[91m
[0m[m  [0m[91m([0m[91m∀[0m[91m [0m[ma[0m[m [0m[mb[0m[91m.[0m[m
[0m[m   [0m[91m([0m[mconcat[0m[m [0m[92m▲[0m[92m [0m[91m([0m[91m([0m[m++[0m[91m)[0m[m [0m[92m▲[0m[92m [0m[mb[0m[m [0m[my[0m[91m)[0m[m [0m[91m≡[0m[91m [0m[91m([0m[m++[0m[91m)[0m[m [0m[92m▲[0m[92m [0m[91m([0m[mconcat[0m[m [0m[92m▲[0m[92m [0m[mb[0m[91m)[0m[m [0m[91m([0m[mconcat[0m[m [0m[92m▲[0m[92m [0m[my[0m[91m)[0m[91m)[0m[m
[0m[m   [0m[91m⇒[0m[91m
[0m[m   [0m[91m([0m[mconcat[0m[m [0m[92m▲[0m[92m [0m[91m([0m[91m([0m[m++[0m[91m)[0m[m [0m[92m▲[0m[92m [0m[91m([0m[91m([0m[m:[0m[91m)[0m[m [0m[92m▲[0m[92m [0m[ma[0m[m [0m[mb[0m[91m)[0m[m [0m[my[0m[91m)[0m[m
[0m[m    [0m[91m≡[0m[91m
[0m[m    [0m[91m([0m[m++[0m[91m)[0m[m [0m[92m▲[0m[92m [0m[91m([0m[mconcat[0m[m [0m[92m▲[0m[92m [0m[91m([0m[91m([0m[m:[0m[91m)[0m[m [0m[92m▲[0m[92m [0m[ma[0m[m [0m[mb[0m[91m)[0m[91m)[0m[m [0m[91m([0m[mconcat[0m[m [0m[92m▲[0m[92m [0m[my[0m[91m)[0m[91m)[0m[91m)[0m
[Done]

[mGoal:[0m[m
[0m[m  [0m[91m∀[0m[91m [0m[ma[0m[m [0m[mb[0m[91m.[0m[m
[0m[m  [0m[91m([0m[mconcat[0m[m [0m[92m▲[0m[92m [0m[91m([0m[91m([0m[m++[0m[91m)[0m[m [0m[92m▲[0m[92m [0m[mb[0m[m [0m[my[0m[91m)[0m[m [0m[91m≡[0m[91m [0m[91m([0m[m++[0m[91m)[0m[m [0m[92m▲[0m[92m [0m[91m([0m[mconcat[0m[m [0m[92m▲[0m[92m [0m[mb[0m[91m)[0m[m [0m[91m([0m[mconcat[0m[m [0m[92m▲[0m[92m [0m[my[0m[91m)[0m[91m)[0m[m
[0m[m  [0m[91m⇒[0m[91m
[0m[m  [0m[91m([0m[mconcat[0m[m [0m[92m▲[0m[92m [0m[91m([0m[91m([0m[m++[0m[91m)[0m[m [0m[92m▲[0m[92m [0m[91m([0m[91m([0m[m:[0m[91m)[0m[m [0m[92m▲[0m[92m [0m[ma[0m[m [0m[mb[0m[91m)[0m[m [0m[my[0m[91m)[0m[m
[0m[m   [0m[91m≡[0m[91m
[0m[m   [0m[91m([0m[m++[0m[91m)[0m[m [0m[92m▲[0m[92m [0m[91m([0m[mconcat[0m[m [0m[92m▲[0m[92m [0m[91m([0m[91m([0m[m:[0m[91m)[0m[m [0m[92m▲[0m[92m [0m[ma[0m[m [0m[mb[0m[91m)[0m[91m)[0m[m [0m[91m([0m[mconcat[0m[m [0m[92m▲[0m[92m [0m[my[0m[91m)[0m[91m)[0m
[Done]

[mGoal:[0m[m
[0m[m  [0m[91m([0m[mconcat[0m[m [0m[92m▲[0m[92m [0m[91m([0m[91m([0m[m++[0m[91m)[0m[m [0m[92m▲[0m[92m [0m[mb[0m[m [0m[my[0m[91m)[0m[m [0m[91m≡[0m[91m [0m[91m([0m[m++[0m[91m)[0m[m [0m[92m▲[0m[92m [0m[91m([0m[mconcat[0m[m [0m[92m▲[0m[92m [0m[mb[0m[91m)[0m[m [0m[91m([0m[mconcat[0m[m [0m[92m▲[0m[92m [0m[my[0m[91m)[0m[91m)[0m[m
[0m[m  [0m[91m⇒[0m[91m
[0m[m  [0m[91m([0m[mconcat[0m[m [0m[92m▲[0m[92m [0m[91m([0m[91m([0m[m++[0m[91m)[0m[m [0m[92m▲[0m[92m [0m[91m([0m[91m([0m[m:[0m[91m)[0m[m [0m[92m▲[0m[92m [0m[ma[0m[m [0m[mb[0m[91m)[0m[m [0m[my[0m[91m)[0m[m
[0m[m   [0m[91m≡[0m[91m
[0m[m   [0m[91m([0m[m++[0m[91m)[0m[m [0m[92m▲[0m[92m [0m[91m([0m[mconcat[0m[m [0m[92m▲[0m[92m [0m[91m([0m[91m([0m[m:[0m[91m)[0m[m [0m[92m▲[0m[92m [0m[ma[0m[m [0m[mb[0m[91m)[0m[91m)[0m[m [0m[91m([0m[mconcat[0m[m [0m[92m▲[0m[92m [0m[my[0m[91m)[0m[91m)[0m
[Done]

[mAssumed lemmas: [0m[m
[0m[m[0m[mind-hyp-0[0m[m [0m[m(Built In)[0m[m
[0m[m  [0m[mconcat[0m[m [0m[92m▲[0m[92m [0m[91m([0m[91m([0m[m++[0m[91m)[0m[m [0m[92m▲[0m[92m [0m[mb[0m[m [0m[my[0m[91m)[0m[m [0m[91m≡[0m[91m [0m[91m([0m[m++[0m[91m)[0m[m [0m[92m▲[0m[92m [0m[91m([0m[mconcat[0m[m [0m[92m▲[0m[92m [0m[mb[0m[91m)[0m[m [0m[91m([0m[mconcat[0m[m [0m[92m▲[0m[92m [0m[my[0m[91m)[0m[m
[0m[m[0m[mGoal:[0m[m
[0m[m  [0m[mconcat[0m[m [0m[92m▲[0m[92m [0m[91m([0m[91m([0m[m++[0m[91m)[0m[m [0m[92m▲[0m[92m [0m[91m([0m[91m([0m[m:[0m[91m)[0m[m [0m[92m▲[0m[92m [0m[ma[0m[m [0m[mb[0m[91m)[0m[m [0m[my[0m[91m)[0m[m
[0m[m  [0m[91m≡[0m[91m
[0m[m  [0m[91m([0m[m++[0m[91m)[0m[m [0m[92m▲[0m[92m [0m[91m([0m[mconcat[0m[m [0m[92m▲[0m[92m [0m[91m([0m[91m([0m[m:[0m[91m)[0m[m [0m[92m▲[0m[92m [0m[ma[0m[m [0m[mb[0m[91m)[0m[91m)[0m[m [0m[91m([0m[mconcat[0m[m [0m[92m▲[0m[92m [0m[my[0m[91m)[0m
[Done]

[mAssumed lemmas: [0m[m
[0m[m[0m[mind-hyp-0[0m[m [0m[m(Built In)[0m[m
[0m[m  [0m[mconcat[0m[m [0m[92m▲[0m[92m [0m[91m([0m[91m([0m[m++[0m[91m)[0m[m [0m[92m▲[0m[92m [0m[mb[0m[m [0m[my[0m[91m)[0m[m [0m[91m≡[0m[91m [0m[91m([0m[m++[0m[91m)[0m[m [0m[92m▲[0m[92m [0m[91m([0m[mconcat[0m[m [0m[92m▲[0m[92m [0m[mb[0m[91m)[0m[m [0m[91m([0m[mconcat[0m[m [0m[92m▲[0m[92m [0m[my[0m[91m)[0m[m
[0m[m[0m[mGoal:[0m[m
[0m[m  [0m[91m([0m[m++[0m[91m)[0m[m [0m[92m▲[0m[92m [0m[ma[0m[m [0m[91m([0m[91m([0m[m++[0m[91m)[0m[m [0m[92m▲[0m[92m [0m[91m([0m[mconcat[0m[m [0m[92m▲[0m[92m [0m[mb[0m[91m)[0m[m [0m[91m([0m[mconcat[0m[m [0m[92m▲[0m[92m [0m[my[0m[91m)[0m[91m)[0m[m
[0m[m  [0m[91m≡[0m[91m
[0m[m  [0m[91m([0m[m++[0m[91m)[0m[m [0m[92m▲[0m[92m [0m[91m([0m[mconcat[0m[m [0m[92m▲[0m[92m [0m[91m([0m[91m([0m[m:[0m[91m)[0m[m [0m[92m▲[0m[92m [0m[ma[0m[m [0m[mb[0m[91m)[0m[91m)[0m[m [0m[91m([0m[mconcat[0m[m [0m[92m▲[0m[92m [0m[my[0m[91m)[0m
[Done]

[mAssumed lemmas: [0m[m
[0m[m[0m[mind-hyp-0[0m[m [0m[m(Built In)[0m[m
[0m[m  [0m[mconcat[0m[m [0m[92m▲[0m[92m [0m[91m([0m[91m([0m[m++[0m[91m)[0m[m [0m[92m▲[0m[92m [0m[mb[0m[m [0m[my[0m[91m)[0m[m [0m[91m≡[0m[91m [0m[91m([0m[m++[0m[91m)[0m[m [0m[92m▲[0m[92m [0m[91m([0m[mconcat[0m[m [0m[92m▲[0m[92m [0m[mb[0m[91m)[0m[m [0m[91m([0m[mconcat[0m[m [0m[92m▲[0m[92m [0m[my[0m[91m)[0m[m
[0m[m[0m[mGoal:[0m[m
[0m[m  [0m[91m([0m[m++[0m[91m)[0m[m [0m[92m▲[0m[92m [0m[ma[0m[m [0m[91m([0m[91m([0m[m++[0m[91m)[0m[m [0m[92m▲[0m[92m [0m[91m([0m[mconcat[0m[m [0m[92m▲[0m[92m [0m[mb[0m[91m)[0m[m [0m[91m([0m[mconcat[0m[m [0m[92m▲[0m[92m [0m[my[0m[91m)[0m[91m)[0m[m
[0m[m  [0m[91m≡[0m[91m
[0m[m  [0m[91m([0m[m++[0m[91m)[0m[m [0m[92m▲[0m[92m [0m[ma[0m[m [0m[91m([0m[91m([0m[m++[0m[91m)[0m[m [0m[92m▲[0m[92m [0m[91m([0m[mconcat[0m[m [0m[92m▲[0m[92m [0m[mb[0m[91m)[0m[m [0m[91m([0m[mconcat[0m[m [0m[92m▲[0m[92m [0m[my[0m[91m)[0m[91m)[0m
[Done]

[mAssumed lemmas: [0m[m
[0m[m[0m[mind-hyp-0[0m[m [0m[m(Built In)[0m[m
[0m[m  [0m[mconcat[0m[m [0m[92m▲[0m[92m [0m[91m([0m[91m([0m[m++[0m[91m)[0m[m [0m[92m▲[0m[92m [0m[mb[0m[m [0m[my[0m[91m)[0m[m [0m[91m≡[0m[91m [0m[91m([0m[m++[0m[91m)[0m[m [0m[92m▲[0m[92m [0m[91m([0m[mconcat[0m[m [0m[92m▲[0m[92m [0m[mb[0m[91m)[0m[m [0m[91m([0m[mconcat[0m[m [0m[92m▲[0m[92m [0m[my[0m[91m)[0m[m
[0m[m[0m[mGoal:[0m[m
[0m[m  [0m[91mtrue[0m
[Done]

[mGoal:[0m[m
[0m[m  [0m[91m([0m[91mtrue[0m[91m)[0m[m
[0m[m  [0m[91m∧[0m[91m
[0m[m  [0m[91m([0m[91m([0m[91mtrue[0m[91m)[0m[m
[0m[m   [0m[91m∧[0m[91m
[0m[m   [0m[91m([0m[91m∀[0m[91m [0m[ma[0m[m [0m[mb[0m[91m.[0m[m
[0m[m    [0m[91m([0m[mconcat[0m[m [0m[92m▲[0m[92m [0m[91m([0m[91m([0m[m++[0m[91m)[0m[m [0m[92m▲[0m[92m [0m[mb[0m[m [0m[my[0m[91m)[0m[m [0m[91m≡[0m[91m [0m[91m([0m[m++[0m[91m)[0m[m [0m[92m▲[0m[92m [0m[91m([0m[mconcat[0m[m [0m[92m▲[0m[92m [0m[mb[0m[91m)[0m[m [0m[91m([0m[mconcat[0m[m [0m[92m▲[0m[92m [0m[my[0m[91m)[0m[91m)[0m[m
[0m[m    [0m[91m⇒[0m[91m
[0m[m    [0m[91m([0m[91mtrue[0m[91m)[0m[91m)[0m[91m)[0m
[Done]

[mGoal:[0m[m
[0m[m  [0m[91m∀[0m[91m [0m[92m△[0m[92m [0m[my[0m[91m.[0m[m
[0m[m  [0m[91m([0m[91mtrue[0m[91m)[0m[m
[0m[m  [0m[91m∧[0m[91m
[0m[m  [0m[91m([0m[91m([0m[91mtrue[0m[91m)[0m[m
[0m[m   [0m[91m∧[0m[91m
[0m[m   [0m[91m([0m[91m∀[0m[91m [0m[ma[0m[m [0m[mb[0m[91m.[0m[m
[0m[m    [0m[91m([0m[mconcat[0m[m [0m[92m▲[0m[92m [0m[91m([0m[91m([0m[m++[0m[91m)[0m[m [0m[92m▲[0m[92m [0m[mb[0m[m [0m[my[0m[91m)[0m[m [0m[91m≡[0m[91m [0m[91m([0m[m++[0m[91m)[0m[m [0m[92m▲[0m[92m [0m[91m([0m[mconcat[0m[m [0m[92m▲[0m[92m [0m[mb[0m[91m)[0m[m [0m[91m([0m[mconcat[0m[m [0m[92m▲[0m[92m [0m[my[0m[91m)[0m[91m)[0m[m
[0m[m    [0m[91m⇒[0m[91m
[0m[m    [0m[91m([0m[91mtrue[0m[91m)[0m[91m)[0m[91m)[0m
[Done]

Successfully proven: concat-append
[94mmodule[0m[m [0m[mListLaws[0m[m [0m[94mwhere[0m[m
[0m[m  [0m[mmempt[0m[m [0m[91m∷[0m[92m [0m[91m∀[0m[91m [0m[92ma[0m[m [0m[91m.[0m[m [0m[92m[[0m[92ma[0m[92m][0m[m
[0m[m  [0m[91m([0m[m++[0m[91m)[0m[m [0m[91m∷[0m[92m [0m[91m∀[0m[91m [0m[92ma[0m[m [0m[91m.[0m[m [0m[92m[[0m[92ma[0m[92m][0m[m [0m[91m→[0m[92m [0m[92m[[0m[92ma[0m[92m][0m[m [0m[91m→[0m[92m [0m[92m[[0m[92ma[0m[92m][0m[m
[0m[m  [0m[mmappen[0m[m [0m[91m∷[0m[92m [0m[91m∀[0m[91m [0m[92ma[0m[m [0m[91m.[0m[m [0m[92m[[0m[92ma[0m[92m][0m[m [0m[91m→[0m[92m [0m[92m[[0m[92ma[0m[92m][0m[m [0m[91m→[0m[92m [0m[92m[[0m[92ma[0m[92m][0m[m
[0m[m  [0m[mtoList[0m[m [0m[91m∷[0m[92m [0m[91m∀[0m[91m [0m[92ma[0m[m [0m[91m.[0m[m [0m[92ma[0m[m [0m[91m→[0m[92m [0m[92m[[0m[92ma[0m[92m][0m[m
[0m[m  [0m[mconcat[0m[m [0m[91m∷[0m[92m [0m[91m∀[0m[91m [0m[92ma[0m[m [0m[91m.[0m[m [0m[92m[[0m[92m[[0m[92ma[0m[92m][0m[92m][0m[m [0m[91m→[0m[92m [0m[92m[[0m[92ma[0m[92m][0m[m
[0m[m  [0m[mmap[0m[m [0m[91m∷[0m[92m [0m[91m∀[0m[91m [0m[92ma[0m[m [0m[92mb[0m[m [0m[91m.[0m[m [0m[91m([0m[92ma[0m[m [0m[91m→[0m[92m [0m[92mb[0m[91m)[0m[m [0m[91m→[0m[92m [0m[92m[[0m[92ma[0m[92m][0m[m [0m[91m→[0m[92m [0m[92m[[0m[92mb[0m[92m][0m[m
[0m[m  [0m[mretur[0m[m [0m[91m∷[0m[92m [0m[91m∀[0m[91m [0m[92ma[0m[m [0m[91m.[0m[m [0m[92ma[0m[m [0m[91m→[0m[92m [0m[92m[[0m[92ma[0m[92m][0m[m
[0m[m  [0m[mbind[0m[m [0m[91m∷[0m[92m [0m[91m∀[0m[91m [0m[92ma[0m[m [0m[92mb[0m[m [0m[91m.[0m[m [0m[92m[[0m[92ma[0m[92m][0m[m [0m[91m→[0m[92m [0m[91m([0m[92ma[0m[m [0m[91m→[0m[92m [0m[92m[[0m[92mb[0m[92m][0m[91m)[0m[m [0m[91m→[0m[92m [0m[92m[[0m[92mb[0m[92m][0m
[Done]

HERMIT> 
[Done]

Leaving GHCi.
ghc: user interrupt
[starting HERMIT-shell v0.1.0.0 on ListLaws.hs]
[starting HERMIT v1.0.0.0 on ListLaws.hs]
% ghc ListLaws.hs -fforce-recomp -O2 -dcore-lint -fsimple-list-literals -fexpose-all-unfoldings -fplugin=HERMIT.GHCI -fplugin-opt=HERMIT.GHCI:ListLaws: -fplugin-opt=HERMIT.GHCI:ListLaws:VerifyConcatAppendScript.hs -fplugin-opt=HERMIT.GHCI:ListLaws:resume
