[1 of 1] Compiling ListLaws         ( ListLaws.hs, ListLaws.o )
Setting phasers to stun... (port 3000) (ctrl-c to quit)
GHCi, version 7.10.2: http://www.haskell.org/ghc/  :? for help
module ListLaws where
  mempt ∷ ∀ a . [a]
  (++) ∷ ∀ a . [a] → [a] → [a]
  mappen ∷ ∀ a . [a] → [a] → [a]
  toList ∷ ∀ a . a → [a]
  concat ∷ ∀ a . [[a]] → [a]
  map ∷ ∀ a b . (a → b) → [a] → [b]
  retur ∷ ∀ a . a → [a]
  bind ∷ ∀ a b . [a] → (a → [b]) → [b]
[Done]

[1 of 2] Compiling VerifyNilAppendScript ( VerifyNilAppendScript.hs, interpreted )
[2 of 2] Compiling VerifyAppendAssocScript ( VerifyAppendAssocScript.hs, interpreted )
Ok, modules loaded: VerifyAppendAssocScript, VerifyNilAppendScript.
append-assoc (Not Proven)
  ∀ △ x y z. (++) ▲ x ((++) ▲ y z) ≡ (++) ▲ ((++) ▲ x y) z
[Done]

nil-append (Not Proven)
  ∀ △ xs. (++) ▲ ([] ▲) xs ≡ xs
[Done]

Goal:
  ∀ △ xs. (++) ▲ ([] ▲) xs ≡ xs
[Done]

Goal:
  ∀ △ xs.
  (λ △ ds ys →
     case ds of wild ▲
       [] → ys
       (:) x xs → (:) ▲ x ((++) ▲ xs ys)) ▲ ([] ▲) xs
  ≡
  xs
[Done]

Goal:
  true
[Done]

Successfully proven: nil-append
module ListLaws where
  mempt ∷ ∀ a . [a]
  (++) ∷ ∀ a . [a] → [a] → [a]
  mappen ∷ ∀ a . [a] → [a] → [a]
  toList ∷ ∀ a . a → [a]
  concat ∷ ∀ a . [[a]] → [a]
  map ∷ ∀ a b . (a → b) → [a] → [b]
  retur ∷ ∀ a . a → [a]
  bind ∷ ∀ a b . [a] → (a → [b]) → [b]
[Done]

Goal:
  ∀ △ x y z. (++) ▲ x ((++) ▲ y z) ≡ (++) ▲ ((++) ▲ x y) z
[Done]

Goal:
  ∀ △ y z.
  ((++) ▲ (undefined ▲) ((++) ▲ y z)
   ≡
   (++) ▲ ((++) ▲ (undefined ▲) y) z)
  ∧
  (((++) ▲ ([] ▲) ((++) ▲ y z) ≡ (++) ▲ ((++) ▲ ([] ▲) y) z)
   ∧
   (∀ a b.
    ((++) ▲ b ((++) ▲ y z) ≡ (++) ▲ ((++) ▲ b y) z)
    ⇒
    ((++) ▲ ((:) ▲ a b) ((++) ▲ y z)
     ≡
     (++) ▲ ((++) ▲ ((:) ▲ a b) y) z)))
[Done]

Goal:
  ∀ △ y z.
  ((++) ▲ (undefined ▲) ((++) ▲ y z)
   ≡
   (++) ▲ ((++) ▲ (undefined ▲) y) z)
  ∧
  (((++) ▲ ([] ▲) ((++) ▲ y z) ≡ (++) ▲ ((++) ▲ ([] ▲) y) z)
   ∧
   (∀ a b.
    ((++) ▲ b ((++) ▲ y z) ≡ (++) ▲ ((++) ▲ b y) z)
    ⇒
    ((++) ▲ ((:) ▲ a b) ((++) ▲ y z)
     ≡
     (++) ▲ ((++) ▲ ((:) ▲ a b) y) z)))
[Done]

Goal:
  ((++) ▲ (undefined ▲) ((++) ▲ y z)
   ≡
   (++) ▲ ((++) ▲ (undefined ▲) y) z)
  ∧
  (((++) ▲ ([] ▲) ((++) ▲ y z) ≡ (++) ▲ ((++) ▲ ([] ▲) y) z)
   ∧
   (∀ a b.
    ((++) ▲ b ((++) ▲ y z) ≡ (++) ▲ ((++) ▲ b y) z)
    ⇒
    ((++) ▲ ((:) ▲ a b) ((++) ▲ y z)
     ≡
     (++) ▲ ((++) ▲ ((:) ▲ a b) y) z)))
[Done]

Goal:
  ((++) ▲ (undefined ▲) ((++) ▲ y z)
   ≡
   (++) ▲ ((++) ▲ (undefined ▲) y) z)
  ∧
  (((++) ▲ ([] ▲) ((++) ▲ y z) ≡ (++) ▲ ((++) ▲ ([] ▲) y) z)
   ∧
   (∀ a b.
    ((++) ▲ b ((++) ▲ y z) ≡ (++) ▲ ((++) ▲ b y) z)
    ⇒
    ((++) ▲ ((:) ▲ a b) ((++) ▲ y z)
     ≡
     (++) ▲ ((++) ▲ ((:) ▲ a b) y) z)))
[Done]

Goal:
  (++) ▲ (undefined ▲) ((++) ▲ y z)
  ≡
  (++) ▲ ((++) ▲ (undefined ▲) y) z
[Done]

Goal:
  (++) ▲ (undefined ▲) ((++) ▲ y z)
  ≡
  (++) ▲ ((++) ▲ (undefined ▲) y) z
[Done]

Goal:
  (++) ▲ (undefined ▲) ((++) ▲ y z)
  ≡
  (++) ▲ ((++) ▲ (undefined ▲) y) z
[Done]

Goal:
  (λ △ ds ys →
     case ds of wild ▲
       [] → ys
       (:) x xs → (:) ▲ x ((++) ▲ xs ys)) ▲ (undefined ▲) ((++) ▲ y z)
  ≡
  (λ △ ds ys →
     case ds of wild ▲
       [] → ys
       (:) x xs → (:) ▲ x ((++) ▲ xs ys)) ▲ ((++) ▲ (undefined ▲) y) z
[Done]

Goal:
  undefined ▲
  ≡
  case (++) ▲ (undefined ▲) y of wild ▲
    [] → z
    (:) x xs → (:) ▲ x ((++) ▲ xs z)
[Done]

Goal:
  undefined ▲
  ≡
  case (λ △ ds ys →
          case ds of wild ▲
            [] → ys
            (:) x xs → (:) ▲ x ((++) ▲ xs ys)) ▲ (undefined ▲) y
   of wild ▲
    [] → z
    (:) x xs → (:) ▲ x ((++) ▲ xs z)
[Done]

Goal:
  true
[Done]

Goal:
  true
[Done]

Goal:
  (true)
  ∧
  (((++) ▲ ([] ▲) ((++) ▲ y z) ≡ (++) ▲ ((++) ▲ ([] ▲) y) z)
   ∧
   (∀ a b.
    ((++) ▲ b ((++) ▲ y z) ≡ (++) ▲ ((++) ▲ b y) z)
    ⇒
    ((++) ▲ ((:) ▲ a b) ((++) ▲ y z)
     ≡
     (++) ▲ ((++) ▲ ((:) ▲ a b) y) z)))
[Done]

Goal:
  (true)
  ∧
  (((++) ▲ ([] ▲) ((++) ▲ y z) ≡ (++) ▲ ((++) ▲ ([] ▲) y) z)
   ∧
   (∀ a b.
    ((++) ▲ b ((++) ▲ y z) ≡ (++) ▲ ((++) ▲ b y) z)
    ⇒
    ((++) ▲ ((:) ▲ a b) ((++) ▲ y z)
     ≡
     (++) ▲ ((++) ▲ ((:) ▲ a b) y) z)))
[Done]

Goal:
  ((++) ▲ ([] ▲) ((++) ▲ y z) ≡ (++) ▲ ((++) ▲ ([] ▲) y) z)
  ∧
  (∀ a b.
   ((++) ▲ b ((++) ▲ y z) ≡ (++) ▲ ((++) ▲ b y) z)
   ⇒
   ((++) ▲ ((:) ▲ a b) ((++) ▲ y z)
    ≡
    (++) ▲ ((++) ▲ ((:) ▲ a b) y) z))
[Done]

Goal:
  (++) ▲ ([] ▲) ((++) ▲ y z) ≡ (++) ▲ ((++) ▲ ([] ▲) y) z
[Done]

Goal:
  (++) ▲ ([] ▲) ((++) ▲ y z) ≡ (++) ▲ ((++) ▲ ([] ▲) y) z
[Done]

Goal:
  (++) ▲ ([] ▲) ((++) ▲ y z) ≡ (++) ▲ ((++) ▲ ([] ▲) y) z
[Done]

Goal:
  (λ △ ds ys →
     case ds of wild ▲
       [] → ys
       (:) x xs → (:) ▲ x ((++) ▲ xs ys)) ▲ ([] ▲) ((++) ▲ y z)
  ≡
  (++) ▲ ((++) ▲ ([] ▲) y) z
[Done]

Goal:
  (++) ▲ y z ≡ (++) ▲ ((++) ▲ ([] ▲) y) z
[Done]

Goal:
  (++) ▲ y z ≡ (++) ▲ y z
[Done]

Goal:
  true
[Done]

Goal:
  true
[Done]

Goal:
  (true)
  ∧
  ((true)
   ∧
   (∀ a b.
    ((++) ▲ b ((++) ▲ y z) ≡ (++) ▲ ((++) ▲ b y) z)
    ⇒
    ((++) ▲ ((:) ▲ a b) ((++) ▲ y z)
     ≡
     (++) ▲ ((++) ▲ ((:) ▲ a b) y) z)))
[Done]

Goal:
  (true)
  ∧
  ((true)
   ∧
   (∀ a b.
    ((++) ▲ b ((++) ▲ y z) ≡ (++) ▲ ((++) ▲ b y) z)
    ⇒
    ((++) ▲ ((:) ▲ a b) ((++) ▲ y z)
     ≡
     (++) ▲ ((++) ▲ ((:) ▲ a b) y) z)))
[Done]

Goal:
  (true)
  ∧
  (∀ a b.
   ((++) ▲ b ((++) ▲ y z) ≡ (++) ▲ ((++) ▲ b y) z)
   ⇒
   ((++) ▲ ((:) ▲ a b) ((++) ▲ y z)
    ≡
    (++) ▲ ((++) ▲ ((:) ▲ a b) y) z))
[Done]

Goal:
  ∀ a b.
  ((++) ▲ b ((++) ▲ y z) ≡ (++) ▲ ((++) ▲ b y) z)
  ⇒
  ((++) ▲ ((:) ▲ a b) ((++) ▲ y z) ≡ (++) ▲ ((++) ▲ ((:) ▲ a b) y) z)
[Done]

Goal:
  ((++) ▲ b ((++) ▲ y z) ≡ (++) ▲ ((++) ▲ b y) z)
  ⇒
  ((++) ▲ ((:) ▲ a b) ((++) ▲ y z) ≡ (++) ▲ ((++) ▲ ((:) ▲ a b) y) z)
[Done]

Assumed lemmas: 
ind-hyp-0 (Built In)
  (++) ▲ b ((++) ▲ y z) ≡ (++) ▲ ((++) ▲ b y) z
Goal:
  (++) ▲ ((:) ▲ a b) ((++) ▲ y z) ≡ (++) ▲ ((++) ▲ ((:) ▲ a b) y) z
[Done]

Assumed lemmas: 
ind-hyp-0 (Built In)
  (++) ▲ b ((++) ▲ y z) ≡ (++) ▲ ((++) ▲ b y) z
Goal:
  (λ △ ds ys →
     case ds of wild ▲
       [] → ys
       (:) x xs → (:) ▲ x ((++) ▲ xs ys)) ▲ ((:) ▲ a b) ((++) ▲ y z)
  ≡
  (++) ▲ ((++) ▲ ((:) ▲ a b) y) z
[Done]

Assumed lemmas: 
ind-hyp-0 (Built In)
  (++) ▲ b ((++) ▲ y z) ≡ (++) ▲ ((++) ▲ b y) z
Goal:
  (:) ▲ a ((++) ▲ b ((++) ▲ y z)) ≡ (++) ▲ ((++) ▲ ((:) ▲ a b) y) z
[Done]

Assumed lemmas: 
ind-hyp-0 (Built In)
  (++) ▲ b ((++) ▲ y z) ≡ (++) ▲ ((++) ▲ b y) z
Goal:
  (:) ▲ a ((++) ▲ ((++) ▲ b y) z) ≡ (++) ▲ ((++) ▲ ((:) ▲ a b) y) z
[Done]

Assumed lemmas: 
ind-hyp-0 (Built In)
  (++) ▲ b ((++) ▲ y z) ≡ (++) ▲ ((++) ▲ b y) z
Goal:
  (:) ▲ a ((++) ▲ ((++) ▲ b y) z) ≡ (++) ▲ ((++) ▲ ((:) ▲ a b) y) z
[Done]

Assumed lemmas: 
ind-hyp-0 (Built In)
  (++) ▲ b ((++) ▲ y z) ≡ (++) ▲ ((++) ▲ b y) z
Goal:
  (++) ▲ ((++) ▲ ((:) ▲ a b) y) z
[Done]

Assumed lemmas: 
ind-hyp-0 (Built In)
  (++) ▲ b ((++) ▲ y z) ≡ (++) ▲ ((++) ▲ b y) z
Goal:
  (λ △ ds ys →
     case ds of wild ▲
       [] → ys
       (:) x xs → (:) ▲ x ((++) ▲ xs ys)) ▲ ((++) ▲ ((:) ▲ a b) y) z
[Done]

Assumed lemmas: 
ind-hyp-0 (Built In)
  (++) ▲ b ((++) ▲ y z) ≡ (++) ▲ ((++) ▲ b y) z
Goal:
  case (++) ▲ ((:) ▲ a b) y of wild ▲
    [] → z
    (:) x xs → (:) ▲ x ((++) ▲ xs z)
[Done]

Assumed lemmas: 
ind-hyp-0 (Built In)
  (++) ▲ b ((++) ▲ y z) ≡ (++) ▲ ((++) ▲ b y) z
Goal:
  case (λ △ ds ys →
          case ds of wild ▲
            [] → ys
            (:) x xs → (:) ▲ x ((++) ▲ xs ys)) ▲ ((:) ▲ a b) y
   of wild ▲
    [] → z
    (:) x xs → (:) ▲ x ((++) ▲ xs z)
[Done]

Assumed lemmas: 
ind-hyp-0 (Built In)
  (++) ▲ b ((++) ▲ y z) ≡ (++) ▲ ((++) ▲ b y) z
Goal:
  (:) ▲ a ((++) ▲ ((++) ▲ b y) z)
[Done]

Assumed lemmas: 
ind-hyp-0 (Built In)
  (++) ▲ b ((++) ▲ y z) ≡ (++) ▲ ((++) ▲ b y) z
Goal:
  (:) ▲ a ((++) ▲ ((++) ▲ b y) z) ≡ (:) ▲ a ((++) ▲ ((++) ▲ b y) z)
[Done]

Assumed lemmas: 
ind-hyp-0 (Built In)
  (++) ▲ b ((++) ▲ y z) ≡ (++) ▲ ((++) ▲ b y) z
Goal:
  true
[Done]

Goal:
  (true)
  ∧
  ((true)
   ∧
   (∀ a b. ((++) ▲ b ((++) ▲ y z) ≡ (++) ▲ ((++) ▲ b y) z) ⇒ (true)))
[Done]

Goal:
  ∀ △ y z.
  (true)
  ∧
  ((true)
   ∧
   (∀ a b. ((++) ▲ b ((++) ▲ y z) ≡ (++) ▲ ((++) ▲ b y) z) ⇒ (true)))
[Done]

Goal:
  true
[Done]

Successfully proven: append-assoc
module ListLaws where
  mempt ∷ ∀ a . [a]
  (++) ∷ ∀ a . [a] → [a] → [a]
  mappen ∷ ∀ a . [a] → [a] → [a]
  toList ∷ ∀ a . a → [a]
  concat ∷ ∀ a . [[a]] → [a]
  map ∷ ∀ a b . (a → b) → [a] → [b]
  retur ∷ ∀ a . a → [a]
  bind ∷ ∀ a b . [a] → (a → [b]) → [b]
[Done]

HERMIT> 
[Done]

Leaving GHCi.
ghc: user interrupt
[starting HERMIT-shell v0.1.0.0 on ListLaws.hs]
[starting HERMIT v1.0.0.0 on ListLaws.hs]
% ghc ListLaws.hs -fforce-recomp -O2 -dcore-lint -fsimple-list-literals -fexpose-all-unfoldings -fplugin=HERMIT.GHCI -fplugin-opt=HERMIT.GHCI:ListLaws: -fplugin-opt=HERMIT.GHCI:ListLaws:VerifyAppendAssocScript.hs -fplugin-opt=HERMIT.GHCI:ListLaws:resume -w
