[1 of 2] Compiling HList            ( HList.hs, HList.o )
[2 of 2] Compiling Main             ( Reverse.hs, Reverse.o )
Setting phasers to stun... (port 3000) (ctrl-c to quit)
GHCi, version 7.10.2: http://www.haskell.org/ghc/  :? for help
module Main where
  rev ∷ ∀ a . [a] → [a]
  absR ∷ ∀ a . ([a] → H a) → [a] → [a]
  repR ∷ ∀ a . ([a] → [a]) → [a] → H a
  main ∷ IO ()
  main ∷ IO ()
[1 of 1] Compiling ReverseScript    ( ReverseScript.hs, interpreted )
Ok, modules loaded: ReverseScript.
module Main where
  rev ∷ ∀ a . [a] → [a]
  absR ∷ ∀ a . ([a] → H a) → [a] → [a]
  repR ∷ ∀ a . ([a] → [a]) → [a] → H a
  main ∷ IO ()
  main ∷ IO ()
++ [] (Not Proven)
  ∀ △ xs. (++) ▲ xs ([] ▲) ≡ xs
Goal:
  ∀ △ xs. (++) ▲ xs ([] ▲) ≡ xs
Goal:
  ∀ △ xs. myAppend ▲ xs ([] ▲) ≡ xs
Forcing obligation: appendFix

Goal:
  ∀ △. (++) ▲ ≡ myAppend ▲
Successfully proven: appendFix

Goal:
  ∀ △ xs. myAppend ▲ xs ([] ▲) ≡ xs
Goal:
  ∀ △.
  (myAppend ▲ (undefined ▲) ([] ▲) ≡ undefined ▲)
  ∧
  ((myAppend ▲ ([] ▲) ([] ▲) ≡ [] ▲)
   ∧
   (∀ a b.
    (myAppend ▲ b ([] ▲) ≡ b)
    ⇒
    (myAppend ▲ ((:) ▲ a b) ([] ▲) ≡ (:) ▲ a b)))
Goal:
  ∀ △.
  (undefined ▲ ≡ undefined ▲)
  ∧
  ((myAppend ▲ ([] ▲) ([] ▲) ≡ [] ▲)
   ∧
   (∀ a b.
    (myAppend ▲ b ([] ▲) ≡ b)
    ⇒
    (myAppend ▲ ((:) ▲ a b) ([] ▲) ≡ (:) ▲ a b)))
Goal:
  ∀ △.
  (undefined ▲ ≡ undefined ▲)
  ∧
  (([] ▲ ≡ [] ▲)
   ∧
   (∀ a b.
    (myAppend ▲ b ([] ▲) ≡ b)
    ⇒
    ((:) ▲ a (myAppend ▲ b ([] ▲)) ≡ (:) ▲ a b)))
Goal:
  ∀ △ a b.
  (myAppend ▲ b ([] ▲) ≡ b)
  ⇒
  ((:) ▲ a (myAppend ▲ b ([] ▲)) ≡ (:) ▲ a b)
Goal:
  ∀ a b.
  (myAppend ▲ b ([] ▲) ≡ b)
  ⇒
  ((:) ▲ a (myAppend ▲ b ([] ▲)) ≡ (:) ▲ a b)
Goal:
  ∀ b.
  (myAppend ▲ b ([] ▲) ≡ b)
  ⇒
  ((:) ▲ a (myAppend ▲ b ([] ▲)) ≡ (:) ▲ a b)
Goal:
  (myAppend ▲ b ([] ▲) ≡ b)
  ⇒
  ((:) ▲ a (myAppend ▲ b ([] ▲)) ≡ (:) ▲ a b)
Assumed lemmas: 
ind-hyp-0 (Built In)
  myAppend ▲ b ([] ▲) ≡ b
Goal:
  (:) ▲ a (myAppend ▲ b ([] ▲)) ≡ (:) ▲ a b
Assumed lemmas: 
ind-hyp-0 (Built In)
  myAppend ▲ b ([] ▲) ≡ b
Goal:
  (:) ▲ a b ≡ (:) ▲ a b
Successfully proven: ++ []

module Main where
  rev ∷ ∀ a . [a] → [a]
  absR ∷ ∀ a . ([a] → H a) → [a] → [a]
  repR ∷ ∀ a . ([a] → [a]) → [a] → H a
  main ∷ IO ()
  main ∷ IO ()
myAppend-assoc (Not Proven)
  ∀ △ xs ys zs.
  myAppend ▲ (myAppend ▲ xs ys) zs ≡ myAppend ▲ xs (myAppend ▲ ys zs)
Goal:
  ∀ △ xs ys zs.
  myAppend ▲ (myAppend ▲ xs ys) zs ≡ myAppend ▲ xs (myAppend ▲ ys zs)
Goal:
  ∀ △ ys zs.
  (myAppend ▲ (myAppend ▲ (undefined ▲) ys) zs
   ≡
   myAppend ▲ (undefined ▲) (myAppend ▲ ys zs))
  ∧
  ((myAppend ▲ (myAppend ▲ ([] ▲) ys) zs
    ≡
    myAppend ▲ ([] ▲) (myAppend ▲ ys zs))
   ∧
   (∀ a b.
    (myAppend ▲ (myAppend ▲ b ys) zs ≡ myAppend ▲ b (myAppend ▲ ys zs))
    ⇒
    (myAppend ▲ (myAppend ▲ ((:) ▲ a b) ys) zs
     ≡
     myAppend ▲ ((:) ▲ a b) (myAppend ▲ ys zs))))
Goal:
  ∀ △ ys zs.
  (myAppend ▲ (myAppend ▲ (undefined ▲) ys) zs
   ≡
   myAppend ▲ (undefined ▲) (myAppend ▲ ys zs))
  ∧
  ((myAppend ▲ (myAppend ▲ ([] ▲) ys) zs
    ≡
    myAppend ▲ ([] ▲) (myAppend ▲ ys zs))
   ∧
   (∀ a b.
    (myAppend ▲ (myAppend ▲ b ys) zs ≡ myAppend ▲ b (myAppend ▲ ys zs))
    ⇒
    (myAppend ▲ (myAppend ▲ ((:) ▲ a b) ys) zs
     ≡
     myAppend ▲ ((:) ▲ a b) (myAppend ▲ ys zs))))
Goal:
  ∀ ys zs.
  (myAppend ▲ (myAppend ▲ (undefined ▲) ys) zs
   ≡
   myAppend ▲ (undefined ▲) (myAppend ▲ ys zs))
  ∧
  ((myAppend ▲ (myAppend ▲ ([] ▲) ys) zs
    ≡
    myAppend ▲ ([] ▲) (myAppend ▲ ys zs))
   ∧
   (∀ a b.
    (myAppend ▲ (myAppend ▲ b ys) zs ≡ myAppend ▲ b (myAppend ▲ ys zs))
    ⇒
    (myAppend ▲ (myAppend ▲ ((:) ▲ a b) ys) zs
     ≡
     myAppend ▲ ((:) ▲ a b) (myAppend ▲ ys zs))))
Goal:
  ∀ zs.
  (myAppend ▲ (myAppend ▲ (undefined ▲) ys) zs
   ≡
   myAppend ▲ (undefined ▲) (myAppend ▲ ys zs))
  ∧
  ((myAppend ▲ (myAppend ▲ ([] ▲) ys) zs
    ≡
    myAppend ▲ ([] ▲) (myAppend ▲ ys zs))
   ∧
   (∀ a b.
    (myAppend ▲ (myAppend ▲ b ys) zs ≡ myAppend ▲ b (myAppend ▲ ys zs))
    ⇒
    (myAppend ▲ (myAppend ▲ ((:) ▲ a b) ys) zs
     ≡
     myAppend ▲ ((:) ▲ a b) (myAppend ▲ ys zs))))
Goal:
  (myAppend ▲ (myAppend ▲ (undefined ▲) ys) zs
   ≡
   myAppend ▲ (undefined ▲) (myAppend ▲ ys zs))
  ∧
  ((myAppend ▲ (myAppend ▲ ([] ▲) ys) zs
    ≡
    myAppend ▲ ([] ▲) (myAppend ▲ ys zs))
   ∧
   (∀ a b.
    (myAppend ▲ (myAppend ▲ b ys) zs ≡ myAppend ▲ b (myAppend ▲ ys zs))
    ⇒
    (myAppend ▲ (myAppend ▲ ((:) ▲ a b) ys) zs
     ≡
     myAppend ▲ ((:) ▲ a b) (myAppend ▲ ys zs))))
Goal:
  (myAppend ▲ (myAppend ▲ (undefined ▲) ys) zs
   ≡
   myAppend ▲ (undefined ▲) (myAppend ▲ ys zs))
  ∧
  ((myAppend ▲ (myAppend ▲ ([] ▲) ys) zs
    ≡
    myAppend ▲ ([] ▲) (myAppend ▲ ys zs))
   ∧
   (∀ a b.
    (myAppend ▲ (myAppend ▲ b ys) zs ≡ myAppend ▲ b (myAppend ▲ ys zs))
    ⇒
    (myAppend ▲ (myAppend ▲ ((:) ▲ a b) ys) zs
     ≡
     myAppend ▲ ((:) ▲ a b) (myAppend ▲ ys zs))))
Goal:
  myAppend ▲ (myAppend ▲ (undefined ▲) ys) zs
  ≡
  myAppend ▲ (undefined ▲) (myAppend ▲ ys zs)
Goal:
  undefined ▲ ≡ undefined ▲
Goal:
  true
Goal:
  (true)
  ∧
  ((myAppend ▲ (myAppend ▲ ([] ▲) ys) zs
    ≡
    myAppend ▲ ([] ▲) (myAppend ▲ ys zs))
   ∧
   (∀ a b.
    (myAppend ▲ (myAppend ▲ b ys) zs ≡ myAppend ▲ b (myAppend ▲ ys zs))
    ⇒
    (myAppend ▲ (myAppend ▲ ((:) ▲ a b) ys) zs
     ≡
     myAppend ▲ ((:) ▲ a b) (myAppend ▲ ys zs))))
Goal:
  (myAppend ▲ (myAppend ▲ ([] ▲) ys) zs
   ≡
   myAppend ▲ ([] ▲) (myAppend ▲ ys zs))
  ∧
  (∀ a b.
   (myAppend ▲ (myAppend ▲ b ys) zs ≡ myAppend ▲ b (myAppend ▲ ys zs))
   ⇒
   (myAppend ▲ (myAppend ▲ ((:) ▲ a b) ys) zs
    ≡
    myAppend ▲ ((:) ▲ a b) (myAppend ▲ ys zs)))
Goal:
  (myAppend ▲ (myAppend ▲ ([] ▲) ys) zs
   ≡
   myAppend ▲ ([] ▲) (myAppend ▲ ys zs))
  ∧
  (∀ a b.
   (myAppend ▲ (myAppend ▲ b ys) zs ≡ myAppend ▲ b (myAppend ▲ ys zs))
   ⇒
   (myAppend ▲ (myAppend ▲ ((:) ▲ a b) ys) zs
    ≡
    myAppend ▲ ((:) ▲ a b) (myAppend ▲ ys zs)))
Goal:
  myAppend ▲ (myAppend ▲ ([] ▲) ys) zs
  ≡
  myAppend ▲ ([] ▲) (myAppend ▲ ys zs)
Goal:
  myAppend ▲ ys zs ≡ myAppend ▲ ys zs
Goal:
  true
Goal:
  (true)
  ∧
  (∀ a b.
   (myAppend ▲ (myAppend ▲ b ys) zs ≡ myAppend ▲ b (myAppend ▲ ys zs))
   ⇒
   (myAppend ▲ (myAppend ▲ ((:) ▲ a b) ys) zs
    ≡
    myAppend ▲ ((:) ▲ a b) (myAppend ▲ ys zs)))
Goal:
  (true)
  ∧
  (∀ a b.
   (myAppend ▲ (myAppend ▲ b ys) zs ≡ myAppend ▲ b (myAppend ▲ ys zs))
   ⇒
   (myAppend ▲ (myAppend ▲ ((:) ▲ a b) ys) zs
    ≡
    myAppend ▲ ((:) ▲ a b) (myAppend ▲ ys zs)))
Goal:
  ∀ a b.
  (myAppend ▲ (myAppend ▲ b ys) zs ≡ myAppend ▲ b (myAppend ▲ ys zs))
  ⇒
  (myAppend ▲ (myAppend ▲ ((:) ▲ a b) ys) zs
   ≡
   myAppend ▲ ((:) ▲ a b) (myAppend ▲ ys zs))
Goal:
  ∀ b.
  (myAppend ▲ (myAppend ▲ b ys) zs ≡ myAppend ▲ b (myAppend ▲ ys zs))
  ⇒
  (myAppend ▲ (myAppend ▲ ((:) ▲ a b) ys) zs
   ≡
   myAppend ▲ ((:) ▲ a b) (myAppend ▲ ys zs))
Goal:
  (myAppend ▲ (myAppend ▲ b ys) zs ≡ myAppend ▲ b (myAppend ▲ ys zs))
  ⇒
  (myAppend ▲ (myAppend ▲ ((:) ▲ a b) ys) zs
   ≡
   myAppend ▲ ((:) ▲ a b) (myAppend ▲ ys zs))
Assumed lemmas: 
ind-hyp-0 (Built In)
  myAppend ▲ (myAppend ▲ b ys) zs ≡ myAppend ▲ b (myAppend ▲ ys zs)
Goal:
  myAppend ▲ (myAppend ▲ ((:) ▲ a b) ys) zs
  ≡
  myAppend ▲ ((:) ▲ a b) (myAppend ▲ ys zs)
Assumed lemmas: 
ind-hyp-0 (Built In)
  myAppend ▲ (myAppend ▲ b ys) zs ≡ myAppend ▲ b (myAppend ▲ ys zs)
Goal:
  (λ △ ds ys →
     case ds of wild ▲
       [] → ys
       (:) x xs → (:) ▲ x (myAppend ▲ xs ys)) ▲
                                              ((λ △ ds ys →
                                                  case ds of wild ▲
                                                    [] → ys
                                                    (:) x xs →
                                                      (:) ▲ x
                                                          (myAppend ▲ xs ys)) ▲
                                                                              ((:) ▲
                                                                                   a
                                                                                   b)
                                                                              ys)
                                              zs
  ≡
  (λ △ ds ys →
     case ds of wild ▲
       [] → ys
       (:) x xs → (:) ▲ x (myAppend ▲ xs ys)) ▲ ((:) ▲ a b)
                                              ((λ △ ds ys →
                                                  case ds of wild ▲
                                                    [] → ys
                                                    (:) x xs →
                                                      (:) ▲ x
                                                          (myAppend ▲ xs ys)) ▲
                                                                              ys
                                                                              zs)
Assumed lemmas: 
ind-hyp-0 (Built In)
  myAppend ▲ (myAppend ▲ b ys) zs ≡ myAppend ▲ b (myAppend ▲ ys zs)
Goal:
  (:) ▲ a (myAppend ▲ (myAppend ▲ b ys) zs)
  ≡
  (:) ▲ a
      (myAppend ▲ b
                (case ys of wild ▲
                   [] → zs
                   (:) x xs → (:) ▲ x (myAppend ▲ xs zs)))
Assumed lemmas: 
ind-hyp-0 (Built In)
  myAppend ▲ (myAppend ▲ b ys) zs ≡ myAppend ▲ b (myAppend ▲ ys zs)
Goal:
  (:) ▲ a (myAppend ▲ (myAppend ▲ b ys) zs)
  ≡
  (:) ▲ a (myAppend ▲ b (myAppend ▲ ys zs))
Assumed lemmas: 
ind-hyp-0 (Built In)
  myAppend ▲ (myAppend ▲ b ys) zs ≡ myAppend ▲ b (myAppend ▲ ys zs)
Goal:
  (:) ▲ a (myAppend ▲ b (myAppend ▲ ys zs))
  ≡
  (:) ▲ a (myAppend ▲ b (myAppend ▲ ys zs))
Assumed lemmas: 
ind-hyp-0 (Built In)
  myAppend ▲ (myAppend ▲ b ys) zs ≡ myAppend ▲ b (myAppend ▲ ys zs)
Goal:
  true
Goal:
  (true)
  ∧
  (∀ a b.
   (myAppend ▲ (myAppend ▲ b ys) zs ≡ myAppend ▲ b (myAppend ▲ ys zs))
   ⇒
   (true))
Goal:
  ∀ △ ys zs.
  (true)
  ∧
  ((true)
   ∧
   (∀ a b.
    (myAppend ▲ (myAppend ▲ b ys) zs ≡ myAppend ▲ b (myAppend ▲ ys zs))
    ⇒
    (true)))
Successfully proven: myAppend-assoc

module Main where
  rev ∷ ∀ a . [a] → [a]
  absR ∷ ∀ a . ([a] → H a) → [a] → [a]
  repR ∷ ∀ a . ([a] → [a]) → [a] → H a
  main ∷ IO ()
  main ∷ IO ()
repH [] (Not Proven)
  ∀ △. repH ▲ ([] ▲) ≡ id ▲
Goal:
  ∀ △. repH ▲ ([] ▲) ≡ id ▲
Goal:
  ∀ △. (++) ▲ ([] ▲) ≡ id ▲
Goal:
  ∀ △ x. (++) ▲ ([] ▲) x ≡ id ▲ x
Goal:
  ∀ △ x. myAppend ▲ ([] ▲) x ≡ id ▲ x
Goal:
  ∀ △ x.
  case [] ▲ of wild ▲
    [] → x
    (:) x xs → (:) ▲ x (myAppend ▲ xs x)
  ≡
  id ▲ x
Goal:
  ∀ △ x. x ≡ x
Successfully proven: repH []

module Main where
  rev ∷ ∀ a . [a] → [a]
  absR ∷ ∀ a . ([a] → H a) → [a] → [a]
  repR ∷ ∀ a . ([a] → [a]) → [a] → H a
  main ∷ IO ()
  main ∷ IO ()
repH (:) (Not Proven)
  ∀ △ x xs. repH ▲ ((:) ▲ x xs) ≡ (.) ▲ ▲ ▲ ((:) ▲ x) (repH ▲ xs)
Goal:
  ∀ △ x xs. repH ▲ ((:) ▲ x xs) ≡ (.) ▲ ▲ ▲ ((:) ▲ x) (repH ▲ xs)
Goal:
  ∀ △ x xs. (++) ▲ ((:) ▲ x xs) ≡ (.) ▲ ▲ ▲ ((:) ▲ x) ((++) ▲ xs)
Goal:
  ∀ △ x xs.
  myAppend ▲ ((:) ▲ x xs) ≡ (.) ▲ ▲ ▲ ((:) ▲ x) (myAppend ▲ xs)
Goal:
  ∀ △ x xs. myAppend ▲ ((:) ▲ x xs) ≡ λ x → (:) ▲ x (myAppend ▲ xs x)
Goal:
  ∀ △ x xs.
  λ ys → (:) ▲ x (myAppend ▲ xs ys) ≡ λ x → (:) ▲ x (myAppend ▲ xs x)
Successfully proven: repH (:)

module Main where
  rev ∷ ∀ a . [a] → [a]
  absR ∷ ∀ a . ([a] → H a) → [a] → [a]
  repR ∷ ∀ a . ([a] → [a]) → [a] → H a
  main ∷ IO ()
  main ∷ IO ()
repH ++ (Not Proven)
  ∀ △ xs ys.
  repH ▲ ((++) ▲ xs ys) ≡ (.) ▲ ▲ ▲ (repH ▲ xs) (repH ▲ ys)
Goal:
  ∀ △ xs ys.
  repH ▲ ((++) ▲ xs ys) ≡ (.) ▲ ▲ ▲ (repH ▲ xs) (repH ▲ ys)
Goal:
  ∀ △ xs ys.
  (++) ▲ ((++) ▲ xs ys) ≡ (.) ▲ ▲ ▲ ((++) ▲ xs) ((++) ▲ ys)
Goal:
  ∀ △ xs ys.
  myAppend ▲ (myAppend ▲ xs ys)
  ≡
  (.) ▲ ▲ ▲ (myAppend ▲ xs) (myAppend ▲ ys)
Goal:
  ∀ △ xs ys.
  λ x → myAppend ▲ (myAppend ▲ xs ys) x
  ≡
  (.) ▲ ▲ ▲ (myAppend ▲ xs) (myAppend ▲ ys)
Goal:
  ∀ △ xs ys.
  λ x → myAppend ▲ (myAppend ▲ xs ys) x
  ≡
  λ x → myAppend ▲ xs (myAppend ▲ ys x)
Goal:
  ∀ △ xs ys zs.
  (λ x → myAppend ▲ (myAppend ▲ xs ys) x) zs
  ≡
  (λ x → myAppend ▲ xs (myAppend ▲ ys x)) zs
Goal:
  ∀ △ xs ys zs.
  myAppend ▲ (myAppend ▲ xs ys) zs ≡ myAppend ▲ xs (myAppend ▲ ys zs)
Goal:
  ∀ △ xs ys zs.
  myAppend ▲ (myAppend ▲ xs ys) zs ≡ myAppend ▲ xs (myAppend ▲ ys zs)
Goal:
  ∀ xs ys zs.
  myAppend ▲ (myAppend ▲ xs ys) zs ≡ myAppend ▲ xs (myAppend ▲ ys zs)
Goal:
  true
Goal:
  ∀ △. true
Successfully proven: repH ++

module Main where
  rev ∷ ∀ a . [a] → [a]
  absR ∷ ∀ a . ([a] → H a) → [a] → [a]
  repR ∷ ∀ a . ([a] → [a]) → [a] → H a
  main ∷ IO ()
  main ∷ IO ()
rev = λ △ ds →
  case ds of wild ▲
    [] → [] ▲
    (:) x xs → (++) ▲ (rev ▲ xs) ((:) ▲ x ([] ▲))
rev = λ △ →
  fix ▲
      (λ rev ds →
         case ds of wild ▲
           [] → [] ▲
           (:) x xs → (++) ▲ (rev xs) ((:) ▲ x ([] ▲)))
fix ▲
    (λ rev ds →
       case ds of wild ▲
         [] → [] ▲
         (:) x xs → (++) ▲ (rev xs) ((:) ▲ x ([] ▲)))
let g =
      (.) ▲ ▲ ▲ (repR ▲)
          ((.) ▲ ▲ ▲
               (λ rev ds →
                  case ds of wild ▲
                    [] → [] ▲
                    (:) x xs → (++) ▲ (rev xs) ((:) ▲ x ([] ▲)))
               (absR ▲))
    worker = fix ▲ g
in absR ▲ worker
Forcing obligation: rev-assumption

Goal:
  fix ▲
      ((.) ▲ ▲ ▲ (absR ▲)
           ((.) ▲ ▲ ▲ (repR ▲)
                (λ rev ds →
                   case ds of wild ▲
                     [] → [] ▲
                     (:) x xs → (++) ▲ (rev xs) ((:) ▲ x ([] ▲)))))
  ≡
  fix ▲
      (λ rev ds →
         case ds of wild ▲
           [] → [] ▲
           (:) x xs → (++) ▲ (rev xs) ((:) ▲ x ([] ▲)))
Goal:
  let rec x =
            absR ▲
                 (repR ▲
                       (λ ds →
                          case ds of wild ▲
                            [] → [] ▲
                            (:) x xs → (++) ▲ (x xs) ((:) ▲ x ([] ▲))))
  in x
  ≡
  let rec x = λ ds →
            case ds of wild ▲
              [] → [] ▲
              (:) x xs → (++) ▲ (x xs) ((:) ▲ x ([] ▲))
  in x
Goal:
  let rec x = λ x →
            (++) ▲
                 (case x of wild ▲
                    [] → [] ▲
                    (:) x xs → (++) ▲ (x xs) ((:) ▲ x ([] ▲)))
                 ([] ▲)
  in x
  ≡
  let rec x = λ ds →
            case ds of wild ▲
              [] → [] ▲
              (:) x xs → (++) ▲ (x xs) ((:) ▲ x ([] ▲))
  in x
Goal:
  let rec x = λ x →
            case x of wild ▲
              [] → [] ▲
              (:) x xs → (++) ▲ (x xs) ((:) ▲ x ([] ▲))
  in x
  ≡
  let rec x = λ ds →
            case ds of wild ▲
              [] → [] ▲
              (:) x xs → (++) ▲ (x xs) ((:) ▲ x ([] ▲))
  in x
Successfully proven: rev-assumption

let g =
      (.) ▲ ▲ ▲ (repR ▲)
          ((.) ▲ ▲ ▲
               (λ rev ds →
                  case ds of wild ▲
                    [] → [] ▲
                    (:) x xs → (++) ▲ (rev xs) ((:) ▲ x ([] ▲)))
               (absR ▲))
    worker = fix ▲ g
in absR ▲ worker
let g =
      (.) ▲ ▲ ▲ (λ eta → (λ f → (.) ▲ ▲ ▲ (repH ▲) f) eta)
          ((.) ▲ ▲ ▲
               (λ rev ds →
                  case ds of wild ▲
                    [] → [] ▲
                    (:) x xs → (++) ▲ (rev xs) ((:) ▲ x ([] ▲)))
               (λ eta → (λ g → (.) ▲ ▲ ▲ (absH ▲) g) eta))
    worker = fix ▲ g
in (λ g → (.) ▲ ▲ ▲ (absH ▲) g) worker
let g = λ x →
      (λ eta → (λ f x → repH ▲ (f x)) eta) ((λ x →
                                               (λ rev ds →
                                                  case ds of wild ▲
                                                    [] → [] ▲
                                                    (:) x xs →
                                                      (++) ▲ (rev xs)
                                                           ((:) ▲ x
                                                                ([] ▲))) ((λ eta →
                                                                             (λ g x →
                                                                                absH ▲
                                                                                     (g x)) eta) x)) x)
    worker = fix ▲ g
in (λ g x → absH ▲ (g x)) worker
λ x →
  absH ▲
       (fix ▲
            (λ x x →
               repH ▲
                    (case x of wild ▲
                       [] → [] ▲
                       (:) x xs → (++) ▲ (absH ▲ (x xs)) ((:) ▲ x ([] ▲))))
            x)
λ x →
  absH ▲
       (fix ▲
            (λ x x →
               case x of wild ▲
                 [] → repH ▲ ([] ▲)
                 (:) x xs → repH ▲ ((++) ▲ (absH ▲ (x xs)) ((:) ▲ x ([] ▲))))
            x)
Forcing obligation: repHstrict

Goal:
  ∀ △. repH ▲ (undefined ▲) ≡ undefined ▲
Goal:
  ∀ △. (++) ▲ (undefined ▲) ≡ undefined ▲
Goal:
  ∀ △. myAppend ▲ (undefined ▲) ≡ undefined ▲
Goal:
  ∀ △.
  λ ys →
    case undefined ▲ of wild ▲
      [] → ys
      (:) x xs → (:) ▲ x (myAppend ▲ xs ys)
  ≡
  undefined ▲
Goal:
  ∀ △. undefined ▲ ≡ undefined ▲
Successfully proven: repHstrict

λ x →
  absH ▲
       (fix ▲
            (λ x x →
               case x of wild ▲
                 [] → repH ▲ ([] ▲)
                 (:) x xs → repH ▲ ((++) ▲ (absH ▲ (x xs)) ((:) ▲ x ([] ▲))))
            x)
λ x →
  absH ▲
       (fix ▲
            (λ x x →
               case x of wild ▲
                 [] → repH ▲ ([] ▲)
                 (:) x xs →
                   (.) ▲ ▲ ▲ (repH ▲ (absH ▲ (x xs))) (repH ▲ ((:) ▲ x ([] ▲))))
            x)
λ x →
  absH ▲
       (fix ▲
            (λ x x →
               case x of wild ▲
                 [] → repH ▲ ([] ▲)
                 (:) x xs →
                   λ x → repH ▲ (absH ▲ (x xs)) (repH ▲ ((:) ▲ x ([] ▲)) x))
            x)
λ x →
  absH ▲
       (fix ▲
            (λ x x →
               case x of wild ▲
                 [] → repH ▲ ([] ▲)
                 (:) x xs → λ x → x xs (repH ▲ ((:) ▲ x ([] ▲)) x))
            x)
Forcing obligation: repH-absH-fusion

Goal:
  ∀ △ h. repH ▲ (absH ▲ h) ≡ h
Successfully proven: repH-absH-fusion

λ x →
  absH ▲
       (fix ▲
            (λ x x →
               case x of wild ▲
                 [] → repH ▲ ([] ▲)
                 (:) x xs → λ x → x xs (repH ▲ ((:) ▲ x ([] ▲)) x))
            x)
λ x →
  absH ▲
       (fix ▲
            (λ x x →
               case x of wild ▲
                 [] → repH ▲ ([] ▲)
                 (:) x xs → λ x → x xs ((.) ▲ ▲ ▲ ((:) ▲ x) (repH ▲ ([] ▲)) x))
            x)
λ x →
  absH ▲
       (fix ▲
            (λ x x →
               case x of wild ▲
                 [] → id ▲
                 (:) x xs → λ x → x xs ((.) ▲ ▲ ▲ ((:) ▲ x) (id ▲) x))
            x)
λ x →
  absH ▲
       ((let rec x =
                   (λ x x →
                      case x of wild ▲
                        [] → id ▲
                        (:) x xs → λ x → x xs ((.) ▲ ▲ ▲ ((:) ▲ x) (id ▲) x)) x
         in x) x)
λ x →
  (let rec x =
             (λ x x →
                case x of wild ▲
                  [] → id ▲
                  (:) x xs → λ x → x xs ((.) ▲ ▲ ▲ ((:) ▲ x) (id ▲) x)) x
   in x) x ([] ▲)
let rec x = λ x →
          case x of wild ▲
            [] → id ▲
            (:) x xs → λ x → x xs ((:) ▲ x x)
in λ x → x x ([] ▲)
let rec x = λ x0 →
          case x0 of wild ▲
            [] → id ▲
            (:) x1 xs → λ x2 → x xs ((:) ▲ x1 x2)
in λ x0 → x x0 ([] ▲)
HERMIT> Warning: Lemma appendFix was assumed but not proven.

appendFix
  ∀ △. (++) ▲ ≡ myAppend ▲
Warning: Lemma repH-absH-fusion was assumed but not proven.

repH-absH-fusion
  ∀ △ h. repH ▲ (absH ▲ h) ≡ h
Leaving GHCi.
ghc: user interrupt
Linking Reverse ...
[starting HERMIT-shell v0.1.0.0 on Reverse.hs]
[starting HERMIT v1.0.0.0 on Reverse.hs]
% ghc Reverse.hs -fforce-recomp -O2 -dcore-lint -fsimple-list-literals -fexpose-all-unfoldings -fplugin=HERMIT.GHCI -fplugin-opt=HERMIT.GHCI:Main: -fplugin-opt=HERMIT.GHCI:Main:ReverseScript.hs -fplugin-opt=HERMIT.GHCI:Main:resume -w
