[1 of 1] Compiling Main             ( Nub.hs, Nub.o )
Setting phasers to stun... (port 3000) (ctrl-c to quit)
GHCi, version 7.10.2: http://www.haskell.org/ghc/  :? for help
module Main where
  absN ∷ ([Int] → Set Int → [Int]) → [Int] → [Int]
  filter ∷ ∀ a . (a → Bool) → [a] → [a]
  repN ∷ ([Int] → [Int]) → [Int] → Set Int → [Int]
  $dShow ∷ Show [Int]
  nub ∷ [Int] → [Int]
  main ∷ IO ()
  main ∷ IO ()
[1 of 1] Compiling NubScript        ( NubScript.hs, interpreted )
Ok, modules loaded: NubScript.
module Main where
  absN ∷ ([Int] → Set Int → [Int]) → [Int] → [Int]
  filter ∷ ∀ a . (a → Bool) → [a] → [a]
  repN ∷ ([Int] → [Int]) → [Int] → Set Int → [Int]
  $dShow ∷ Show [Int]
  nub ∷ [Int] → [Int]
  main ∷ IO ()
  main ∷ IO ()
module Main where
  absN ∷ ([Int] → Set Int → [Int]) → [Int] → [Int]
  filter ∷ ∀ a . (a → Bool) → [a] → [a]
  repN ∷ ([Int] → [Int]) → [Int] → Set Int → [Int]
  $dShow ∷ Show [Int]
  nub ∷ [Int] → [Int]
  main ∷ IO ()
  main ∷ IO ()
nub ∷ [Int] → [Int]
nub = λ ds →
  case ds of wild [Int]
    [] → [] Int
    (:) x xs →
      (:) Int x (nub (filter Int (λ ds → (/=) Int $fEqInt ds x) xs))
nub ∷ [Int] → [Int]
nub =
  fix ([Int] → [Int])
      (λ nub ds →
         case ds of wild [Int]
           [] → [] Int
           (:) x xs →
             (:) Int x (nub (filter Int (λ ds → (/=) Int $fEqInt ds x) xs)))
fix ([Int] → [Int])
    (λ nub ds →
       case ds of wild [Int]
         [] → [] Int
         (:) x xs →
           (:) Int x (nub (filter Int (λ ds → (/=) Int $fEqInt ds x) xs)))
let worker ∷ [Int] → Set Int → [Int]
    worker =
      repN (fix ([Int] → [Int])
                (λ nub ds →
                   case ds of wild [Int]
                     [] → [] Int
                     (:) x xs →
                       (:) Int x
                           (nub (filter Int (λ ds → (/=) Int $fEqInt ds x)
                                        xs))))
in absN worker
Forcing obligation: nub-assumption

Goal:
  fix ([Int] → [Int])
      ((.) ([Int] → Set Int → [Int]) ([Int] → [Int]) ([Int] → [Int]) absN
           ((.) ([Int] → [Int]) ([Int] → Set Int → [Int]) ([Int] → [Int]) repN
                (λ nub ds →
                   case ds of wild [Int]
                     [] → [] Int
                     (:) x xs →
                       (:) Int x
                           (nub (filter Int (λ ds → (/=) Int $fEqInt ds x)
                                        xs)))))
  ≡
  fix ([Int] → [Int])
      (λ nub ds →
         case ds of wild [Int]
           [] → [] Int
           (:) x xs →
             (:) Int x (nub (filter Int (λ ds → (/=) Int $fEqInt ds x) xs)))
Successfully proven: nub-assumption

let worker ∷ [Int] → Set Int → [Int]
    worker =
      repN (fix ([Int] → [Int])
                (λ nub ds →
                   case ds of wild [Int]
                     [] → [] Int
                     (:) x xs →
                       (:) Int x
                           (nub (filter Int (λ ds → (/=) Int $fEqInt ds x)
                                        xs))))
in absN worker
let worker ∷ [Int] → Set Int → [Int]
    worker =
      repN (fix ([Int] → [Int])
                (λ nub ds →
                   case ds of wild [Int]
                     [] → [] Int
                     (:) x xs →
                       (:) Int x
                           (nub (filter Int (λ ds → (/=) Int $fEqInt ds x)
                                        xs))))
in absN worker
repN (fix ([Int] → [Int])
          (λ nub ds →
             case ds of wild [Int]
               [] → [] Int
               (:) x xs →
                 (:) Int x
                     (nub (filter Int (λ ds → (/=) Int $fEqInt ds x) xs))))
fix ([Int] → [Int])
    (λ nub ds →
       case ds of wild [Int]
         [] → [] Int
         (:) x xs →
           (:) Int x (nub (filter Int (λ ds → (/=) Int $fEqInt ds x) xs)))
let nub ∷ [Int] → [Int]
    nub =
      fix ([Int] → [Int])
          (λ nub ds →
             case ds of wild [Int]
               [] → [] Int
               (:) x xs →
                 (:) Int x (nub (filter Int (λ ds → (/=) Int $fEqInt ds x) xs)))
in nub
let nub ∷ [Int] → [Int]
    nub =
      let rec x ∷ [Int] → [Int]
              x =
                (λ nub ds →
                   case ds of wild [Int]
                     [] → [] Int
                     (:) x xs →
                       (:) Int x
                           (nub (filter Int (λ ds → (/=) Int $fEqInt ds x)
                                        xs))) x
      in x
in nub
let rec x ∷ [Int] → [Int]
        x = λ ds →
          case ds of wild [Int]
            [] → [] Int
            (:) x xs →
              (:) Int x (x (filter Int (λ ds → (/=) Int $fEqInt ds x) xs))
in x
let worker ∷ [Int] → Set Int → [Int]
    worker =
      repN (let rec x ∷ [Int] → [Int]
                    x = λ ds →
                      case ds of wild [Int]
                        [] → [] Int
                        (:) x xs →
                          (:) Int x
                              (x (filter Int (λ ds → (/=) Int $fEqInt ds x) xs))
            in x)
in absN worker
let rec x ∷ [Int] → [Int]
        x = λ ds →
          case ds of wild [Int]
            [] → [] Int
            (:) x xs →
              (:) Int x (x (filter Int (λ ds → (/=) Int $fEqInt ds x) xs))
    worker ∷ [Int] → Set Int → [Int]
    worker = repN x
in absN worker
let rec nub' ∷ [Int] → [Int]
        nub' = λ ds →
          case ds of wild [Int]
            [] → [] Int
            (:) x xs →
              (:) Int x (nub' (filter Int (λ ds → (/=) Int $fEqInt ds x) xs))
    worker ∷ [Int] → Set Int → [Int]
    worker = repN nub'
in absN worker
worker ∷ [Int] → Set Int → [Int]
worker = repN nub'
worker ∷ [Int] → Set Int → [Int]
worker = λ xs s →
  nub' (filter Int (λ ds → notMember Int $fOrdInt ds s) xs)
'"{
    \"params\": [
        {
            \"params\": [
                \"origworker\"
            ],
            \"method\": \"remember\"
        }
    ],
    \"method\": \"query\"
}" [correct]

worker ∷ [Int] → Set Int → [Int]
worker = λ xs s →
  nub' (case xs of wild [Int]
          [] → [] Int
          (:) x xs →
            case (λ ds → notMember Int $fOrdInt ds s) x of wild [Int]
              False → filter Int (λ ds → notMember Int $fOrdInt ds s) xs
              True →
                (:) Int x (filter Int (λ ds → notMember Int $fOrdInt ds s) xs))
worker ∷ [Int] → Set Int → [Int]
worker = λ xs s →
  case xs of wild [Int]
    [] → nub' ([] Int)
    (:) x xs →
      nub' (case (λ ds → notMember Int $fOrdInt ds s) x of wild [Int]
              False → filter Int (λ ds → notMember Int $fOrdInt ds s) xs
              True →
                (:) Int x (filter Int (λ ds → notMember Int $fOrdInt ds s) xs))
Forcing obligation: nubStrict

Goal:
  nub' (undefined [Int]) ≡ undefined [Int]
Goal:
  case undefined [Int] of wild [Int]
    [] → [] Int
    (:) x xs →
      (:) Int x (nub' (filter Int (λ ds → (/=) Int $fEqInt ds x) xs))
  ≡
  undefined [Int]
Goal:
  true
Successfully proven: nubStrict

worker ∷ [Int] → Set Int → [Int]
worker = λ xs s →
  case xs of wild [Int]
    [] → nub' ([] Int)
    (:) x xs →
      nub' (case (λ ds → notMember Int $fOrdInt ds s) x of wild [Int]
              False → filter Int (λ ds → notMember Int $fOrdInt ds s) xs
              True →
                (:) Int x (filter Int (λ ds → notMember Int $fOrdInt ds s) xs))
worker ∷ [Int] → Set Int → [Int]
worker = λ xs s →
  case xs of wild [Int]
    [] →
      case [] Int of wild [Int]
        [] → [] Int
        (:) x xs →
          (:) Int x (nub' (filter Int (λ ds → (/=) Int $fEqInt ds x) xs))
    (:) x xs →
      nub' (case (λ ds → notMember Int $fOrdInt ds s) x of wild [Int]
              False → filter Int (λ ds → notMember Int $fOrdInt ds s) xs
              True →
                (:) Int x (filter Int (λ ds → notMember Int $fOrdInt ds s) xs))
worker ∷ [Int] → Set Int → [Int]
worker = λ xs s →
  case xs of wild [Int]
    [] → [] Int
    (:) x xs →
      nub' (case notMember Int $fOrdInt x s of wild [Int]
              False → filter Int (λ ds → notMember Int $fOrdInt ds s) xs
              True →
                (:) Int x (filter Int (λ ds → notMember Int $fOrdInt ds s) xs))
worker ∷ [Int] → Set Int → [Int]
worker = λ xs s →
  case xs of wild [Int]
    [] → [] Int
    (:) x xs →
      case notMember Int $fOrdInt x s of wild [Int]
        False → nub' (filter Int (λ ds → notMember Int $fOrdInt ds s) xs)
        True →
          nub' ((:) Int x
                    (filter Int (λ ds → notMember Int $fOrdInt ds s) xs))
Forcing obligation: nubStrict

Goal:
  nub' (undefined [Int]) ≡ undefined [Int]
Goal:
  case undefined [Int] of wild [Int]
    [] → [] Int
    (:) x xs →
      (:) Int x (nub' (filter Int (λ ds → (/=) Int $fEqInt ds x) xs))
  ≡
  undefined [Int]
Goal:
  true
Successfully proven: nubStrict

worker ∷ [Int] → Set Int → [Int]
worker = λ xs s →
  case xs of wild [Int]
    [] → [] Int
    (:) x xs →
      case notMember Int $fOrdInt x s of wild [Int]
        False → nub' (filter Int (λ ds → notMember Int $fOrdInt ds s) xs)
        True →
          nub' ((:) Int x
                    (filter Int (λ ds → notMember Int $fOrdInt ds s) xs))
worker ∷ [Int] → Set Int → [Int]
worker = λ xs s →
  case xs of wild [Int]
    [] → [] Int
    (:) x xs →
      case notMember Int $fOrdInt x s of wild [Int]
        False → nub' (filter Int (λ ds → notMember Int $fOrdInt ds s) xs)
        True →
          nub' ((:) Int x
                    (filter Int (λ ds → notMember Int $fOrdInt ds s) xs))
case xs of wild [Int]
  [] → [] Int
  (:) x xs →
    case notMember Int $fOrdInt x s of wild [Int]
      False → nub' (filter Int (λ ds → notMember Int $fOrdInt ds s) xs)
      True →
        nub' ((:) Int x
                  (filter Int (λ ds → notMember Int $fOrdInt ds s) xs))
case notMember Int $fOrdInt x s of wild [Int]
  False → nub' (filter Int (λ ds → notMember Int $fOrdInt ds s) xs)
  True →
    nub' ((:) Int x
              (filter Int (λ ds → notMember Int $fOrdInt ds s) xs))
True →
  nub' ((:) Int x
            (filter Int (λ ds → notMember Int $fOrdInt ds s) xs))
nub' ((:) Int x
          (filter Int (λ ds → notMember Int $fOrdInt ds s) xs))
case (:) Int x (filter Int (λ ds → notMember Int $fOrdInt ds s) xs)
 of wild [Int]
  [] → [] Int
  (:) x xs →
    (:) Int x (nub' (filter Int (λ ds → (/=) Int $fEqInt ds x) xs))
(:) Int x
    (nub' (filter Int (λ ds → (/=) Int $fEqInt ds x)
                  (filter Int (λ ds → notMember Int $fOrdInt ds s) xs)))
(:) Int x
    (nub' (filter Int
                  (λ y →
                     (&&) ((λ ds → (/=) Int $fEqInt ds x) y)
                          ((λ ds → notMember Int $fOrdInt ds s) y))
                  xs))
Forcing obligation: filter-fusion

Goal:
  ∀ a p q ys.
  filter a p (filter a q ys) ≡ filter a (λ y → (&&) (p y) (q y)) ys
Successfully proven: filter-fusion

(:) Int x
    (nub' (filter Int
                  (λ y →
                     (&&) ((λ ds → (/=) Int $fEqInt ds x) y)
                          ((λ ds → notMember Int $fOrdInt ds s) y))
                  xs))
(:) Int x
    (nub' (filter Int
                  (λ y →
                     (&&) ((/=) Int $fEqInt y x) (notMember Int $fOrdInt y s))
                  xs))
(:) Int x
    (nub' (filter Int
                  (λ y → notMember Int $fOrdInt y (insert Int $fOrdInt x s))
                  xs))
Forcing obligation: member-fusion

Goal:
  ∀ a $dEq $dOrd y x s.
  (&&) ((/=) a $dEq y x) (notMember a $dOrd y s)
  ≡
  notMember a $dOrd y (insert a $dOrd x s)
Successfully proven: member-fusion

(:) Int x
    (nub' (filter Int
                  (λ y → notMember Int $fOrdInt y (insert Int $fOrdInt x s))
                  xs))
worker ∷ [Int] → Set Int → [Int]
worker = λ xs s →
  case xs of wild [Int]
    [] → [] Int
    (:) x xs →
      case notMember Int $fOrdInt x s of wild [Int]
        False → nub' (filter Int (λ ds → notMember Int $fOrdInt ds s) xs)
        True →
          (:) Int x
              (nub' (filter Int
                            (λ y →
                               notMember Int $fOrdInt y
                                         (insert Int $fOrdInt x s))
                            xs))
rec worker ∷ [Int] → Set Int → [Int]
    worker = λ xs s →
      case xs of wild [Int]
        [] → [] Int
        (:) x xs →
          case notMember Int $fOrdInt x s of wild [Int]
            False → nub' (filter Int (λ ds → notMember Int $fOrdInt ds s) xs)
            True →
              (:) Int x
                  (nub' (filter Int
                                (λ y →
                                   notMember Int $fOrdInt y
                                             (insert Int $fOrdInt x s))
                                xs))
rec worker ∷ [Int] → Set Int → [Int]
    worker = λ xs s →
      case xs of wild [Int]
        [] → [] Int
        (:) x xs →
          case notMember Int $fOrdInt x s of wild [Int]
            False → worker xs s
            True → (:) Int x (worker xs (insert Int $fOrdInt x s))
HERMIT> Warning: Lemma filter-fusion was assumed but not proven.

filter-fusion
  ∀ a p q ys.
  filter a p (filter a q ys) ≡ filter a (λ y → (&&) (p y) (q y)) ys
Warning: Lemma member-fusion was assumed but not proven.

member-fusion
  ∀ a $dEq $dOrd y x s.
  (&&) ((/=) a $dEq y x) (notMember a $dOrd y s)
  ≡
  notMember a $dOrd y (insert a $dOrd x s)
Warning: Lemma nub-assumption was assumed but not proven.

nub-assumption
  fix ([Int] → [Int])
      ((.) ([Int] → Set Int → [Int]) ([Int] → [Int]) ([Int] → [Int]) absN
           ((.) ([Int] → [Int]) ([Int] → Set Int → [Int]) ([Int] → [Int]) repN
                (λ nub ds →
                   case ds of wild [Int]
                     [] → [] Int
                     (:) x xs →
                       (:) Int x
                           (nub (filter Int (λ ds → (/=) Int $fEqInt ds x)
                                        xs)))))
  ≡
  fix ([Int] → [Int])
      (λ nub ds →
         case ds of wild [Int]
           [] → [] Int
           (:) x xs →
             (:) Int x (nub (filter Int (λ ds → (/=) Int $fEqInt ds x) xs)))
Leaving GHCi.
ghc: user interrupt
Linking Nub ...
[starting HERMIT-shell v0.1.0.0 on Nub.hs]
[starting HERMIT v1.0.0.0 on Nub.hs]
% ghc Nub.hs -fforce-recomp -O2 -dcore-lint -fsimple-list-literals -fexpose-all-unfoldings -fplugin=HERMIT.GHCI -fplugin-opt=HERMIT.GHCI:Main: -fplugin-opt=HERMIT.GHCI:Main:NubScript.hs -fplugin-opt=HERMIT.GHCI:Main:resume -w
