[1 of 1] Compiling Main             ( Nub.hs, Nub.o )

Nub.hs:26:11: Warning:
    Rule "filter-fusion" may never fire
      because ‘filter’ might inline first
    Probable fix: add an INLINE[n] or NOINLINE[n] pragma on ‘filter’

Nub.hs:27:11: Warning:
    Rule "member-fusion" may never fire because ‘&&’ might inline first
    Probable fix: add an INLINE[n] or NOINLINE[n] pragma on ‘&&’
Setting phasers to stun... (port 3000) (ctrl-c to quit)
GHCi, version 7.10.1: http://www.haskell.org/ghc/  :? for help
[94mmodule[0m[94m [0m[94mMain [0m[94mwhere[0m[94m
  [0m[mabsN[0m[m [0m[91m∷[0m[92m [0m[91m([0m[92m[[0m[92mInt[0m[92m][0m[92m [0m[91m→[0m[92m [0m[92mSet[0m[92m [0m[92mInt[0m[92m [0m[91m→[0m[92m [0m[92m[[0m[92mInt[0m[92m][0m[91m)[0m[91m [0m[91m→[0m[92m [0m[92m[[0m[92mInt[0m[92m][0m[92m [0m[91m→[0m[92m [0m[92m[[0m[92mInt[0m[92m][0m[92m
  [0m[mfilter[0m[m [0m[91m∷[0m[92m [0m[91m∀[0m[91m [0m[92ma[0m[92m [0m[91m.[0m[91m [0m[91m([0m[92ma[0m[92m [0m[91m→[0m[92m [0m[92mBool[0m[91m)[0m[91m [0m[91m→[0m[92m [0m[92m[[0m[92ma[0m[92m][0m[92m [0m[91m→[0m[92m [0m[92m[[0m[92ma[0m[92m][0m[92m
  [0m[mrepN[0m[m [0m[91m∷[0m[92m [0m[91m([0m[92m[[0m[92mInt[0m[92m][0m[92m [0m[91m→[0m[92m [0m[92m[[0m[92mInt[0m[92m][0m[91m)[0m[91m [0m[91m→[0m[92m [0m[92m[[0m[92mInt[0m[92m][0m[92m [0m[91m→[0m[92m [0m[92mSet[0m[92m [0m[92mInt[0m[92m [0m[91m→[0m[92m [0m[92m[[0m[92mInt[0m[92m][0m[92m
  [0m[m$dShow[0m[m [0m[91m∷[0m[92m [0m[92mShow[0m[92m [0m[92m[[0m[92mInt[0m[92m][0m[92m
  [0m[mnub[0m[m [0m[91m∷[0m[92m [0m[92m[[0m[92mInt[0m[92m][0m[92m [0m[91m→[0m[92m [0m[92m[[0m[92mInt[0m[92m][0m[92m
  [0m[mmain[0m[m [0m[91m∷[0m[92m [0m[92mIO[0m[92m [0m[92m([0m[92m)[0m[92m
  [0m[mmain[0m[m [0m[91m∷[0m[92m [0m[92mIO[0m[92m [0m[92m([0m[92m)[0m
[Done]

[1 of 1] Compiling NubScript        ( NubScript.hs, interpreted )
Ok, modules loaded: NubScript.
[94mmodule[0m[94m [0m[94mMain [0m[94mwhere[0m[94m
  [0m[mabsN[0m[m [0m[91m∷[0m[92m [0m[91m([0m[92m[[0m[92mInt[0m[92m][0m[92m [0m[91m→[0m[92m [0m[92mSet[0m[92m [0m[92mInt[0m[92m [0m[91m→[0m[92m [0m[92m[[0m[92mInt[0m[92m][0m[91m)[0m[91m [0m[91m→[0m[92m [0m[92m[[0m[92mInt[0m[92m][0m[92m [0m[91m→[0m[92m [0m[92m[[0m[92mInt[0m[92m][0m[92m
  [0m[mfilter[0m[m [0m[91m∷[0m[92m [0m[91m∀[0m[91m [0m[92ma[0m[92m [0m[91m.[0m[91m [0m[91m([0m[92ma[0m[92m [0m[91m→[0m[92m [0m[92mBool[0m[91m)[0m[91m [0m[91m→[0m[92m [0m[92m[[0m[92ma[0m[92m][0m[92m [0m[91m→[0m[92m [0m[92m[[0m[92ma[0m[92m][0m[92m
  [0m[mrepN[0m[m [0m[91m∷[0m[92m [0m[91m([0m[92m[[0m[92mInt[0m[92m][0m[92m [0m[91m→[0m[92m [0m[92m[[0m[92mInt[0m[92m][0m[91m)[0m[91m [0m[91m→[0m[92m [0m[92m[[0m[92mInt[0m[92m][0m[92m [0m[91m→[0m[92m [0m[92mSet[0m[92m [0m[92mInt[0m[92m [0m[91m→[0m[92m [0m[92m[[0m[92mInt[0m[92m][0m[92m
  [0m[m$dShow[0m[m [0m[91m∷[0m[92m [0m[92mShow[0m[92m [0m[92m[[0m[92mInt[0m[92m][0m[92m
  [0m[mnub[0m[m [0m[91m∷[0m[92m [0m[92m[[0m[92mInt[0m[92m][0m[92m [0m[91m→[0m[92m [0m[92m[[0m[92mInt[0m[92m][0m[92m
  [0m[mmain[0m[m [0m[91m∷[0m[92m [0m[92mIO[0m[92m [0m[92m([0m[92m)[0m[92m
  [0m[mmain[0m[m [0m[91m∷[0m[92m [0m[92mIO[0m[92m [0m[92m([0m[92m)[0m
[Done]

[94mmodule[0m[94m [0m[94mMain [0m[94mwhere[0m[94m
  [0m[mabsN[0m[m [0m[91m∷[0m[92m [0m[91m([0m[92m[[0m[92mInt[0m[92m][0m[92m [0m[91m→[0m[92m [0m[92mSet[0m[92m [0m[92mInt[0m[92m [0m[91m→[0m[92m [0m[92m[[0m[92mInt[0m[92m][0m[91m)[0m[91m [0m[91m→[0m[92m [0m[92m[[0m[92mInt[0m[92m][0m[92m [0m[91m→[0m[92m [0m[92m[[0m[92mInt[0m[92m][0m[92m
  [0m[mfilter[0m[m [0m[91m∷[0m[92m [0m[91m∀[0m[91m [0m[92ma[0m[92m [0m[91m.[0m[91m [0m[91m([0m[92ma[0m[92m [0m[91m→[0m[92m [0m[92mBool[0m[91m)[0m[91m [0m[91m→[0m[92m [0m[92m[[0m[92ma[0m[92m][0m[92m [0m[91m→[0m[92m [0m[92m[[0m[92ma[0m[92m][0m[92m
  [0m[mrepN[0m[m [0m[91m∷[0m[92m [0m[91m([0m[92m[[0m[92mInt[0m[92m][0m[92m [0m[91m→[0m[92m [0m[92m[[0m[92mInt[0m[92m][0m[91m)[0m[91m [0m[91m→[0m[92m [0m[92m[[0m[92mInt[0m[92m][0m[92m [0m[91m→[0m[92m [0m[92mSet[0m[92m [0m[92mInt[0m[92m [0m[91m→[0m[92m [0m[92m[[0m[92mInt[0m[92m][0m[92m
  [0m[m$dShow[0m[m [0m[91m∷[0m[92m [0m[92mShow[0m[92m [0m[92m[[0m[92mInt[0m[92m][0m[92m
  [0m[mnub[0m[m [0m[91m∷[0m[92m [0m[92m[[0m[92mInt[0m[92m][0m[92m [0m[91m→[0m[92m [0m[92m[[0m[92mInt[0m[92m][0m[92m
  [0m[mmain[0m[m [0m[91m∷[0m[92m [0m[92mIO[0m[92m [0m[92m([0m[92m)[0m[92m
  [0m[mmain[0m[m [0m[91m∷[0m[92m [0m[92mIO[0m[92m [0m[92m([0m[92m)[0m
[Done]

[mnub[0m[m [0m[91m∷[0m[92m [0m[92m[[0m[92mInt[0m[92m][0m[92m [0m[91m→[0m[92m [0m[92m[[0m[92mInt[0m[92m][0m[92m
[0m[mnub[0m[m [0m[91m=[0m[91m [0m[91mλ[0m[91m [0m[mds[0m[m [0m[91m→[0m[91m
  [0m[94mcase[0m[94m [0m[mds[0m[m [0m[94mof[0m[94m [0m[mwild[0m[m [0m[92m[[0m[92mInt[0m[92m][0m[92m
    [0m[m[][0m[m [0m[91m→[0m[91m [0m[m[][0m[m [0m[92mInt[0m[92m
    [0m[91m([0m[m:[0m[91m)[0m[91m [0m[mx[0m[m [0m[mxs[0m[m [0m[91m→[0m[91m
      [0m[91m([0m[m:[0m[91m)[0m[91m [0m[92mInt[0m[92m [0m[mx[0m[m [0m[91m([0m[mnub[0m[m [0m[91m([0m[mfilter[0m[m [0m[92mInt[0m[92m [0m[91m([0m[91mλ[0m[91m [0m[mds[0m[m [0m[91m→[0m[91m [0m[91m([0m[m/=[0m[91m)[0m[91m [0m[92mInt[0m[92m [0m[m$fEqInt[0m[m [0m[mds[0m[m [0m[mx[0m[91m)[0m[91m [0m[mxs[0m[91m)[0m[91m)[0m
[Done]

[mnub[0m[m [0m[91m∷[0m[92m [0m[92m[[0m[92mInt[0m[92m][0m[92m [0m[91m→[0m[92m [0m[92m[[0m[92mInt[0m[92m][0m[92m
[0m[mnub[0m[m [0m[91m=[0m[91m
  [0m[mfix[0m[m [0m[91m([0m[92m[[0m[92mInt[0m[92m][0m[92m [0m[91m→[0m[92m [0m[92m[[0m[92mInt[0m[92m][0m[91m)[0m[91m
      [0m[91m([0m[91mλ[0m[91m [0m[mnub[0m[m [0m[mds[0m[m [0m[91m→[0m[91m
         [0m[94mcase[0m[94m [0m[mds[0m[m [0m[94mof[0m[94m [0m[mwild[0m[m [0m[92m[[0m[92mInt[0m[92m][0m[92m
           [0m[m[][0m[m [0m[91m→[0m[91m [0m[m[][0m[m [0m[92mInt[0m[92m
           [0m[91m([0m[m:[0m[91m)[0m[91m [0m[mx[0m[m [0m[mxs[0m[m [0m[91m→[0m[91m
             [0m[91m([0m[m:[0m[91m)[0m[91m [0m[92mInt[0m[92m [0m[mx[0m[m [0m[91m([0m[mnub[0m[m [0m[91m([0m[mfilter[0m[m [0m[92mInt[0m[92m [0m[91m([0m[91mλ[0m[91m [0m[mds[0m[m [0m[91m→[0m[91m [0m[91m([0m[m/=[0m[91m)[0m[91m [0m[92mInt[0m[92m [0m[m$fEqInt[0m[m [0m[mds[0m[m [0m[mx[0m[91m)[0m[91m [0m[mxs[0m[91m)[0m[91m)[0m[91m)[0m
[Done]

[mfix[0m[m [0m[91m([0m[92m[[0m[92mInt[0m[92m][0m[92m [0m[91m→[0m[92m [0m[92m[[0m[92mInt[0m[92m][0m[91m)[0m[91m
    [0m[91m([0m[91mλ[0m[91m [0m[mnub[0m[m [0m[mds[0m[m [0m[91m→[0m[91m
       [0m[94mcase[0m[94m [0m[mds[0m[m [0m[94mof[0m[94m [0m[mwild[0m[m [0m[92m[[0m[92mInt[0m[92m][0m[92m
         [0m[m[][0m[m [0m[91m→[0m[91m [0m[m[][0m[m [0m[92mInt[0m[92m
         [0m[91m([0m[m:[0m[91m)[0m[91m [0m[mx[0m[m [0m[mxs[0m[m [0m[91m→[0m[91m
           [0m[91m([0m[m:[0m[91m)[0m[91m [0m[92mInt[0m[92m [0m[mx[0m[m [0m[91m([0m[mnub[0m[m [0m[91m([0m[mfilter[0m[m [0m[92mInt[0m[92m [0m[91m([0m[91mλ[0m[91m [0m[mds[0m[m [0m[91m→[0m[91m [0m[91m([0m[m/=[0m[91m)[0m[91m [0m[92mInt[0m[92m [0m[m$fEqInt[0m[m [0m[mds[0m[m [0m[mx[0m[91m)[0m[91m [0m[mxs[0m[91m)[0m[91m)[0m[91m)[0m
[Done]

[94mlet[0m[94m [0m[mworker[0m[m [0m[91m∷[0m[92m [0m[92m[[0m[92mInt[0m[92m][0m[92m [0m[91m→[0m[92m [0m[92mSet[0m[92m [0m[92mInt[0m[92m [0m[91m→[0m[92m [0m[92m[[0m[92mInt[0m[92m][0m[92m
    [0m[mworker[0m[m [0m[91m=[0m[91m
      [0m[mrepN[0m[m [0m[91m([0m[mfix[0m[m [0m[91m([0m[92m[[0m[92mInt[0m[92m][0m[92m [0m[91m→[0m[92m [0m[92m[[0m[92mInt[0m[92m][0m[91m)[0m[91m
                [0m[91m([0m[91mλ[0m[91m [0m[mnub[0m[m [0m[mds[0m[m [0m[91m→[0m[91m
                   [0m[94mcase[0m[94m [0m[mds[0m[m [0m[94mof[0m[94m [0m[mwild[0m[m [0m[92m[[0m[92mInt[0m[92m][0m[92m
                     [0m[m[][0m[m [0m[91m→[0m[91m [0m[m[][0m[m [0m[92mInt[0m[92m
                     [0m[91m([0m[m:[0m[91m)[0m[91m [0m[mx[0m[m [0m[mxs[0m[m [0m[91m→[0m[91m
                       [0m[91m([0m[m:[0m[91m)[0m[91m [0m[92mInt[0m[92m [0m[mx[0m[m
                           [0m[91m([0m[mnub[0m[m [0m[91m([0m[mfilter[0m[m [0m[92mInt[0m[92m [0m[91m([0m[91mλ[0m[91m [0m[mds[0m[m [0m[91m→[0m[91m [0m[91m([0m[m/=[0m[91m)[0m[91m [0m[92mInt[0m[92m [0m[m$fEqInt[0m[m [0m[mds[0m[m [0m[mx[0m[91m)[0m[91m
                                        [0m[mxs[0m[91m)[0m[91m)[0m[91m)[0m[91m)[0m[91m
[0m[94min[0m[94m [0m[mabsN[0m[m [0m[mworker[0m
[Done]

Forcing obligation: nub-assumption
Goal:
  [mfix[0m[m [0m[91m([0m[92m[[0m[92mInt[0m[92m][0m[92m [0m[91m→[0m[92m [0m[92m[[0m[92mInt[0m[92m][0m[91m)[0m[91m
      [0m[91m([0m[91m([0m[m.[0m[91m)[0m[91m [0m[91m([0m[92m[[0m[92mInt[0m[92m][0m[92m [0m[91m→[0m[92m [0m[92mSet[0m[92m [0m[92mInt[0m[92m [0m[91m→[0m[92m [0m[92m[[0m[92mInt[0m[92m][0m[91m)[0m[91m [0m[91m([0m[92m[[0m[92mInt[0m[92m][0m[92m [0m[91m→[0m[92m [0m[92m[[0m[92mInt[0m[92m][0m[91m)[0m[91m [0m[91m([0m[92m[[0m[92mInt[0m[92m][0m[92m [0m[91m→[0m[92m [0m[92m[[0m[92mInt[0m[92m][0m[91m)[0m[91m [0m[mabsN[0m[m
           [0m[91m([0m[91m([0m[m.[0m[91m)[0m[91m [0m[91m([0m[92m[[0m[92mInt[0m[92m][0m[92m [0m[91m→[0m[92m [0m[92m[[0m[92mInt[0m[92m][0m[91m)[0m[91m [0m[91m([0m[92m[[0m[92mInt[0m[92m][0m[92m [0m[91m→[0m[92m [0m[92mSet[0m[92m [0m[92mInt[0m[92m [0m[91m→[0m[92m [0m[92m[[0m[92mInt[0m[92m][0m[91m)[0m[91m [0m[91m([0m[92m[[0m[92mInt[0m[92m][0m[92m [0m[91m→[0m[92m [0m[92m[[0m[92mInt[0m[92m][0m[91m)[0m[91m [0m[mrepN[0m[m
                [0m[91m([0m[91mλ[0m[91m [0m[mnub[0m[m [0m[mds[0m[m [0m[91m→[0m[91m
                   [0m[94mcase[0m[94m [0m[mds[0m[m [0m[94mof[0m[94m [0m[mwild[0m[m [0m[92m[[0m[92mInt[0m[92m][0m[92m
                     [0m[m[][0m[m [0m[91m→[0m[91m [0m[m[][0m[m [0m[92mInt[0m[92m
                     [0m[91m([0m[m:[0m[91m)[0m[91m [0m[mx[0m[m [0m[mxs[0m[m [0m[91m→[0m[91m
                       [0m[91m([0m[m:[0m[91m)[0m[91m [0m[92mInt[0m[92m [0m[mx[0m[m
                           [0m[91m([0m[mnub[0m[m [0m[91m([0m[mfilter[0m[m [0m[92mInt[0m[92m [0m[91m([0m[91mλ[0m[91m [0m[mds[0m[m [0m[91m→[0m[91m [0m[91m([0m[m/=[0m[91m)[0m[91m [0m[92mInt[0m[92m [0m[m$fEqInt[0m[m [0m[mds[0m[m [0m[mx[0m[91m)[0m[91m
                                        [0m[mxs[0m[91m)[0m[91m)[0m[91m)[0m[91m)[0m[91m)[0m[91m
  [0m[91m≡[0m[91m
  [0m[mfix[0m[m [0m[91m([0m[92m[[0m[92mInt[0m[92m][0m[92m [0m[91m→[0m[92m [0m[92m[[0m[92mInt[0m[92m][0m[91m)[0m[91m
      [0m[91m([0m[91mλ[0m[91m [0m[mnub[0m[m [0m[mds[0m[m [0m[91m→[0m[91m
         [0m[94mcase[0m[94m [0m[mds[0m[m [0m[94mof[0m[94m [0m[mwild[0m[m [0m[92m[[0m[92mInt[0m[92m][0m[92m
           [0m[m[][0m[m [0m[91m→[0m[91m [0m[m[][0m[m [0m[92mInt[0m[92m
           [0m[91m([0m[m:[0m[91m)[0m[91m [0m[mx[0m[m [0m[mxs[0m[m [0m[91m→[0m[91m
             [0m[91m([0m[m:[0m[91m)[0m[91m [0m[92mInt[0m[92m [0m[mx[0m[m [0m[91m([0m[mnub[0m[m [0m[91m([0m[mfilter[0m[m [0m[92mInt[0m[92m [0m[91m([0m[91mλ[0m[91m [0m[mds[0m[m [0m[91m→[0m[91m [0m[91m([0m[m/=[0m[91m)[0m[91m [0m[92mInt[0m[92m [0m[m$fEqInt[0m[m [0m[mds[0m[m [0m[mx[0m[91m)[0m[91m [0m[mxs[0m[91m)[0m[91m)[0m[91m)[0mSuccessfully proven: nub-assumption
[94mlet[0m[94m [0m[mworker[0m[m [0m[91m∷[0m[92m [0m[92m[[0m[92mInt[0m[92m][0m[92m [0m[91m→[0m[92m [0m[92mSet[0m[92m [0m[92mInt[0m[92m [0m[91m→[0m[92m [0m[92m[[0m[92mInt[0m[92m][0m[92m
    [0m[mworker[0m[m [0m[91m=[0m[91m
      [0m[mrepN[0m[m [0m[91m([0m[mfix[0m[m [0m[91m([0m[92m[[0m[92mInt[0m[92m][0m[92m [0m[91m→[0m[92m [0m[92m[[0m[92mInt[0m[92m][0m[91m)[0m[91m
                [0m[91m([0m[91mλ[0m[91m [0m[mnub[0m[m [0m[mds[0m[m [0m[91m→[0m[91m
                   [0m[94mcase[0m[94m [0m[mds[0m[m [0m[94mof[0m[94m [0m[mwild[0m[m [0m[92m[[0m[92mInt[0m[92m][0m[92m
                     [0m[m[][0m[m [0m[91m→[0m[91m [0m[m[][0m[m [0m[92mInt[0m[92m
                     [0m[91m([0m[m:[0m[91m)[0m[91m [0m[mx[0m[m [0m[mxs[0m[m [0m[91m→[0m[91m
                       [0m[91m([0m[m:[0m[91m)[0m[91m [0m[92mInt[0m[92m [0m[mx[0m[m
                           [0m[91m([0m[mnub[0m[m [0m[91m([0m[mfilter[0m[m [0m[92mInt[0m[92m [0m[91m([0m[91mλ[0m[91m [0m[mds[0m[m [0m[91m→[0m[91m [0m[91m([0m[m/=[0m[91m)[0m[91m [0m[92mInt[0m[92m [0m[m$fEqInt[0m[m [0m[mds[0m[m [0m[mx[0m[91m)[0m[91m
                                        [0m[mxs[0m[91m)[0m[91m)[0m[91m)[0m[91m)[0m[91m
[0m[94min[0m[94m [0m[mabsN[0m[m [0m[mworker[0m
[Done]

[94mlet[0m[94m [0m[mworker[0m[m [0m[91m∷[0m[92m [0m[92m[[0m[92mInt[0m[92m][0m[92m [0m[91m→[0m[92m [0m[92mSet[0m[92m [0m[92mInt[0m[92m [0m[91m→[0m[92m [0m[92m[[0m[92mInt[0m[92m][0m[92m
    [0m[mworker[0m[m [0m[91m=[0m[91m
      [0m[mrepN[0m[m [0m[91m([0m[mfix[0m[m [0m[91m([0m[92m[[0m[92mInt[0m[92m][0m[92m [0m[91m→[0m[92m [0m[92m[[0m[92mInt[0m[92m][0m[91m)[0m[91m
                [0m[91m([0m[91mλ[0m[91m [0m[mnub[0m[m [0m[mds[0m[m [0m[91m→[0m[91m
                   [0m[94mcase[0m[94m [0m[mds[0m[m [0m[94mof[0m[94m [0m[mwild[0m[m [0m[92m[[0m[92mInt[0m[92m][0m[92m
                     [0m[m[][0m[m [0m[91m→[0m[91m [0m[m[][0m[m [0m[92mInt[0m[92m
                     [0m[91m([0m[m:[0m[91m)[0m[91m [0m[mx[0m[m [0m[mxs[0m[m [0m[91m→[0m[91m
                       [0m[91m([0m[m:[0m[91m)[0m[91m [0m[92mInt[0m[92m [0m[mx[0m[m
                           [0m[91m([0m[mnub[0m[m [0m[91m([0m[mfilter[0m[m [0m[92mInt[0m[92m [0m[91m([0m[91mλ[0m[91m [0m[mds[0m[m [0m[91m→[0m[91m [0m[91m([0m[m/=[0m[91m)[0m[91m [0m[92mInt[0m[92m [0m[m$fEqInt[0m[m [0m[mds[0m[m [0m[mx[0m[91m)[0m[91m
                                        [0m[mxs[0m[91m)[0m[91m)[0m[91m)[0m[91m)[0m[91m
[0m[94min[0m[94m [0m[mabsN[0m[m [0m[mworker[0m
[Done]

[mrepN[0m[m [0m[91m([0m[mfix[0m[m [0m[91m([0m[92m[[0m[92mInt[0m[92m][0m[92m [0m[91m→[0m[92m [0m[92m[[0m[92mInt[0m[92m][0m[91m)[0m[91m
          [0m[91m([0m[91mλ[0m[91m [0m[mnub[0m[m [0m[mds[0m[m [0m[91m→[0m[91m
             [0m[94mcase[0m[94m [0m[mds[0m[m [0m[94mof[0m[94m [0m[mwild[0m[m [0m[92m[[0m[92mInt[0m[92m][0m[92m
               [0m[m[][0m[m [0m[91m→[0m[91m [0m[m[][0m[m [0m[92mInt[0m[92m
               [0m[91m([0m[m:[0m[91m)[0m[91m [0m[mx[0m[m [0m[mxs[0m[m [0m[91m→[0m[91m
                 [0m[91m([0m[m:[0m[91m)[0m[91m [0m[92mInt[0m[92m [0m[mx[0m[m
                     [0m[91m([0m[mnub[0m[m [0m[91m([0m[mfilter[0m[m [0m[92mInt[0m[92m [0m[91m([0m[91mλ[0m[91m [0m[mds[0m[m [0m[91m→[0m[91m [0m[91m([0m[m/=[0m[91m)[0m[91m [0m[92mInt[0m[92m [0m[m$fEqInt[0m[m [0m[mds[0m[m [0m[mx[0m[91m)[0m[91m [0m[mxs[0m[91m)[0m[91m)[0m[91m)[0m[91m)[0m
[Done]

[mfix[0m[m [0m[91m([0m[92m[[0m[92mInt[0m[92m][0m[92m [0m[91m→[0m[92m [0m[92m[[0m[92mInt[0m[92m][0m[91m)[0m[91m
    [0m[91m([0m[91mλ[0m[91m [0m[mnub[0m[m [0m[mds[0m[m [0m[91m→[0m[91m
       [0m[94mcase[0m[94m [0m[mds[0m[m [0m[94mof[0m[94m [0m[mwild[0m[m [0m[92m[[0m[92mInt[0m[92m][0m[92m
         [0m[m[][0m[m [0m[91m→[0m[91m [0m[m[][0m[m [0m[92mInt[0m[92m
         [0m[91m([0m[m:[0m[91m)[0m[91m [0m[mx[0m[m [0m[mxs[0m[m [0m[91m→[0m[91m
           [0m[91m([0m[m:[0m[91m)[0m[91m [0m[92mInt[0m[92m [0m[mx[0m[m [0m[91m([0m[mnub[0m[m [0m[91m([0m[mfilter[0m[m [0m[92mInt[0m[92m [0m[91m([0m[91mλ[0m[91m [0m[mds[0m[m [0m[91m→[0m[91m [0m[91m([0m[m/=[0m[91m)[0m[91m [0m[92mInt[0m[92m [0m[m$fEqInt[0m[m [0m[mds[0m[m [0m[mx[0m[91m)[0m[91m [0m[mxs[0m[91m)[0m[91m)[0m[91m)[0m
[Done]

[94mlet[0m[94m [0m[mnub[0m[m [0m[91m∷[0m[92m [0m[92m[[0m[92mInt[0m[92m][0m[92m [0m[91m→[0m[92m [0m[92m[[0m[92mInt[0m[92m][0m[92m
    [0m[mnub[0m[m [0m[91m=[0m[91m
      [0m[mfix[0m[m [0m[91m([0m[92m[[0m[92mInt[0m[92m][0m[92m [0m[91m→[0m[92m [0m[92m[[0m[92mInt[0m[92m][0m[91m)[0m[91m
          [0m[91m([0m[91mλ[0m[91m [0m[mnub[0m[m [0m[mds[0m[m [0m[91m→[0m[91m
             [0m[94mcase[0m[94m [0m[mds[0m[m [0m[94mof[0m[94m [0m[mwild[0m[m [0m[92m[[0m[92mInt[0m[92m][0m[92m
               [0m[m[][0m[m [0m[91m→[0m[91m [0m[m[][0m[m [0m[92mInt[0m[92m
               [0m[91m([0m[m:[0m[91m)[0m[91m [0m[mx[0m[m [0m[mxs[0m[m [0m[91m→[0m[91m
                 [0m[91m([0m[m:[0m[91m)[0m[91m [0m[92mInt[0m[92m [0m[mx[0m[m [0m[91m([0m[mnub[0m[m [0m[91m([0m[mfilter[0m[m [0m[92mInt[0m[92m [0m[91m([0m[91mλ[0m[91m [0m[mds[0m[m [0m[91m→[0m[91m [0m[91m([0m[m/=[0m[91m)[0m[91m [0m[92mInt[0m[92m [0m[m$fEqInt[0m[m [0m[mds[0m[m [0m[mx[0m[91m)[0m[91m [0m[mxs[0m[91m)[0m[91m)[0m[91m)[0m[91m
[0m[94min[0m[94m [0m[mnub[0m
[Done]

[94mlet[0m[94m [0m[mnub[0m[m [0m[91m∷[0m[92m [0m[92m[[0m[92mInt[0m[92m][0m[92m [0m[91m→[0m[92m [0m[92m[[0m[92mInt[0m[92m][0m[92m
    [0m[mnub[0m[m [0m[91m=[0m[91m
      [0m[94mlet[0m[94m [0m[94mrec[0m[94m [0m[mx[0m[m [0m[91m∷[0m[92m [0m[92m[[0m[92mInt[0m[92m][0m[92m [0m[91m→[0m[92m [0m[92m[[0m[92mInt[0m[92m][0m[92m
              [0m[mx[0m[m [0m[91m=[0m[91m
                [0m[91m([0m[91mλ[0m[91m [0m[mnub[0m[m [0m[mds[0m[m [0m[91m→[0m[91m
                   [0m[94mcase[0m[94m [0m[mds[0m[m [0m[94mof[0m[94m [0m[mwild[0m[m [0m[92m[[0m[92mInt[0m[92m][0m[92m
                     [0m[m[][0m[m [0m[91m→[0m[91m [0m[m[][0m[m [0m[92mInt[0m[92m
                     [0m[91m([0m[m:[0m[91m)[0m[91m [0m[mx[0m[m [0m[mxs[0m[m [0m[91m→[0m[91m
                       [0m[91m([0m[m:[0m[91m)[0m[91m [0m[92mInt[0m[92m [0m[mx[0m[m
                           [0m[91m([0m[mnub[0m[m [0m[91m([0m[mfilter[0m[m [0m[92mInt[0m[92m [0m[91m([0m[91mλ[0m[91m [0m[mds[0m[m [0m[91m→[0m[91m [0m[91m([0m[m/=[0m[91m)[0m[91m [0m[92mInt[0m[92m [0m[m$fEqInt[0m[m [0m[mds[0m[m [0m[mx[0m[91m)[0m[91m
                                        [0m[mxs[0m[91m)[0m[91m)[0m[91m)[0m[91m [0m[mx[0m[m
      [0m[94min[0m[94m [0m[mx[0m[m
[0m[94min[0m[94m [0m[mnub[0m
[Done]

[94mlet[0m[94m [0m[94mrec[0m[94m [0m[mx[0m[m [0m[91m∷[0m[92m [0m[92m[[0m[92mInt[0m[92m][0m[92m [0m[91m→[0m[92m [0m[92m[[0m[92mInt[0m[92m][0m[92m
        [0m[mx[0m[m [0m[91m=[0m[91m [0m[91mλ[0m[91m [0m[mds[0m[m [0m[91m→[0m[91m
          [0m[94mcase[0m[94m [0m[mds[0m[m [0m[94mof[0m[94m [0m[mwild[0m[m [0m[92m[[0m[92mInt[0m[92m][0m[92m
            [0m[m[][0m[m [0m[91m→[0m[91m [0m[m[][0m[m [0m[92mInt[0m[92m
            [0m[91m([0m[m:[0m[91m)[0m[91m [0m[mx[0m[m [0m[mxs[0m[m [0m[91m→[0m[91m
              [0m[91m([0m[m:[0m[91m)[0m[91m [0m[92mInt[0m[92m [0m[mx[0m[m [0m[91m([0m[mx[0m[m [0m[91m([0m[mfilter[0m[m [0m[92mInt[0m[92m [0m[91m([0m[91mλ[0m[91m [0m[mds[0m[m [0m[91m→[0m[91m [0m[91m([0m[m/=[0m[91m)[0m[91m [0m[92mInt[0m[92m [0m[m$fEqInt[0m[m [0m[mds[0m[m [0m[mx[0m[91m)[0m[91m [0m[mxs[0m[91m)[0m[91m)[0m[91m
[0m[94min[0m[94m [0m[mx[0m
[Done]

[94mlet[0m[94m [0m[mworker[0m[m [0m[91m∷[0m[92m [0m[92m[[0m[92mInt[0m[92m][0m[92m [0m[91m→[0m[92m [0m[92mSet[0m[92m [0m[92mInt[0m[92m [0m[91m→[0m[92m [0m[92m[[0m[92mInt[0m[92m][0m[92m
    [0m[mworker[0m[m [0m[91m=[0m[91m
      [0m[mrepN[0m[m [0m[91m([0m[94mlet[0m[94m [0m[94mrec[0m[94m [0m[mx[0m[m [0m[91m∷[0m[92m [0m[92m[[0m[92mInt[0m[92m][0m[92m [0m[91m→[0m[92m [0m[92m[[0m[92mInt[0m[92m][0m[92m
                    [0m[mx[0m[m [0m[91m=[0m[91m [0m[91mλ[0m[91m [0m[mds[0m[m [0m[91m→[0m[91m
                      [0m[94mcase[0m[94m [0m[mds[0m[m [0m[94mof[0m[94m [0m[mwild[0m[m [0m[92m[[0m[92mInt[0m[92m][0m[92m
                        [0m[m[][0m[m [0m[91m→[0m[91m [0m[m[][0m[m [0m[92mInt[0m[92m
                        [0m[91m([0m[m:[0m[91m)[0m[91m [0m[mx[0m[m [0m[mxs[0m[m [0m[91m→[0m[91m
                          [0m[91m([0m[m:[0m[91m)[0m[91m [0m[92mInt[0m[92m [0m[mx[0m[m
                              [0m[91m([0m[mx[0m[m [0m[91m([0m[mfilter[0m[m [0m[92mInt[0m[92m [0m[91m([0m[91mλ[0m[91m [0m[mds[0m[m [0m[91m→[0m[91m [0m[91m([0m[m/=[0m[91m)[0m[91m [0m[92mInt[0m[92m [0m[m$fEqInt[0m[m [0m[mds[0m[m [0m[mx[0m[91m)[0m[91m [0m[mxs[0m[91m)[0m[91m)[0m[91m
            [0m[94min[0m[94m [0m[mx[0m[91m)[0m[91m
[0m[94min[0m[94m [0m[mabsN[0m[m [0m[mworker[0m
[Done]

[94mlet[0m[94m [0m[94mrec[0m[94m [0m[mx[0m[m [0m[91m∷[0m[92m [0m[92m[[0m[92mInt[0m[92m][0m[92m [0m[91m→[0m[92m [0m[92m[[0m[92mInt[0m[92m][0m[92m
        [0m[mx[0m[m [0m[91m=[0m[91m [0m[91mλ[0m[91m [0m[mds[0m[m [0m[91m→[0m[91m
          [0m[94mcase[0m[94m [0m[mds[0m[m [0m[94mof[0m[94m [0m[mwild[0m[m [0m[92m[[0m[92mInt[0m[92m][0m[92m
            [0m[m[][0m[m [0m[91m→[0m[91m [0m[m[][0m[m [0m[92mInt[0m[92m
            [0m[91m([0m[m:[0m[91m)[0m[91m [0m[mx[0m[m [0m[mxs[0m[m [0m[91m→[0m[91m
              [0m[91m([0m[m:[0m[91m)[0m[91m [0m[92mInt[0m[92m [0m[mx[0m[m [0m[91m([0m[mx[0m[m [0m[91m([0m[mfilter[0m[m [0m[92mInt[0m[92m [0m[91m([0m[91mλ[0m[91m [0m[mds[0m[m [0m[91m→[0m[91m [0m[91m([0m[m/=[0m[91m)[0m[91m [0m[92mInt[0m[92m [0m[m$fEqInt[0m[m [0m[mds[0m[m [0m[mx[0m[91m)[0m[91m [0m[mxs[0m[91m)[0m[91m)[0m[91m
    [0m[mworker[0m[m [0m[91m∷[0m[92m [0m[92m[[0m[92mInt[0m[92m][0m[92m [0m[91m→[0m[92m [0m[92mSet[0m[92m [0m[92mInt[0m[92m [0m[91m→[0m[92m [0m[92m[[0m[92mInt[0m[92m][0m[92m
    [0m[mworker[0m[m [0m[91m=[0m[91m [0m[mrepN[0m[m [0m[mx[0m[m
[0m[94min[0m[94m [0m[mabsN[0m[m [0m[mworker[0m
[Done]

[94mlet[0m[94m [0m[94mrec[0m[94m [0m[mnub'[0m[m [0m[91m∷[0m[92m [0m[92m[[0m[92mInt[0m[92m][0m[92m [0m[91m→[0m[92m [0m[92m[[0m[92mInt[0m[92m][0m[92m
        [0m[mnub'[0m[m [0m[91m=[0m[91m [0m[91mλ[0m[91m [0m[mds[0m[m [0m[91m→[0m[91m
          [0m[94mcase[0m[94m [0m[mds[0m[m [0m[94mof[0m[94m [0m[mwild[0m[m [0m[92m[[0m[92mInt[0m[92m][0m[92m
            [0m[m[][0m[m [0m[91m→[0m[91m [0m[m[][0m[m [0m[92mInt[0m[92m
            [0m[91m([0m[m:[0m[91m)[0m[91m [0m[mx[0m[m [0m[mxs[0m[m [0m[91m→[0m[91m
              [0m[91m([0m[m:[0m[91m)[0m[91m [0m[92mInt[0m[92m [0m[mx[0m[m [0m[91m([0m[mnub'[0m[m [0m[91m([0m[mfilter[0m[m [0m[92mInt[0m[92m [0m[91m([0m[91mλ[0m[91m [0m[mds[0m[m [0m[91m→[0m[91m [0m[91m([0m[m/=[0m[91m)[0m[91m [0m[92mInt[0m[92m [0m[m$fEqInt[0m[m [0m[mds[0m[m [0m[mx[0m[91m)[0m[91m [0m[mxs[0m[91m)[0m[91m)[0m[91m
    [0m[mworker[0m[m [0m[91m∷[0m[92m [0m[92m[[0m[92mInt[0m[92m][0m[92m [0m[91m→[0m[92m [0m[92mSet[0m[92m [0m[92mInt[0m[92m [0m[91m→[0m[92m [0m[92m[[0m[92mInt[0m[92m][0m[92m
    [0m[mworker[0m[m [0m[91m=[0m[91m [0m[mrepN[0m[m [0m[mnub'[0m[m
[0m[94min[0m[94m [0m[mabsN[0m[m [0m[mworker[0m
[Done]

[mworker[0m[m [0m[91m∷[0m[92m [0m[92m[[0m[92mInt[0m[92m][0m[92m [0m[91m→[0m[92m [0m[92mSet[0m[92m [0m[92mInt[0m[92m [0m[91m→[0m[92m [0m[92m[[0m[92mInt[0m[92m][0m[92m
[0m[mworker[0m[m [0m[91m=[0m[91m [0m[mrepN[0m[m [0m[mnub'[0m
[Done]

[mworker[0m[m [0m[91m∷[0m[92m [0m[92m[[0m[92mInt[0m[92m][0m[92m [0m[91m→[0m[92m [0m[92mSet[0m[92m [0m[92mInt[0m[92m [0m[91m→[0m[92m [0m[92m[[0m[92mInt[0m[92m][0m[92m
[0m[mworker[0m[m [0m[91m=[0m[91m [0m[91mλ[0m[91m [0m[mxs[0m[m [0m[ms[0m[m [0m[91m→[0m[91m
  [0m[mnub'[0m[m [0m[91m([0m[mfilter[0m[m [0m[92mInt[0m[92m [0m[91m([0m[91mλ[0m[91m [0m[mds[0m[m [0m[91m→[0m[91m [0m[mnotMember[0m[m [0m[92mInt[0m[92m [0m[m$fOrdInt[0m[m [0m[mds[0m[m [0m[ms[0m[91m)[0m[91m [0m[mxs[0m[91m)[0m
[Done]

parsed fine
'"Object (fromList [(\"params\",Array (fromList [Object (fromList [(\"params\",Array (fromList [String \"origworker\"])),(\"method\",String \"remember\")])])),(\"method\",String \"query\")])" [correct]

[Done]

[mworker[0m[m [0m[91m∷[0m[92m [0m[92m[[0m[92mInt[0m[92m][0m[92m [0m[91m→[0m[92m [0m[92mSet[0m[92m [0m[92mInt[0m[92m [0m[91m→[0m[92m [0m[92m[[0m[92mInt[0m[92m][0m[92m
[0m[mworker[0m[m [0m[91m=[0m[91m [0m[91mλ[0m[91m [0m[mxs[0m[m [0m[ms[0m[m [0m[91m→[0m[91m
  [0m[mnub'[0m[m [0m[91m([0m[94mcase[0m[94m [0m[mxs[0m[m [0m[94mof[0m[94m [0m[mwild[0m[m [0m[92m[[0m[92mInt[0m[92m][0m[92m
          [0m[m[][0m[m [0m[91m→[0m[91m [0m[m[][0m[m [0m[92mInt[0m[92m
          [0m[91m([0m[m:[0m[91m)[0m[91m [0m[mx[0m[m [0m[mxs[0m[m [0m[91m→[0m[91m
            [0m[94mcase[0m[94m [0m[91m([0m[91mλ[0m[91m [0m[mds[0m[m [0m[91m→[0m[91m [0m[mnotMember[0m[m [0m[92mInt[0m[92m [0m[m$fOrdInt[0m[m [0m[mds[0m[m [0m[ms[0m[91m)[0m[91m [0m[mx[0m[m [0m[94mof[0m[94m [0m[mwild[0m[m [0m[92m[[0m[92mInt[0m[92m][0m[92m
              [0m[mFalse[0m[m [0m[91m→[0m[91m [0m[mfilter[0m[m [0m[92mInt[0m[92m [0m[91m([0m[91mλ[0m[91m [0m[mds[0m[m [0m[91m→[0m[91m [0m[mnotMember[0m[m [0m[92mInt[0m[92m [0m[m$fOrdInt[0m[m [0m[mds[0m[m [0m[ms[0m[91m)[0m[91m [0m[mxs[0m[m
              [0m[mTrue[0m[m [0m[91m→[0m[91m
                [0m[91m([0m[m:[0m[91m)[0m[91m [0m[92mInt[0m[92m [0m[mx[0m[m [0m[91m([0m[mfilter[0m[m [0m[92mInt[0m[92m [0m[91m([0m[91mλ[0m[91m [0m[mds[0m[m [0m[91m→[0m[91m [0m[mnotMember[0m[m [0m[92mInt[0m[92m [0m[m$fOrdInt[0m[m [0m[mds[0m[m [0m[ms[0m[91m)[0m[91m [0m[mxs[0m[91m)[0m[91m)[0m
[Done]

*** Exception: failed to parse result value: Null : Object not returned from Server
HERMIT> Warning: Lemma nub-assumption was assumed but not proven.
nub-assumption
  [mfix[0m[m [0m[91m([0m[92m[[0m[92mInt[0m[92m][0m[92m [0m[91m→[0m[92m [0m[92m[[0m[92mInt[0m[92m][0m[91m)[0m[91m
      [0m[91m([0m[91m([0m[m.[0m[91m)[0m[91m [0m[91m([0m[92m[[0m[92mInt[0m[92m][0m[92m [0m[91m→[0m[92m [0m[92mSet[0m[92m [0m[92mInt[0m[92m [0m[91m→[0m[92m [0m[92m[[0m[92mInt[0m[92m][0m[91m)[0m[91m [0m[91m([0m[92m[[0m[92mInt[0m[92m][0m[92m [0m[91m→[0m[92m [0m[92m[[0m[92mInt[0m[92m][0m[91m)[0m[91m [0m[91m([0m[92m[[0m[92mInt[0m[92m][0m[92m [0m[91m→[0m[92m [0m[92m[[0m[92mInt[0m[92m][0m[91m)[0m[91m [0m[mabsN[0m[m
           [0m[91m([0m[91m([0m[m.[0m[91m)[0m[91m [0m[91m([0m[92m[[0m[92mInt[0m[92m][0m[92m [0m[91m→[0m[92m [0m[92m[[0m[92mInt[0m[92m][0m[91m)[0m[91m [0m[91m([0m[92m[[0m[92mInt[0m[92m][0m[92m [0m[91m→[0m[92m [0m[92mSet[0m[92m [0m[92mInt[0m[92m [0m[91m→[0m[92m [0m[92m[[0m[92mInt[0m[92m][0m[91m)[0m[91m [0m[91m([0m[92m[[0m[92mInt[0m[92m][0m[92m [0m[91m→[0m[92m [0m[92m[[0m[92mInt[0m[92m][0m[91m)[0m[91m [0m[mrepN[0m[m
                [0m[91m([0m[91mλ[0m[91m [0m[mnub[0m[m [0m[mds[0m[m [0m[91m→[0m[91m
                   [0m[94mcase[0m[94m [0m[mds[0m[m [0m[94mof[0m[94m [0m[mwild[0m[m [0m[92m[[0m[92mInt[0m[92m][0m[92m
                     [0m[m[][0m[m [0m[91m→[0m[91m [0m[m[][0m[m [0m[92mInt[0m[92m
                     [0m[91m([0m[m:[0m[91m)[0m[91m [0m[mx[0m[m [0m[mxs[0m[m [0m[91m→[0m[91m
                       [0m[91m([0m[m:[0m[91m)[0m[91m [0m[92mInt[0m[92m [0m[mx[0m[m
                           [0m[91m([0m[mnub[0m[m [0m[91m([0m[mfilter[0m[m [0m[92mInt[0m[92m [0m[91m([0m[91mλ[0m[91m [0m[mds[0m[m [0m[91m→[0m[91m [0m[91m([0m[m/=[0m[91m)[0m[91m [0m[92mInt[0m[92m [0m[m$fEqInt[0m[m [0m[mds[0m[m [0m[mx[0m[91m)[0m[91m
                                        [0m[mxs[0m[91m)[0m[91m)[0m[91m)[0m[91m)[0m[91m)[0m[91m
  [0m[91m≡[0m[91m
  [0m[mfix[0m[m [0m[91m([0m[92m[[0m[92mInt[0m[92m][0m[92m [0m[91m→[0m[92m [0m[92m[[0m[92mInt[0m[92m][0m[91m)[0m[91m
      [0m[91m([0m[91mλ[0m[91m [0m[mnub[0m[m [0m[mds[0m[m [0m[91m→[0m[91m
         [0m[94mcase[0m[94m [0m[mds[0m[m [0m[94mof[0m[94m [0m[mwild[0m[m [0m[92m[[0m[92mInt[0m[92m][0m[92m
           [0m[m[][0m[m [0m[91m→[0m[91m [0m[m[][0m[m [0m[92mInt[0m[92m
           [0m[91m([0m[m:[0m[91m)[0m[91m [0m[mx[0m[m [0m[mxs[0m[m [0m[91m→[0m[91m
             [0m[91m([0m[m:[0m[91m)[0m[91m [0m[92mInt[0m[92m [0m[mx[0m[m [0m[91m([0m[mnub[0m[m [0m[91m([0m[mfilter[0m[m [0m[92mInt[0m[92m [0m[91m([0m[91mλ[0m[91m [0m[mds[0m[m [0m[91m→[0m[91m [0m[91m([0m[m/=[0m[91m)[0m[91m [0m[92mInt[0m[92m [0m[m$fEqInt[0m[m [0m[mds[0m[m [0m[mx[0m[91m)[0m[91m [0m[mxs[0m[91m)[0m[91m)[0m[91m)[0m
[Done]

Leaving GHCi.
ghc: user interrupt
Linking Nub ...
[starting HERMIT-shell v0.1.0.0 on Nub.hs]
[starting HERMIT v1.0.0.0 on Nub.hs]
% ghc Nub.hs -fforce-recomp -O2 -dcore-lint -fsimple-list-literals -fexpose-all-unfoldings -fplugin=HERMIT.GHCI -fplugin-opt=HERMIT.GHCI:Main: -fplugin-opt=HERMIT.GHCI:Main:NubScript.hs -fplugin-opt=HERMIT.GHCI:Main:resume
